2026-03-10 05:56:03,513 [INFO] 디바이스 연결 확인: RF9R7042F3K (Samsung Galaxy A32)
2026-03-10 05:56:05,140 [INFO]   화면 상시 켜짐 + 30분 타임아웃 설정
2026-03-10 05:56:05,233 [INFO] 틱톡 URL 보유: 173개
2026-03-10 05:56:05,234 [INFO] 실패 그룹 재크롤링: ['8TURN', 'ALL(H)OURS', 'CRAVITY', 'MIRAE', 'UNIS']
2026-03-10 05:56:05,234 [INFO] 크롤링 시작: 5개 그룹
2026-03-10 05:56:05,234 [INFO] 
============================================================
2026-03-10 05:56:05,235 [INFO] [1/5] 유니스 (UNIS)
2026-03-10 05:56:05,235 [INFO] ============================================================
2026-03-10 05:56:13,960 [INFO]   프로필: UNIS | 팔로워 2,774,000 | 좋아요 110,000,000
2026-03-10 05:56:13,961 [INFO]   [그리드] 초기 화면: 6개 → 누적 6개
2026-03-10 05:56:19,556 [INFO]   [그리드] 스크롤 1: +6개 → 누적 12개
2026-03-10 05:56:25,240 [INFO]   [그리드] 스크롤 2: +15개 → 누적 27개
2026-03-10 05:56:30,777 [INFO]   [그리드] 스크롤 3: +15개 → 누적 42개
2026-03-10 05:56:30,777 [INFO]   [그리드] 목표 40개 도달 (42개), 스크롤 중단
2026-03-10 05:56:30,778 [INFO]   [그리드] 프로필 맨 위로 복원 중... (3회 스크롤 업)
2026-03-10 05:56:43,970 [INFO]   [그리드] 총 수집: 42개 조회수 (스크롤 3회)
2026-03-10 05:56:43,971 [INFO]   사전 수집 조회수: 42개 (첫 3개: [7616000, 32000, 68000])
2026-03-10 05:57:18,073 [INFO]   [1] 조회수:7,616,000 좋아요:8,288 댓글:214 저장:550 공유:278 날짜:2026-03-09 | 2026년의 당신을 부르는 유일한 카드에만 더블 탭하세요 &#128302
2026-03-10 05:57:25,057 [INFO]   [2] 조회수:32,000 좋아요:17,000 댓글:337 저장:1,368 공유:783 날짜:2026-03-09 | Gloomy Sunday &#129320;#UNIS #유니스 #YOONA
2026-03-10 05:57:32,082 [INFO]   [3] 조회수:68,000 좋아요:117,000 댓글:883 저장:5,936 공유:5,259 날짜:2026-03-09 | 방금 미국 본토 투어 마쳤음 &#128526;#UNIS #유니스 #GEH
2026-03-10 05:57:39,087 [INFO]   [4] 조회수:484,000 좋아요:12,000 댓글:214 저장:1,148 공유:700 날짜:2026-03-07 | &#128151;나는 세상에서 제일 귀여운 쫀쿠예요&#129478;&#1
2026-03-10 05:57:46,090 [INFO]   [5] 조회수:67,000 좋아요:20,000 댓글:252 저장:1,397 공유:628 날짜:2026-03-07 | 흑백 파티시엘 &#128105;‍&#127859;&#128420;&#12
2026-03-10 05:57:53,143 [INFO]   [6] 조회수:90,000 좋아요:18,000 댓글:225 저장:1,322 공유:611 날짜:2026-03-06 | p.o.v: 네가 만든 걸 보여 줘 &#129478;#UNIS #유니스 
2026-03-10 05:58:00,123 [INFO]   [7] 조회수:102,000 좋아요:17,000 댓글:293 저장:1,106 공유:421 날짜:2026-03-06 | 
2026-03-10 05:58:07,139 [INFO]   [8] 조회수:123,000 좋아요:54,000 댓글:439 저장:3,028 공유:1,030 날짜:2026-03-06 | 사르르르.. SWICY... &#129760;&#128170;&#1279
2026-03-10 05:58:14,142 [INFO]   [9] 조회수:286,000 좋아요:78,000 댓글:595 저장:5,104 공유:2,506 날짜:2026-03-05 | 니드.. 조금 &#128535;&#10;…⁠자세히⁠ ⁠|⁠ ⁠원본 보기
2026-03-10 05:58:21,135 [INFO]   [10] 조회수:381,000 좋아요:24,000 댓글:280 저장:1,736 공유:733 날짜:2026-03-05 | 앱떠 미워 (ㆀ˘･з･˘)&#128147;&#10;…⁠자세히
2026-03-10 05:58:28,234 [INFO]   [11] 조회수:119,000 좋아요:54,000 댓글:587 저장:2,689 공유:1,632 날짜:2026-03-04 | Kitty Kat &#128165;&#127925;&#10;(dc: )@
2026-03-10 05:58:35,207 [INFO]   [12] 조회수:231,000 좋아요:16,000 댓글:200 저장:1,296 공유:626 날짜:2026-03-04 | &#127872;&#128420;&#127872;&#10;…⁠자세히
2026-03-10 05:58:42,234 [INFO]   [13] 조회수:135,000 좋아요:24,000 댓글:253 저장:1,936 공유:774 날짜:2026-03-03 | &#128165;&#128151;&#128165;&#128151;&#12
2026-03-10 05:58:49,272 [INFO]   [14] 조회수:225,000 좋아요:55,000 댓글:360 저장:4,523 공유:2,290 날짜:2026-03-03 | 코토코는 코토코입니다&#10;…⁠자세히⁠ ⁠|⁠ ⁠원본 보기
2026-03-10 05:58:56,336 [INFO]   [15] 조회수:393,000 좋아요:69,000 댓글:1,157 저장:3,757 공유:1,733 날짜: | &#119924;&#119938;&#119948;&#119942; &#1
2026-03-10 05:59:03,392 [INFO]   [16] 조회수:381,000 좋아요:520,000 댓글:2,562 저장:20,000 공유:14,000 날짜:RUDE! - Hearts2Hearts | 너 진짜 무례하다 ! &#127872;#UNIS #유니스 #GEHLEE 
2026-03-10 05:59:10,363 [INFO]   [17] 조회수:119,000 좋아요:42,000 댓글:526 저장:2,684 공유:1,138 날짜: | &#119954;&#119958;&#119938;&#119956;&#11
2026-03-10 05:59:17,356 [INFO]   [18] 조회수:231,000 좋아요:36,000 댓글:372 저장:2,606 공유:1,139 날짜: | &#128008;&#128048;&#128008;‍⬛&#10;…⁠자세히
2026-03-10 05:59:24,391 [INFO]   [19] 조회수:80,000 좋아요:26,000 댓글:272 저장:2,130 공유:872 날짜: | &#128541;&#128165;&#10;…⁠자세히
2026-03-10 05:59:31,378 [INFO]   [20] 조회수:109,000 좋아요:52,000 댓글:377 저장:3,493 공유:1,443 날짜: | 레슬러 컨퍼런스 &#127947;️&#10;…⁠자세히⁠ ⁠|⁠ ⁠원본 보
2026-03-10 05:59:38,367 [INFO]   [21] 조회수:227,000 좋아요:17,000 댓글:225 저장:1,437 공유:719 날짜: | 앱떠 나 안 바빠 나랑 놀쟈 &#128535;&#10;…⁠자세히
2026-03-10 05:59:45,383 [INFO]   [22] 조회수:329,000 좋아요:41,000 댓글:433 저장:2,605 공유:1,130 날짜: | 행운을 빕니다☆&#10;…⁠자세히⁠ ⁠|⁠ ⁠원본 보기
2026-03-10 05:59:52,366 [INFO]   [23] 조회수:3,391,000 좋아요:36,000 댓글:337 저장:2,323 공유:787 날짜: | To. 오른쪽앱떠, 왼쪽앱떠, 앞에앱떠, 뒤에앱떠 &#128140;&#1
2026-03-10 05:59:59,389 [INFO]   [24] 조회수:296,000 좋아요:28,000 댓글:365 저장:2,107 공유:999 날짜: | 그대 춤을 추는 현주 같아요&#10;그 안에 투박한 음악은 윤하예요…⁠자
2026-03-10 06:00:06,393 [INFO]   [25] 조회수:234,000 좋아요:36,000 댓글:426 저장:2,307 공유:836 날짜: | Pov: 침묵 속에서 춤추다가 TikTok이 내 음악을 고르게 하기&#1
2026-03-10 06:00:13,528 [INFO]   [26] 조회수:183,000 좋아요:35,000 댓글:343 저장:1,706 공유:866 날짜: | in &#127482;&#127480;&#128149;#UNIS #유니스
2026-03-10 06:00:20,542 [INFO]   [27] 조회수:406,000 좋아요:30,000 댓글:401 저장:2,232 공유:1,581 날짜: | 호텔에서 생긴 기묘한 이야기 시즌 1&#10;…⁠자세히
2026-03-10 06:00:27,579 [INFO]   [28] 조회수:132,000 좋아요:69,000 댓글:654 저장:3,823 공유:1,900 날짜: | Yo &#129396; 좋아 &#128139;#UNIS #유니스 #GEH
2026-03-10 06:00:34,591 [INFO]   [29] 조회수:386,000 좋아요:69,000 댓글:558 저장:3,867 공유:2,403 날짜: | 가장 귀여운 커플 &#128158;#UNIS #유니스 #ELISIA #엘
2026-03-10 06:00:41,637 [INFO]   [30] 조회수:343,000 좋아요:111,000 댓글:1,247 저장:5,776 공유:4,614 날짜: | 당신은 나의 &#129293;&#10;…⁠자세히⁠ ⁠|⁠ ⁠원본 보기
2026-03-10 06:00:48,686 [INFO]   [31] 조회수:135,000 좋아요:28,000 댓글:291 저장:2,102 공유:1,083 날짜: | 오늘도  &#128059;&#128149;&#10;…⁠자세히⁠ ⁠|⁠ ⁠
2026-03-10 06:00:55,748 [INFO]   [32] 조회수:225,000 좋아요:26,000 댓글:260 저장:2,105 공유:1,241 날짜: | 우린 가끔 아웅다웅.. &#129653;&#129655;&#10;…⁠자세
2026-03-10 06:01:03,035 [INFO]   [33] 조회수:393,000 좋아요:20,000 댓글:365 저장:1,598 공유:895 날짜: | 당신, 센!&#129293;&#10;…⁠자세히⁠ ⁠|⁠ ⁠원본 보기
2026-03-10 06:01:10,402 [INFO]   [34] 조회수:199,000 좋아요:64,000 댓글:469 저장:3,557 공유:1,664 날짜: | 단어 도전을 만들어 보세요 &#128048;&#128057;#UNIS #
2026-03-10 06:01:17,016 [INFO]   [35] 조회수:251,000 좋아요:65,000 댓글:447 저장:3,468 공유:1,497 날짜: | mwah...! &#128059;&#128149;&#10;…⁠자세히
2026-03-10 06:01:24,002 [INFO]   [36] 조회수:151,000 좋아요:25,000 댓글:298 저장:1,979 공유:999 날짜: | #코토코 #오윤아 #임서원 &#128063;️슈퍼밴드 오디션 지원영상…⁠
2026-03-10 06:01:31,022 [INFO]   [37] 조회수:194,000 좋아요:27,000 댓글:272 저장:1,838 공유:909 날짜: | mwah...! &#128059;&#128149;&#10;…⁠자세히
2026-03-10 06:01:38,058 [INFO]   [skip] 중복: mwah...! &#128059;&#128149;&#10;…⁠자세히
2026-03-10 06:01:45,030 [INFO]   [38] 조회수:329,000 좋아요:32,000 댓글:319 저장:2,119 공유:857 날짜: | (현주)언니 말 잘 들으면 자다가도 떡이 생긴다&#10;…⁠자세히
2026-03-10 06:01:52,062 [INFO]   [39] 조회수:374,000 좋아요:43,000 댓글:296 저장:2,874 공유:1,025 날짜: | mwah...! &#128059;&#128149;&#10;…⁠자세히
2026-03-10 06:01:59,038 [INFO]   [40] 조회수:525,000 좋아요:102,000 댓글:882 저장:5,578 공유:4,816 날짜: | 봤어~ 사랑하는 에버 애프터&#128536;&#10;…⁠자세히⁠ ⁠|⁠ 
2026-03-10 06:02:06,030 [INFO]   [41] 조회수:170,000 좋아요:195,000 댓글:835 저장:10,000 공유:4,147 날짜: | 뽀뽀해줄게 음머 &#128536;#UNIS #유니스 #GEHLEE #YU
2026-03-10 06:02:13,016 [INFO]   [42] 조회수:159,000 좋아요:142,000 댓글:2,365 저장:9,945 공유:4,546 날짜: | &#119916;&#119959;&#119942;&#119955;&#11
2026-03-10 06:02:20,007 [INFO]   [43] 조회수:0 좋아요:87,000 댓글:442 저장:5,681 공유:2,968 날짜: | 이 노래는 내 머릿속에서 반복되고 있어 &#127911;&#10;…⁠자세
2026-03-10 06:02:25,165 [INFO]   -> 저장: 43개 게시물 (기존 0개)
2026-03-10 06:02:25,166 [INFO]   -> 게시물 43개, 평균좋아요 60,169, ER(likes) 9.77%
2026-03-10 06:02:28,184 [INFO] 
============================================================
2026-03-10 06:02:28,185 [INFO] [2/5] 크래비티 (CRAVITY)
2026-03-10 06:02:28,185 [INFO] ============================================================
2026-03-10 06:02:37,123 [INFO]   프로필: CRAVITY | 팔로워 3,783,000 | 좋아요 140,000,000
2026-03-10 06:02:37,123 [INFO]   [그리드] 초기 화면: 6개 → 누적 6개
2026-03-10 06:02:42,892 [INFO]   [그리드] 스크롤 1: +15개 → 누적 21개
2026-03-10 06:02:48,545 [INFO]   [그리드] 스크롤 2: +15개 → 누적 36개
2026-03-10 06:02:54,204 [INFO]   [그리드] 스크롤 3: +15개 → 누적 51개
2026-03-10 06:02:54,204 [INFO]   [그리드] 목표 40개 도달 (51개), 스크롤 중단
2026-03-10 06:02:54,205 [INFO]   [그리드] 프로필 맨 위로 복원 중... (3회 스크롤 업)
2026-03-10 06:03:07,366 [INFO]   [그리드] 총 수집: 51개 조회수 (스크롤 3회)
2026-03-10 06:03:07,366 [INFO]   사전 수집 조회수: 51개 (첫 3개: [137000, 102000, 136000])
2026-03-10 06:03:41,026 [INFO]   [1] 조회수:137,000 좋아요:14,000 댓글:162 저장:1,059 공유:334 날짜: | [&#127909;]&#10;CRAVITY - 'Lemonade Feve
2026-03-10 06:03:48,066 [INFO]   [2] 조회수:102,000 좋아요:21,000 댓글:240 저장:1,464 공유:432 날짜: | 이 느낌은 &#120294;&#120324;&#120306;&#12030
2026-03-10 06:03:55,078 [INFO]   [3] 조회수:136,000 좋아요:102,000 댓글:546 저장:4,356 공유:1,850 날짜:2026-03-09 | &#128578;&#10;…⁠자세히
2026-03-10 06:04:02,132 [INFO]   [4] 조회수:326,000 좋아요:107,000 댓글:295 저장:5,472 공유:1,910 날짜:2026-03-07 | 안녕하세요&#10;…⁠자세히
2026-03-10 06:04:09,145 [INFO]   [5] 조회수:406,000 좋아요:8,172 댓글:166 저장:521 공유:136 날짜:2026-03-04 | ✨&#119815;&#119808;&#119823;&#119823;&#1
2026-03-10 06:04:16,171 [INFO]   [6] 조회수:41,000 좋아요:16,000 댓글:116 저장:1,338 공유:301 날짜: | &#128057;&#128048;&#128164;&#10;…⁠자세히
2026-03-10 06:04:23,123 [INFO]   [7] 조회수:82,000 좋아요:66,000 댓글:389 저장:3,979 공유:1,270 날짜: | 돌려&#127786;️&#10;…⁠자세히
2026-03-10 06:04:30,142 [INFO]   [8] 조회수:146,000 좋아요:19,000 댓글:156 저장:1,648 공유:666 날짜: | &#127930;✨️&#10;…⁠자세히
2026-03-10 06:04:37,166 [INFO]   [9] 조회수:46,000 좋아요:18,000 댓글:139 저장:1,401 공유:478 날짜: | 나나미! 토모에´ ˚ °★&#10;…⁠자세히
2026-03-10 06:04:44,127 [INFO]   [10] 조회수:73,000 좋아요:13,000 댓글:108 저장:953 공유:275 날짜: | O형즈 JET SET! ⋆⁺₊⋆&#10;…⁠자세히
2026-03-10 06:04:51,103 [INFO]   [11] 조회수:261,000 좋아요:18,000 댓글:140 저장:1,400 공유:502 날짜: | 최선을 다하겠습니다~~~~~&#10;…⁠자세히⁠ ⁠|⁠ ⁠원본 보기
2026-03-10 06:04:58,110 [INFO]   [12] 조회수:73,000 좋아요:14,000 댓글:129 저장:970 공유:311 날짜: | 처음에 Kyun&#128150;&#10;…⁠자세히⁠ ⁠|⁠ ⁠원본 보기
2026-03-10 06:05:05,159 [INFO]   [skip] 광고: 한정 무장 등장, 당신의 최강 조합을 구성하세요！
2026-03-10 06:05:12,140 [INFO]   [13] 조회수:66,000 좋아요:27,000 댓글:197 저장:1,594 공유:480 날짜: | 러비티 안 미워❤️&#10;…⁠자세히
2026-03-10 06:05:19,122 [INFO]   [14] 조회수:51,000 좋아요:9,696 댓글:77 저장:706 공유:129 날짜: | 새해 복!!!!!!! 많이 받으세요!!!!!!&#10;⠀…⁠자세히
2026-03-10 06:05:26,112 [INFO]   [15] 조회수:80,000 좋아요:13,000 댓글:111 저장:756 공유:306 날짜: | &#128515;&#10;⠀…⁠자세히
2026-03-10 06:05:33,167 [INFO]   [16] 조회수:84,000 좋아요:12,000 댓글:74 저장:738 공유:162 날짜: | 세배 하는 법&#10;⠀#CRAVITY #크래비티 #SE…⁠자세히⁠ ⁠|
2026-03-10 06:05:40,191 [INFO]   [17] 조회수:143,000 좋아요:4,726 댓글:84 저장:358 공유:82 날짜: | 좋아,&#10;☀…⁠자세히⁠ ⁠|⁠ ⁠원본 보기
2026-03-10 06:05:47,201 [INFO]   [18] 조회수:61,000 좋아요:17,000 댓글:195 저장:1,175 공유:703 날짜: | 발렌타인데이~&#10;…⁠자세히
2026-03-10 06:05:54,073 [INFO]   [19] 조회수:71,000 좋아요:36,000 댓글:223 저장:3,011 공유:1,716 날짜: | &#128076;&#127995;⋆.˚⭒⋆.˚&#10;…⁠자세히
2026-03-10 06:06:02,340 [INFO]   [20] 조회수:51,000 좋아요:11,000 댓글:146 저장:746 공유:199 날짜: | &#119878;&#119886;&#119910; &#119905;ℎ&#
2026-03-10 06:06:09,710 [INFO]   [21] 조회수:24,000 좋아요:9,702 댓글:137 저장:588 공유:243 날짜: | 나 너 좋아하냐&#10;…⁠자세히
2026-03-10 06:06:16,754 [INFO]   [22] 조회수:60,000 좋아요:8,425 댓글:101 저장:662 공유:97 날짜: | 형준아~~~&#10;…⁠자세히
2026-03-10 06:06:23,671 [INFO]   [23] 조회수:117,000 좋아요:12,000 댓글:121 저장:938 공유:197 날짜: | &#120404;&#120406;&#120430;&#10;…⁠자세히
2026-03-10 06:06:30,749 [INFO]   [24] 조회수:69,000 좋아요:7,439 댓글:85 저장:581 공유:144 날짜: | &#127891;&#10;…⁠자세히
2026-03-10 06:06:37,675 [INFO]   [25] 조회수:82,000 좋아요:9,959 댓글:170 저장:667 공유:277 날짜: | 야 F4 가자&#10;…⁠자세히
2026-03-10 06:06:44,746 [INFO]   [26] 조회수:146,000 좋아요:49,000 댓글:456 저장:4,108 공유:1,520 날짜: | 황태자면 다야?!-_-++&#10;…⁠자세히
2026-03-10 06:06:51,721 [INFO]   [27] 조회수:46,000 좋아요:17,000 댓글:198 저장:1,205 공유:397 날짜: | &#127813;&#127851;&#10;…⁠자세히
2026-03-10 06:06:58,754 [INFO]   [28] 조회수:48,000 좋아요:14,000 댓글:217 저장:891 공유:533 날짜: | &#129668;&#10;…⁠자세히
2026-03-10 06:07:05,790 [INFO]   [29] 조회수:46,000 좋아요:46,000 댓글:309 저장:3,095 공유:1,005 날짜: | 이런 내 맘 모르고 너무해 너무해(੭ ˃̣̣̥᷄⌓˂̣̣̥᷅ )੭⁾⁾&#1
2026-03-10 06:07:12,651 [INFO]   [30] 조회수:47,000 좋아요:14,000 댓글:81 저장:967 공유:195 날짜: | Love Love Love&#10;…⁠자세히⁠ ⁠|⁠ ⁠원본 보기
2026-03-10 06:07:19,702 [INFO]   [31] 조회수:36,000 좋아요:28,000 댓글:163 저장:1,521 공유:390 날짜: | ㅇㅋㅇㅋ 너의 맘을 허락해&#10;…⁠자세히
2026-03-10 06:07:26,729 [INFO]   [32] 조회수:45,000 좋아요:18,000 댓글:152 저장:1,189 공유:281 날짜: | On the Beat&#128095;#CRAVITY #SERIM #ALL
2026-03-10 06:07:33,741 [INFO]   [33] 조회수:174,000 좋아요:45,000 댓글:225 저장:3,025 공유:813 날짜: | 아웅다웅&#10;…⁠자세히
2026-03-10 06:07:40,783 [INFO]   [34] 조회수:86,000 좋아요:6,802 댓글:73 저장:434 공유:73 날짜: | 러비티.. 2월 7일에 뭐해? &#127879;&#10;…⁠자세히
2026-03-10 06:07:47,774 [INFO]   [35] 조회수:58,000 좋아요:5,658 댓글:58 저장:344 공유:39 날짜: | 러비티&#128149; 크래비티랑 놀 준비됐어?&#127879;&#10;
2026-03-10 06:07:54,792 [INFO]   [36] 조회수:161,000 좋아요:6,838 댓글:150 저장:459 공유:156 날짜: | ✨&#119815;&#119808;&#119823;&#119823;&#1
2026-03-10 06:08:01,866 [INFO]   [37] 조회수:99,000 좋아요:28,000 댓글:212 저장:1,760 공유:505 날짜: | SWALLA#CRAVITY #크래비티 #형준 #HYEONGJUN  원본 
2026-03-10 06:08:08,873 [INFO]   [38] 조회수:195,000 좋아요:13,000 댓글:173 저장:930 공유:256 날짜: | &#120443;&#120472;&#120479;&#120462; &#1
2026-03-10 06:08:15,936 [INFO]   [39] 조회수:76,000 좋아요:12,000 댓글:97 저장:735 공유:163 날짜: | 돈까스즈 &#128064;&#128076;&#10;…⁠자세히
2026-03-10 06:08:23,078 [INFO]   [40] 조회수:60,000 좋아요:20,000 댓글:171 저장:1,270 공유:407 날짜: | 기타&#127928;&#10;…⁠자세히⁠ ⁠|⁠ ⁠원본 보기
2026-03-10 06:08:30,097 [INFO]   [41] 조회수:117,000 좋아요:7,722 댓글:207 저장:512 공유:128 날짜: | ✨생일 축하해 태영✨&#10;A.…⁠자세히⁠ ⁠|⁠ ⁠원본 보기
2026-03-10 06:08:37,089 [INFO]   [42] 조회수:69,000 좋아요:27,000 댓글:208 저장:2,034 공유:829 날짜: | (D) W (D) W&#10;…⁠자세히⁠ ⁠|⁠ ⁠원본 보기
2026-03-10 06:08:44,194 [INFO]   [43] 조회수:221,000 좋아요:49,000 댓글:284 저장:2,338 공유:884 날짜: | 누난 너무 예뻐₊˚ *  .⋆✩&#10;…⁠자세히
2026-03-10 06:08:46,156 [INFO]   광고 1개 필터링됨
2026-03-10 06:08:49,403 [INFO]   -> 저장: 43개 게시물 (기존 0개)
2026-03-10 06:08:49,403 [INFO]   -> 게시물 43개, 평균좋아요 23,282, ER(likes) 9.33%
2026-03-10 06:08:52,418 [INFO] 
============================================================
2026-03-10 06:08:52,418 [INFO] [3/5] 에잇턴 (8TURN)
2026-03-10 06:08:52,418 [INFO] ============================================================
2026-03-10 06:09:01,363 [INFO]   프로필: 8TURN | 팔로워 2,005,000 | 좋아요 54,938,000
2026-03-10 06:09:01,363 [INFO]   [그리드] 초기 화면: 6개 → 누적 6개
2026-03-10 06:09:06,893 [INFO]   [그리드] 스크롤 1: +15개 → 누적 21개
2026-03-10 06:09:12,446 [INFO]   [그리드] 스크롤 2: +15개 → 누적 36개
2026-03-10 06:09:17,953 [INFO]   [그리드] 스크롤 3: +12개 → 누적 48개
2026-03-10 06:09:17,953 [INFO]   [그리드] 목표 40개 도달 (48개), 스크롤 중단
2026-03-10 06:09:17,954 [INFO]   [그리드] 프로필 맨 위로 복원 중... (3회 스크롤 업)
2026-03-10 06:09:31,184 [INFO]   [그리드] 총 수집: 48개 조회수 (스크롤 3회)
2026-03-10 06:09:31,184 [INFO]   사전 수집 조회수: 48개 (첫 3개: [95000, 16000, 33000])
2026-03-10 06:10:05,072 [INFO]   [1] 조회수:95,000 좋아요:4,871 댓글:279 저장:360 공유:79 날짜:2026-03-09 | BaBy FACE ( ˘ ³˘)ノ#8TURN #에잇턴 #해민 #HAEMI
2026-03-10 06:10:11,948 [INFO]   [2] 조회수:16,000 좋아요:12,000 댓글:484 저장:733 공유:303 날짜:2026-03-09 | &#128521; &#120814;.O#8TURN #에잇턴 #해민 #HA
2026-03-10 06:10:18,910 [INFO]   [3] 조회수:33,000 좋아요:67,000 댓글:1,638 저장:4,312 공유:1,533 날짜:2026-03-09 | 시작 .&#10;…⁠자세히⁠ ⁠|⁠ ⁠원본 보기
2026-03-10 06:10:25,873 [INFO]   [4] 조회수:227,000 좋아요:15,000 댓글:550 저장:1,116 공유:369 날짜:2026-03-09 | #fyp
2026-03-10 06:10:32,853 [INFO]   [5] 조회수:52,000 좋아요:51,000 댓글:1,453 저장:4,640 공유:1,164 날짜:2026-03-08 | 02z 어디야 ❓#8TURN #재윤 #JAEYUN #민호 #MINHO  
2026-03-10 06:10:39,855 [INFO]   [6] 조회수:163,000 좋아요:6,702 댓글:337 저장:529 공유:60 날짜: | &#120820;&#120295;&#120296;&#120293;&#12
2026-03-10 06:10:46,758 [INFO]   [7] 조회수:36,000 좋아요:3,624 댓글:111 저장:266 공유:20 날짜: | &#120820;&#120295;&#120296;&#120293;&#12
2026-03-10 06:10:53,577 [INFO]   [8] 조회수:28,000 좋아요:2,379 댓글:99 저장:230 공유:33 날짜: | &#120820;&#120295;&#120296;&#120293;&#12
2026-03-10 06:11:00,618 [INFO]   [9] 조회수:24,000 좋아요:39,000 댓글:963 저장:2,251 공유:797 날짜:2026-10-06 | .⋆｡⋆༶⋆˙⊹ &#129500;‍♂️&#10;…⁠자세히
2026-03-10 06:11:07,530 [INFO]   [10] 조회수:95,000 좋아요:6,060 댓글:170 저장:554 공유:42 날짜: | &#120820;&#120295;&#120296;&#120293;&#12
2026-03-10 06:11:14,484 [INFO]   [11] 조회수:16,000 좋아요:3,416 댓글:141 저장:274 공유:38 날짜: | &#128211;경민의 팬콘 리얼 일지❤️&#10;…⁠자세히
2026-03-10 06:11:21,542 [INFO]   [12] 조회수:33,000 좋아요:6,791 댓글:347 저장:452 공유:86 날짜: | &#128211;재윤의 팬콘 연습 일지❤️&#10;…⁠자세히
2026-03-10 06:11:28,556 [INFO]   [13] 조회수:227,000 좋아요:4,008 댓글:139 저장:309 공유:28 날짜: | 우리 팬콘 한다아~! &#127881;&#128588;&#10;…⁠자세히
2026-03-10 06:11:35,352 [INFO]   [14] 조회수:52,000 좋아요:3,090 댓글:112 저장:280 공유:39 날짜: | &#128211;민호의 FANCON 준비 일지❤️&#10;…⁠자세히
2026-03-10 06:11:42,437 [INFO]   [15] 조회수:163,000 좋아요:4,308 댓글:131 저장:334 공유:60 날짜: | &#128211;명호, 승헌의 FANCON 준비 일지❤️&#10;…⁠자세
2026-03-10 06:11:49,354 [INFO]   [16] 조회수:46,000 좋아요:6,051 댓글:170 저장:437 공유:86 날짜: | &#128211;해민, 윤규의 FANCON 연습 일지❤️&#10;…⁠자세
2026-03-10 06:11:56,388 [INFO]   [17] 조회수:32,000 좋아요:64,000 댓글:668 저장:3,999 공유:1,632 날짜: | &#128523;&#128064;&#10;…⁠자세히
2026-03-10 06:12:03,419 [INFO]   [18] 조회수:26,000 좋아요:9,384 댓글:381 저장:685 공유:138 날짜: | &#128211;윤성의 팬콘 연습 일지❤️&#10;…⁠자세히
2026-03-10 06:12:10,387 [INFO]   [19] 조회수:126,000 좋아요:18,000 댓글:671 저장:1,498 공유:289 날짜: | 핏 체크 &#128378;#8TURN #에잇턴 #윤성 #YOONSUNG 
2026-03-10 06:12:17,377 [INFO]   [20] 조회수:37,000 좋아요:16,000 댓글:770 저장:1,173 공유:199 날짜: | Listen~ &#128420;&#129293;&#128420;#8TUR
2026-03-10 06:12:24,432 [INFO]   [21] 조회수:30,000 좋아요:28,000 댓글:609 저장:2,253 공유:623 날짜: | It's a Knife &#128298;&#10;…⁠자세히⁠ ⁠|⁠ ⁠원
2026-03-10 06:12:31,415 [INFO]   [22] 조회수:184,000 좋아요:12,000 댓글:375 저장:993 공유:240 날짜: | &#127775;슈프림✨#8TURN #에잇턴 #경민 #KYUNGMIN #
2026-03-10 06:12:38,450 [INFO]   [23] 조회수:38,000 좋아요:24,000 댓글:529 저장:1,673 공유:495 날짜: | THE FATE OF &#127775;#8TURN #에잇턴 #경민 #KY
2026-03-10 06:12:45,499 [INFO]   [24] 조회수:86,000 좋아요:52,000 댓글:1,369 저장:4,067 공유:2,386 날짜: | THE FATE OF &#128125;&#10;…⁠자세히⁠ ⁠|⁠ ⁠원본
2026-03-10 06:12:52,476 [INFO]   [25] 조회수:36,000 좋아요:7,579 댓글:301 저장:671 공유:127 날짜: | 미워하지 마요 (づ｡◕‿‿◕｡)づ&#10;…⁠자세히
2026-03-10 06:12:59,501 [INFO]   [26] 조회수:28,000 좋아요:21,000 댓글:604 저장:1,499 공유:210 날짜: | ✨ HAPPY 설날! ❤️&#10;…⁠자세히
2026-03-10 06:13:06,704 [INFO]   [27] 조회수:24,000 좋아요:12,000 댓글:525 저장:930 공유:186 날짜: | 정말 너 미워..  (´•̥̥̥ω•̥̥̥`)&#10;…⁠자세히
2026-03-10 06:13:13,901 [INFO]   [28] 조회수:29,000 좋아요:9,646 댓글:321 저장:731 공유:180 날짜: | &#120389;&#120426;&#120424;&#120425; &#1
2026-03-10 06:13:20,934 [INFO]   [29] 조회수:35,000 좋아요:96,000 댓글:2,562 저장:6,229 공유:2,781 날짜: | #fyp #cutenessoverload #moonjaeyun #jaey
2026-03-10 06:13:27,959 [INFO]   [30] 조회수:248,000 좋아요:6,821 댓글:231 저장:506 공유:63 날짜: | 파트 45 | &#120389;&#120426;&#120424;&#120
2026-03-10 06:13:34,924 [INFO]   [31] 조회수:46,000 좋아요:9,279 댓글:344 저장:672 공유:109 날짜: | 파트 44 | &#120389;&#120426;&#120424;&#120
2026-03-10 06:13:42,013 [INFO]   [32] 조회수:65,000 좋아요:39,000 댓글:1,508 저장:2,643 공유:444 날짜: | 재윤성은 백지를 내도 백 점 &#129302;&#10;…⁠자세히
2026-03-10 06:13:48,928 [INFO]   [33] 조회수:63,000 좋아요:71,000 댓글:1,651 저장:7,199 공유:1,584 날짜: | LET’S GO &#128293;&#128165;&#129512;❤️‍&
2026-03-10 06:13:55,972 [INFO]   [34] 조회수:101,000 좋아요:17,000 댓글:967 저장:1,260 공유:239 날짜: | &#128521;&#10;…⁠자세히
2026-03-10 06:14:02,978 [INFO]   [35] 조회수:50,000 좋아요:20,000 댓글:970 저장:1,590 공유:347 날짜: | &#129293;오케이 &gt;&lt; 오케이&#129653;&#10;…
2026-03-10 06:14:09,988 [INFO]   [36] 조회수:83,000 좋아요:99,000 댓글:1,182 저장:9,371 공유:3,083 날짜: | &#129782;&#128083;✌️&#10;…⁠자세히
2026-03-10 06:14:17,020 [INFO]   [37] 조회수:52,000 좋아요:58,000 댓글:2,020 저장:3,742 공유:787 날짜: | POV: 터닝 기다리는 중!#8TURN #에잇턴 #エイトターン #TURN
2026-03-10 06:14:23,999 [INFO]   [38] 조회수:44,000 좋아요:20,000 댓글:409 저장:1,571 공유:319 날짜: | 파트 6 | &#120389;&#120426;&#120424;&#1204
2026-03-10 06:14:30,990 [INFO]   [39] 조회수:399,000 좋아요:70,000 댓글:1,823 저장:4,510 공유:1,989 날짜: | 아우라 &#129333;&#129333;&#10;…⁠자세히
2026-03-10 06:14:37,909 [INFO]   [40] 조회수:39,000 좋아요:42,000 댓글:714 저장:3,579 공유:1,152 날짜: | Bite ME &#129499;&#129656;#8TURN #민호 #MI
2026-03-10 06:14:44,911 [INFO]   [41] 조회수:49,000 좋아요:51,000 댓글:1,638 저장:3,410 공유:681 날짜: | &#128293;&#120820;&#120295;&#120296;&#12
2026-03-10 06:14:51,952 [INFO]   [42] 조회수:139,000 좋아요:17,000 댓글:441 저장:1,137 공유:424 날짜: | SAY U &#128151; ME#8TURN #에잇턴 #해민 #HAEMI
2026-03-10 06:14:59,063 [INFO]   [43] 조회수:215,000 좋아요:5,195 댓글:173 저장:381 공유:45 날짜: | 파트 36 | &#120389;&#120426;&#120424;&#120
2026-03-10 06:15:06,173 [INFO]   [44] 조회수:78,000 좋아요:29,000 댓글:1,103 저장:1,463 공유:261 날짜: | 파트 31 | 이 트렌드를 위해 고마워요! 여러분 같은 팬들이 있어 정말
2026-03-10 06:15:11,398 [INFO]   -> 저장: 44개 게시물 (기존 0개)
2026-03-10 06:15:11,399 [INFO]   -> 게시물 44개, 평균좋아요 26,345, ER(likes) 12.44%
2026-03-10 06:15:14,415 [INFO] 
============================================================
2026-03-10 06:15:14,415 [INFO] [4/5] 미래소년 (MIRAE)
2026-03-10 06:15:14,416 [INFO] ============================================================
2026-03-10 06:15:23,077 [INFO]   프로필: 미래소년 (MIRAE) | 팔로워 1,466,000 | 좋아요 31,187,000
2026-03-10 06:15:23,077 [INFO]   [그리드] 초기 화면: 6개 → 누적 6개
2026-03-10 06:15:28,823 [INFO]   [그리드] 스크롤 1: +15개 → 누적 21개
2026-03-10 06:15:34,400 [INFO]   [그리드] 스크롤 2: +11개 → 누적 32개
2026-03-10 06:15:39,891 [INFO]   [그리드] 스크롤 3: +11개 → 누적 43개
2026-03-10 06:15:39,891 [INFO]   [그리드] 목표 40개 도달 (43개), 스크롤 중단
2026-03-10 06:15:39,891 [INFO]   [그리드] 프로필 맨 위로 복원 중... (3회 스크롤 업)
2026-03-10 06:15:53,056 [INFO]   [그리드] 총 수집: 43개 조회수 (스크롤 3회)
2026-03-10 06:15:53,056 [INFO]   사전 수집 조회수: 43개 (첫 3개: [132000, 784000, 256000])
2026-03-10 06:16:27,068 [INFO]   [1] 조회수:132,000 좋아요:13,000 댓글:995 저장:913 공유:147 날짜: | 모험과 신비의 나라 롯데월드에 패셔니스타의 등장이라...…⁠자세히
2026-03-10 06:16:34,025 [INFO]   [2] 조회수:784,000 좋아요:12,000 댓글:168 저장:769 공유:90 날짜: | 요즘 화나는 일 있으시면 이 영상을 한번 봐주세여&#129325;&#12
2026-03-10 06:16:40,956 [INFO]   [3] 조회수:256,000 좋아요:6,746 댓글:75 저장:513 공유:87 날짜:미래소년 - Whisper&#10;▶️ https://youtube.com/shorts/e1F9H5…⁠자세히 | 미래소년 - Whisper&#10;▶️ https://youtube.co
2026-03-10 06:16:47,908 [INFO]   [4] 조회수:170,000 좋아요:3,538 댓글:40 저장:173 공유:13 날짜: | 미래소년 리안 - Dried Flower&#10;▶ https://you
2026-03-10 06:16:54,866 [INFO]   [5] 조회수:107,000 좋아요:3,553 댓글:61 저장:230 공유:34 날짜: | - 신스 러브&#10;▶https://youtube.com/shor…⁠자
2026-03-10 06:17:01,658 [INFO]   [6] 조회수:87,000 좋아요:5,351 댓글:81 저장:427 공유:91 날짜: | 미래소년 손동표 - KANATA HALUKA&#10;▶ https://y
2026-03-10 06:17:08,600 [INFO]   [7] 조회수:13,000 좋아요:10,000 댓글:143 저장:644 공유:176 날짜: | 나우 아프지말자아&#129782;&#127995;&#10;#미래소년 #이
2026-03-10 06:17:15,531 [INFO]   [8] 조회수:9,955 좋아요:30,000 댓글:469 저장:2,563 공유:661 날짜: | 블루베리 드세요~&#10;…⁠자세히
2026-03-10 06:17:22,486 [INFO]   [9] 조회수:16,000 좋아요:4,798 댓글:67 저장:289 공유:72 날짜: | MIRAE__Moment.mp4&#10;일본에서 달리기~&#128587;
2026-03-10 06:17:29,477 [INFO]   [10] 조회수:48,000 좋아요:1,731 댓글:18 저장:89 공유:8 날짜: | 『런닝 to Japan』&#10;…⁠자세히⁠ ⁠|⁠ ⁠원본 보기
2026-03-10 06:17:36,536 [INFO]   [skip] 중복: 『런닝 to Japan』&#10;…⁠자세히⁠ ⁠|⁠ ⁠원본 보기
2026-03-10 06:17:43,447 [INFO]   [11] 조회수:33,000 좋아요:1,721 댓글:20 저장:102 공유:14 날짜: | 《일본으로 달려가》&#10;…⁠자세히⁠ ⁠|⁠ ⁠원본 보기
2026-03-10 06:17:50,424 [INFO]   [12] 조회수:27,000 좋아요:2,672 댓글:30 저장:150 공유:25 날짜: | 그러니 난 계속 달릴 거야&#127939;‍♂&#10;with#DXTEE
2026-03-10 06:17:57,446 [INFO]   [13] 조회수:27,000 좋아요:3,503 댓글:81 저장:228 공유:78 날짜: | 미래소년_세살_모먼트.mp4&#10;3주년 yeah〰️&#128587;&
2026-03-10 06:18:04,381 [INFO]   [14] 조회수:29,000 좋아요:4,628 댓글:66 저장:251 공유:34 날짜: | 칙칙폭폭&#128642; 오늘의 주인공들 지나가요&#128642;&#10
2026-03-10 06:18:11,318 [INFO]   [15] 조회수:25,000 좋아요:3,832 댓글:59 저장:194 공유:38 날짜: | 공연 후 MIRAE__&#10;마지막 콘서트가 끝났습니다&#128587;
2026-03-10 06:18:18,235 [INFO]   [16] 조회수:26,000 좋아요:3,965 댓글:51 저장:209 공유:33 날짜: | 공연 후 MIRAE__&#10;내일 다시 만나자&#128587;&#127
2026-03-10 06:18:25,108 [INFO]   [17] 조회수:26,000 좋아요:4,150 댓글:64 저장:255 공유:45 날짜: | 달디달고달디달고달디단&#10;&#129653;미&#127852;래&#12
2026-03-10 06:18:32,058 [INFO]   [18] 조회수:26,000 좋아요:12,000 댓글:81 저장:801 공유:93 날짜: | I dropped my wallet&#128093;#mirae #dohy
2026-03-10 06:18:39,001 [INFO]   [19] 조회수:26,000 좋아요:21,000 댓글:151 저장:1,951 공유:291 날짜: | 지갑을 떨어뜨렸어 &#128091;#mirae #dohyun #yubin
2026-03-10 06:18:45,765 [INFO]   [20] 조회수:63,000 좋아요:1,323 댓글:7 저장:70 공유:18 날짜: | 『런닝 to Japan』&#10;…⁠자세히⁠ ⁠|⁠ ⁠원본 보기
2026-03-10 06:18:52,668 [INFO]   [skip] 중복: 『런닝 to Japan』&#10;…⁠자세히⁠ ⁠|⁠ ⁠원본 보기
2026-03-10 06:18:59,515 [INFO]   연속 중복 2회 — 피드 끝, 중단
2026-03-10 06:19:02,734 [INFO]   -> 저장: 20개 게시물 (기존 0개)
2026-03-10 06:19:02,734 [INFO]   -> 게시물 20개, 평균좋아요 7,475, ER(likes) 10.43%
2026-03-10 06:19:05,750 [INFO] 
============================================================
2026-03-10 06:19:05,751 [INFO] [5/5] 올아워즈 (ALL(H)OURS)
2026-03-10 06:19:05,751 [INFO] ============================================================
2026-03-10 06:19:14,678 [INFO]   프로필: ALL(H)OURS | 팔로워 698,000 | 좋아요 15,103,000
2026-03-10 06:19:14,678 [INFO]   [그리드] 초기 화면: 6개 → 누적 6개
2026-03-10 06:19:20,335 [INFO]   [그리드] 스크롤 1: +15개 → 누적 21개
2026-03-10 06:19:25,538 [INFO]   [그리드] 스크롤 2: +14개 → 누적 35개
2026-03-10 06:19:30,856 [INFO]   [그리드] 스크롤 3: +15개 → 누적 50개
2026-03-10 06:19:30,857 [INFO]   [그리드] 목표 40개 도달 (50개), 스크롤 중단
2026-03-10 06:19:30,857 [INFO]   [그리드] 프로필 맨 위로 복원 중... (3회 스크롤 업)
2026-03-10 06:19:44,022 [INFO]   [그리드] 총 수집: 50개 조회수 (스크롤 3회)
2026-03-10 06:19:44,023 [INFO]   사전 수집 조회수: 50개 (첫 3개: [52000, 44000, 71000])
2026-03-10 06:20:01,709 [INFO]   [1] 조회수:52,000 좋아요:9,933 댓글:99 저장:735 공유:188 날짜: | 파트 1 | RUMBLE&#127965;️#ALL_H_OURS #올아워즈
2026-03-10 06:20:08,733 [INFO]   [2] 조회수:44,000 좋아요:6,429 댓글:50 저장:468 공유:88 날짜: | 파트 2 | I’m READY 2✌️#ALL_H_OURS #올아워즈 #K
2026-03-10 06:20:15,715 [INFO]   [3] 조회수:71,000 좋아요:14,000 댓글:132 저장:1,050 공유:454 날짜: | 파트 4 | 나와 지금 맘이 이끈 대로 K.O &#129354;&#10;
2026-03-10 06:20:22,684 [INFO]   [4] 조회수:201,000 좋아요:56,000 댓글:325 저장:5,515 공유:1,085 날짜:2026-03-05 | That's left, right, go#ALL_H_OURS #올아워즈 
2026-03-10 06:20:29,318 [INFO]   [5] 조회수:16,000 좋아요:4,759 댓글:62 저장:357 공유:268 날짜: | 해피 만제데이 ₍ᐢ.ˬ.ᐢ₎ ̖́- ♡&#10;…⁠자세히
2026-03-10 06:20:36,188 [INFO]   [6] 조회수:9,070 좋아요:2,700 댓글:93 저장:199 공유:117 날짜: | &#127352;&#127363;'&#127362; &#127356;&#
2026-03-10 06:20:43,207 [INFO]   [7] 조회수:13,000 좋아요:5,300 댓글:69 저장:435 공유:183 날짜: | ONE PICK은?#ALL_H_OURS #올아워즈  원본 보기
2026-03-10 06:20:50,186 [INFO]   [8] 조회수:10,000 좋아요:9,231 댓글:76 저장:781 공유:433 날짜: | Yeah Glo!&#128378;#ALL_H_OURS #올아워즈  원본 
2026-03-10 06:20:57,199 [INFO]   [9] 조회수:110,000 좋아요:2,957 댓글:34 저장:218 공유:63 날짜: | 킹받드라슈&#129446;&#10;…⁠자세히
2026-03-10 06:21:04,216 [INFO]   [10] 조회수:15,000 좋아요:5,500 댓글:55 저장:378 공유:158 날짜: | 원 투&#129354;&#10;…⁠자세히⁠ ⁠|⁠ ⁠원본 보기
2026-03-10 06:21:11,172 [INFO]   [11] 조회수:16,000 좋아요:5,461 댓글:74 저장:559 공유:188 날짜: | 부숴버려 &#128374;️#ALL_H_OURS #올아워즈 #ON_N #
2026-03-10 06:21:18,158 [INFO]   [12] 조회수:7,785 좋아요:2,411 댓글:38 저장:170 공유:43 날짜: | 군호 바이브&#127925;&#10;…⁠자세히⁠ ⁠|⁠ ⁠원본 보기
2026-03-10 06:21:25,175 [INFO]   [13] 조회수:14,000 좋아요:4,915 댓글:40 저장:397 공유:110 날짜: | FaceTime&#128241;#ALL_H_OURS #올아워즈 #HYUN
2026-03-10 06:21:32,197 [INFO]   [14] 조회수:12,000 좋아요:3,829 댓글:52 저장:228 공유:101 날짜: | &#129418;MIAUNP&#129418; MIAU&#10;…⁠자세히⁠
2026-03-10 06:21:39,181 [INFO]   [15] 조회수:9,330 좋아요:3,132 댓글:39 저장:259 공유:91 날짜: | 왕관&#128081;#ALL_H_OURS #올아워즈 #ON_N #온  원
2026-03-10 06:21:46,174 [INFO]   [16] 조회수:16,000 좋아요:5,636 댓글:83 저장:480 공유:185 날짜: | Big girls don't cry &#128557;#ALL_H_OURS
2026-03-10 06:21:53,162 [INFO]   [17] 조회수:9,363 좋아요:2,965 댓글:54 저장:203 공유:96 날짜: | 토끼쇼 &#128007;&#10;…⁠자세히
2026-03-10 06:22:00,126 [INFO]   [18] 조회수:13,000 좋아요:4,587 댓글:45 저장:289 공유:94 날짜: | &#127831;&#127836;&#127858;&#10;…⁠자세히
2026-03-10 06:22:07,154 [INFO]   [19] 조회수:8,716 좋아요:3,022 댓글:41 저장:261 공유:59 날짜: | Chunky&#128526;&#10;…⁠자세히⁠ ⁠|⁠ ⁠원본 보기
2026-03-10 06:22:14,162 [INFO]   [20] 조회수:32,000 좋아요:11,000 댓글:88 저장:912 공유:334 날짜: | 대체자&#128170;#ALL_H_OURS #올아워즈 #XAYDEN #제
2026-03-10 06:22:21,127 [INFO]   [21] 조회수:7,273 좋아요:2,269 댓글:41 저장:158 공유:62 날짜: | 행운을 빕니다&#128157;&#10;…⁠자세히⁠ ⁠|⁠ ⁠원본 보기
2026-03-10 06:22:28,083 [INFO]   [22] 조회수:19,000 좋아요:3,887 댓글:72 저장:265 공유:279 날짜: | &#128535;&#128536;&#129322;&#10;…⁠자세히
2026-03-10 06:22:35,189 [INFO]   [23] 조회수:72,000 좋아요:3,184 댓글:46 저장:248 공유:56 날짜: | Can't Nobody&#10;…⁠자세히⁠ ⁠|⁠ ⁠원본 보기
2026-03-10 06:22:42,210 [INFO]   [24] 조회수:13,000 좋아요:31,000 댓글:269 저장:2,134 공유:1,154 날짜: | 아드레날린&#128516;#ALL_H_OURS #올아워즈 #YOUMIN 
2026-03-10 06:22:49,267 [INFO]   [25] 조회수:10,000 좋아요:7,271 댓글:58 저장:511 공유:152 날짜: | 404, the new era, era#ALL_H_OURS #올아워즈 #
2026-03-10 06:22:56,262 [INFO]   [26] 조회수:110,000 좋아요:2,890 댓글:38 저장:207 공유:100 날짜: | CHICAGO~&#127925;#ALL_H_OURS #올아워즈 #KUNH
2026-03-10 06:23:03,272 [INFO]   [27] 조회수:25,000 좋아요:6,816 댓글:51 저장:533 공유:273 날짜: | BANG BANG&#128158;#ALL_H_OURS #올아워즈 #ON_
2026-03-10 06:23:10,252 [INFO]   [28] 조회수:9,347 좋아요:1,641 댓글:21 저장:101 공유:15 날짜: | 달려라 민제&#127939;‍♂️‍➡️&#10;…⁠자세히
2026-03-10 06:23:17,232 [INFO]   [29] 조회수:22,000 좋아요:1,185 댓글:14 저장:75 공유:11 날짜: | 2026 신년 올아워즈 뽑기&#127873;&#10;…⁠자세히
2026-03-10 06:23:24,239 [INFO]   [30] 조회수:7,376 좋아요:5,641 댓글:41 저장:492 공유:151 날짜: | YOUR WAY'S BETTER#ALL_H_OURS #올아워즈 #HYUN
2026-03-10 06:23:31,221 [INFO]   [31] 조회수:7,164 좋아요:1,160 댓글:22 저장:107 공유:36 날짜: | LIL BIT&#129418;&#10;…⁠자세히⁠ ⁠|⁠ ⁠원본 보기
2026-03-10 06:23:38,172 [INFO]   [32] 조회수:21,000 좋아요:3,088 댓글:28 저장:221 공유:51 날짜: | 뉴욕&#128509;에서#ALL_H_OURS #올아워즈 #ON_N #온 
2026-03-10 06:23:45,173 [INFO]   [33] 조회수:4,829 좋아요:7,375 댓글:54 저장:486 공유:200 날짜: | I DON'T WANT A VALENTINE&#128374;️#ALL_H
2026-03-10 06:23:52,129 [INFO]   [34] 조회수:11,000 좋아요:3,969 댓글:29 저장:299 공유:93 날짜: | ROCK THE NATION&#127928;#ALL_H_OURS #올아워
2026-03-10 06:23:59,111 [INFO]   [35] 조회수:23,000 좋아요:5,851 댓글:65 저장:398 공유:146 날짜: | Moonwalkin&#128526; dc@badalee__ #ALL_H_
2026-03-10 06:24:06,048 [INFO]   [36] 조회수:9,784 좋아요:7,704 댓글:53 저장:586 공유:182 날짜: | 딱 현관문 앞까지만&#128682;&#10;…⁠자세히
2026-03-10 06:24:13,018 [INFO]   [37] 조회수:15,000 좋아요:1,739 댓글:23 저장:96 공유:23 날짜: | NORTH AMERICA, ALL(H)OURS를 준비됐나요?&#10;…⁠
2026-03-10 06:24:20,047 [INFO]   [38] 조회수:7,285 좋아요:2,314 댓글:29 저장:180 공유:57 날짜: | 나나미! 토모에♡&#10;…⁠자세히
2026-03-10 06:24:26,964 [INFO]   [39] 조회수:13,000 좋아요:1,970 댓글:24 저장:145 공유:51 날짜: | 하고 있는데에~&#10;…⁠자세히
2026-03-10 06:24:33,951 [INFO]   [40] 조회수:19,000 좋아요:2,366 댓글:33 저장:172 공유:95 날짜: | 미닛 놀 준비 됐어? ✊✋✌&#128158;&#10;…⁠자세히
2026-03-10 06:24:41,018 [INFO]   [41] 조회수:72,000 좋아요:2,412 댓글:33 저장:179 공유:51 날짜: | 윤정아&#128102;&#127995; 윤정아&#129318;&#1279
2026-03-10 06:24:47,986 [INFO]   [42] 조회수:7,397 좋아요:3,854 댓글:46 저장:309 공유:126 날짜: | 우린 가끔 아웅다웅 &#128062;&#10;…⁠자세히
2026-03-10 06:24:54,943 [INFO]   [43] 조회수:9,182 좋아요:4,117 댓글:26 저장:383 공유:96 날짜: | HAPPY&#128147;#ALL_H_OURS #올아워즈 #MINJE #
2026-03-10 06:25:01,951 [INFO]   [44] 조회수:15,000 좋아요:2,981 댓글:42 저장:208 공유:102 날짜: | 아 아&#127881;#ALL_H_OURS #올아워즈 #MASAMI #마
2026-03-10 06:25:08,955 [INFO]   [45] 조회수:7,415 좋아요:3,964 댓글:60 저장:302 공유:127 날짜: | &#129784;&#129307;&#127744;&#128591;&#10
2026-03-10 06:25:14,129 [INFO]   -> 저장: 45개 게시물 (기존 0개)
2026-03-10 06:25:14,130 [INFO]   -> 게시물 45개, 평균좋아요 6,320, ER(likes) 11.77%
2026-03-10 06:25:14,175 [INFO] 
============================================================
2026-03-10 06:25:14,176 [INFO] 크롤링 완료: 5개 그룹
2026-03-10 06:25:14,176 [INFO] 요약: G:\내 드라이브\01.Work\04.AI.M.Contents\00.pumit\04.aimcontents.com\idol-sns-app\data\tiktok-data\tiktok-summary-a32.json
2026-03-10 06:25:14,176 [INFO] 
Top 10 팔로워:
2026-03-10 06:25:14,176 [INFO]   1. 크래비티                  3,783,000
2026-03-10 06:25:14,176 [INFO]   2. 유니스                   2,774,000
2026-03-10 06:25:14,177 [INFO]   3. 에잇턴                   2,005,000
2026-03-10 06:25:14,177 [INFO]   4. 미래소년                  1,466,000
2026-03-10 06:25:14,177 [INFO]   5. 올아워즈                    698,000
2026-03-10 06:25:14,177 [INFO] 
그리드 조회수 수집 성공: 5/5개 그룹
2026-03-10 06:25:15,690 [INFO] 화면 상시 켜짐 해제
