2026-03-11 22:23:50,378 [INFO] 디바이스 연결 확인: R3CTC0CHJBT
2026-03-11 22:23:50,459 [INFO] 틱톡 URL 보유: 173개
2026-03-11 22:23:52,737 [INFO] zero-posts 모드: 39개 (팔로워 100,000+ 필터)
2026-03-11 22:23:52,737 [INFO] 크롤링 시작: 39개 그룹
2026-03-11 22:23:52,738 [INFO] 
============================================================
2026-03-11 22:23:52,738 [INFO] [1/39] 엔시티 일이칠 (NCT 127)
2026-03-11 22:23:52,738 [INFO] ============================================================
2026-03-11 22:23:52,934 [WARNING]   TikTok이 포그라운드 아님, 복귀 시도...
2026-03-11 22:24:03,547 [INFO]   프로필: NCT Official | 팔로워 14,918,000 | 좋아요 1,490,000,000
2026-03-11 22:24:03,548 [INFO]   그리드 비디오: 6개 (조회수: [220000, 40000, 208000])
2026-03-11 22:24:16,047 [INFO]   [1] 좋아요:76,000 댓글:286 저장:3,393 공유:1,239 날짜:2026-03-11 | 추워!!&#10;…⁠자세히
2026-03-11 22:24:22,286 [INFO]   [2] 좋아요:16,000 댓글:166 저장:1,056 공유:479 날짜:2026-03-11 | 네가 바래왔던&#10;…⁠자세히
2026-03-11 22:24:28,598 [INFO]   [3] 좋아요:67,000 댓글:512 저장:4,173 공유:1,830 날짜:2026-03-10 | corporate era&#10;…⁠자세히⁠ ⁠|⁠ ⁠
2026-03-11 22:24:34,799 [INFO]   [4] 좋아요:151,000 댓글:491 저장:4,419 공유:3,573 날짜:2026-03-09 | oh this spot looks nice&#10;…⁠자세히⁠ ⁠|⁠ ⁠
2026-03-11 22:24:41,001 [INFO]   [5] 좋아요:199,000 댓글:1,043 저장:12,000 공유:8,153 날짜:2026-03-09 | ⚪️⚫️&#10;…⁠자세히
2026-03-11 22:24:47,347 [INFO]   [6] 좋아요:129,000 댓글:582 저장:7,386 공유:3,414 날짜:2026-03-09 | 사모예드랑&#10;…⁠자세히
2026-03-11 22:24:53,648 [INFO]   [7] 좋아요:93,000 댓글:571 저장:5,700 공유:2,374 날짜:2026-03-09 | focus&#10;…⁠자세히⁠ ⁠|⁠ ⁠
2026-03-11 22:24:59,836 [INFO]   [8] 좋아요:106,000 댓글:774 저장:7,169 공유:2,947 날짜:2026-03-09 | ✋✋&#10;…⁠자세히
2026-03-11 22:25:06,027 [INFO]   [9] 좋아요:101,000 댓글:644 저장:6,467 공유:2,421 날짜:2026-03-09 | ★★..♬&#10;…⁠자세히
2026-03-11 22:25:12,332 [INFO]   [10] 좋아요:444,000 댓글:2,436 저장:22,000 공유:13,000 날짜:2026-03-08 | 파트 24 | BOTH SIDES with #JISUNG&#10;…⁠자세
2026-03-11 22:25:18,623 [INFO]   [11] 좋아요:51,000 댓글:286 저장:2,450 공유:679 날짜:2026-03-08 | today’s ⚾️&#128165;&#10;…⁠자세히⁠ ⁠|⁠ ⁠
2026-03-11 22:25:24,750 [INFO]   [12] 좋아요:50,000 댓글:327 저장:3,072 공유:794 날짜:2026-03-08 | power&#10;…⁠자세히⁠ ⁠|⁠ ⁠
2026-03-11 22:25:30,989 [INFO]   [13] 좋아요:330,000 댓글:1,582 저장:20,000 공유:8,929 날짜:2026-03-08 | NO BATIDÃO&#10;…⁠자세히⁠ ⁠|⁠ ⁠
2026-03-11 22:25:37,273 [INFO]   [14] 좋아요:109,000 댓글:689 저장:4,896 공유:2,695 날짜:2026-03-08 | ⚾️ lets run it&#10;…⁠자세히⁠ ⁠|⁠ ⁠
2026-03-11 22:25:43,498 [INFO]   [15] 좋아요:292,000 댓글:2,287 저장:18,000 공유:11,000 날짜:2026-03-08 | &#127822;&#10;…⁠자세히
2026-03-11 22:25:49,515 [INFO]   [16] 좋아요:176,000 댓글:555 저장:11,000 공유:2,738 날짜:2026-03-08 | &#128222;&#128222;&#10;…⁠자세히
2026-03-11 22:25:55,743 [INFO]   [17] 좋아요:565,000 댓글:2,579 저장:28,000 공유:22,000 날짜:2026-03-07 | 미워&#10;…⁠자세히
2026-03-11 22:26:01,966 [INFO]   [18] 좋아요:359,000 댓글:854 저장:18,000 공유:9,318 날짜:2026-03-07 | 파트 23 | Like snap-snap&#10;…⁠자세히⁠ ⁠|⁠ ⁠
2026-03-11 22:26:08,269 [INFO]   [19] 좋아요:538,000 댓글:4,135 저장:24,000 공유:18,000 날짜:2026-03-06 | 파트 22 | 신나면 됐지&#129418; #RENJUN&#10;…⁠자세
2026-03-11 22:26:14,573 [INFO]   [20] 좋아요:106,000 댓글:517 저장:5,712 공유:2,397 날짜:2026-03-06 | Pose flash flash&#10;…⁠자세히⁠ ⁠|⁠ ⁠
2026-03-11 22:26:20,826 [INFO]   [21] 좋아요:126,000 댓글:731 저장:5,487 공유:3,449 날짜:2026-03-05 | Going to paris, so i’m…&#10;…⁠자세히⁠ ⁠|⁠ ⁠
2026-03-11 22:26:27,143 [INFO]   [22] 좋아요:301,000 댓글:1,369 저장:15,000 공유:9,026 날짜:2026-03-05 | 파트 21 | BOTH SIDES with #MARK #CHENLE…⁠자
2026-03-11 22:26:33,467 [INFO]   [23] 좋아요:77,000 댓글:265 저장:4,712 공유:1,517 날짜:2026-03-05 | Turn out, Inside&#10;…⁠자세히⁠ ⁠|⁠ ⁠
2026-03-11 22:26:39,767 [INFO]   [24] 좋아요:20,000 댓글:197 저장:1,438 공유:636 날짜:2026-03-05 | flashh&#10;…⁠자세히⁠ ⁠|⁠ ⁠
2026-03-11 22:26:46,059 [INFO]   [25] 좋아요:26,000 댓글:196 저장:1,559 공유:480 날짜:2026-03-05 | #NCT #JOHNNY with #AcneStudios&#10;…⁠자세히
2026-03-11 22:26:52,362 [INFO]   [26] 좋아요:41,000 댓글:365 저장:2,076 공유:958 날짜:2026-03-05 | pre-show mood : hyped&#10;…⁠자세히⁠ ⁠|⁠ ⁠
2026-03-11 22:26:58,616 [INFO]   [27] 좋아요:117,000 댓글:429 저장:6,198 공유:2,305 날짜:2026-03-04 | 사모예드가 부쉈어요&#10;…⁠자세히
2026-03-11 22:27:04,951 [INFO]   [28] 좋아요:48,000 댓글:208 저장:3,224 공유:816 날짜:2026-03-04 | Snap snap&#10;…⁠자세히⁠ ⁠|⁠ ⁠
2026-03-11 22:27:11,209 [INFO]   [29] 좋아요:228,000 댓글:452 저장:10,000 공유:4,212 날짜:2026-03-04 | 고맙다고 고맙다고 고맙다고!&#10;…⁠자세히
2026-03-11 22:27:17,528 [INFO]   [30] 좋아요:25,000 댓글:331 저장:1,782 공유:1,309 날짜:2026-03-04 | grrrrwm #letsgo&#10;…⁠자세히⁠ ⁠|⁠ ⁠
2026-03-11 22:27:23,497 [INFO]   [31] 좋아요:145,000 댓글:988 저장:5,920 공유:6,391 날짜:2026-03-04 | le photobooth à #paris&#10;…⁠자세히⁠ ⁠|⁠ ⁠
2026-03-11 22:27:29,388 [INFO]   [32] 좋아요:371,000 댓글:1,837 저장:19,000 공유:17,000 날짜:2026-03-03 | fit check&#10;…⁠자세히⁠ ⁠|⁠ ⁠
2026-03-11 22:27:35,436 [INFO]   [33] 좋아요:273,000 댓글:975 저장:13,000 공유:12,000 날짜:2026-03-03 | &#128074;&#128074;&#10;…⁠자세히
2026-03-11 22:27:41,611 [INFO]   [34] 좋아요:333,000 댓글:1,266 저장:21,000 공유:17,000 날짜:2026-03-02 | 파트 20 | Left right&#10;…⁠자세히⁠ ⁠|⁠ ⁠
2026-03-11 22:27:47,886 [INFO]   [35] 좋아요:233,000 댓글:818 저장:14,000 공유:8,028 날짜:2026-03-02 | 파트 19 | Up down &#10;…⁠자세히⁠ ⁠|⁠ ⁠
2026-03-11 22:27:54,188 [INFO]   [36] 좋아요:121,000 댓글:789 저장:6,781 공유:3,616 날짜:2026-03-02 | #sexier &#10;…⁠자세히
2026-03-11 22:28:00,495 [INFO]   [37] 좋아요:108,000 댓글:520 저장:6,798 공유:2,322 날짜:2026-03-01 | 파트 18 | ✌️ &#10;…⁠자세히
2026-03-11 22:28:06,652 [INFO]   [38] 좋아요:2,137,000 댓글:16,000 저장:95,000 공유:132,000 날짜:2026-03-01 | &#128374;️ &#128374;️&#10;…⁠자세히
2026-03-11 22:28:12,971 [INFO]   [39] 좋아요:409,000 댓글:1,103 저장:21,000 공유:8,872 날짜:2026-03-01 | 파트 17 | BOTH SIDES with #DOHOON @TWS …⁠자
2026-03-11 22:28:19,324 [INFO]   [40] 좋아요:105,000 댓글:516 저장:6,594 공유:1,872 날짜:2026-02-28 | &#128175;&#10;…⁠자세히
2026-03-11 22:28:25,738 [INFO]   [41] 좋아요:762,000 댓글:2,214 저장:31,000 공유:24,000 날짜:2026-02-28 | 파트 16 | BOTH SIDES with #STELLA @Hearts2
2026-03-11 22:28:32,079 [INFO]   [42] 좋아요:402,000 댓글:1,829 저장:15,000 공유:10,000 날짜:2026-02-28 | 파트 15 | BOTH SIDES with #IAN @Hearts2Hea
2026-03-11 22:28:38,343 [INFO]   [43] 좋아요:506,000 댓글:3,491 저장:25,000 공유:14,000 날짜:2026-02-28 | 파트 14 | BOTH SIDES with #HAECHAN&#10;…⁠자
2026-03-11 22:28:44,587 [INFO]   [44] 좋아요:205,000 댓글:860 저장:12,000 공유:4,275 날짜:2026-02-28 | &#127381;&#10;…⁠자세히
2026-03-11 22:28:50,811 [INFO]   [45] 좋아요:229,000 댓글:1,010 저장:14,000 공유:5,067 날짜:2026-02-28 | rikuuuuu&#10;…⁠자세히⁠ ⁠|⁠ ⁠
2026-03-11 22:28:56,034 [INFO]   → 게시물 45개, 평균좋아요 251,244, 참여율 623.0%
2026-03-11 22:28:59,036 [INFO] 
============================================================
2026-03-11 22:28:59,038 [INFO] [2/39] 트레저 (TREASURE)
2026-03-11 22:28:59,039 [INFO] ============================================================
2026-03-11 22:28:59,238 [WARNING]   TikTok이 포그라운드 아님, 복귀 시도...
2026-03-11 22:29:08,376 [INFO]   프로필: TREASURE | 팔로워 8,410,000 | 좋아요 500,000,000
2026-03-11 22:29:08,378 [INFO]   그리드 비디오: 6개 (조회수: [1064000, 289000, 170000])
2026-03-11 22:29:20,777 [INFO]   [1] 2025-09-01 — 30일 이전, 중단
2026-03-11 22:29:23,978 [INFO]   → 게시물 0개, 평균좋아요 0, 참여율 0%
2026-03-11 22:29:26,980 [INFO] 
============================================================
2026-03-11 22:29:26,982 [INFO] [3/39] 제로베이스원 (ZEROBASEONE)
2026-03-11 22:29:26,983 [INFO] ============================================================
2026-03-11 22:29:27,140 [WARNING]   TikTok이 포그라운드 아님, 복귀 시도...
2026-03-11 22:29:36,122 [INFO]   프로필: ZEROBASEONE | 팔로워 5,286,000 | 좋아요 390,000,000
2026-03-11 22:29:36,124 [INFO]   그리드 비디오: 6개 (조회수: [316000, 500000, 841000])
2026-03-11 22:30:03,676 [INFO]   [1] 2026-01-23 — 30일 이전, 중단
2026-03-11 22:30:06,875 [INFO]   → 게시물 0개, 평균좋아요 0, 참여율 0%
2026-03-11 22:30:09,877 [INFO] 
============================================================
2026-03-11 22:30:09,878 [INFO] [4/39] 아이콘 (Ikon)
2026-03-11 22:30:09,879 [INFO] ============================================================
2026-03-11 22:30:10,027 [WARNING]   TikTok이 포그라운드 아님, 복귀 시도...
2026-03-11 22:30:19,027 [INFO]   프로필: withikonic | 팔로워 3,146,000 | 좋아요 31,615,000
2026-03-11 22:30:19,029 [INFO]   그리드 비디오: 6개 (조회수: [440000, 88000, 262000])
2026-03-11 22:30:31,393 [INFO]   [1] 2026-01-13 — 30일 이전, 중단
2026-03-11 22:30:34,546 [INFO]   → 게시물 0개, 평균좋아요 0, 참여율 0%
2026-03-11 22:30:37,548 [INFO] 
============================================================
2026-03-11 22:30:37,551 [INFO] [5/39] 피프티피프티 (FIFTY FIFTY)
2026-03-11 22:30:37,552 [INFO] ============================================================
2026-03-11 22:30:37,705 [WARNING]   TikTok이 포그라운드 아님, 복귀 시도...
2026-03-11 22:30:46,600 [INFO]   프로필: Fifty Fifty Official | 팔로워 2,091,000 | 좋아요 39,836,000
2026-03-11 22:30:46,602 [INFO]   그리드 비디오: 6개 (조회수: [7735000, 186000, 164000])
2026-03-11 22:31:14,021 [INFO]   [1] 2025-11-03 — 30일 이전, 중단
2026-03-11 22:31:17,203 [INFO]   → 게시물 0개, 평균좋아요 0, 참여율 0%
2026-03-11 22:31:20,220 [INFO] 
============================================================
2026-03-11 22:31:20,222 [INFO] [6/39] 아트비트 (ARTBEAT v)
2026-03-11 22:31:20,223 [INFO] ============================================================
2026-03-11 22:31:20,415 [WARNING]   TikTok이 포그라운드 아님, 복귀 시도...
2026-03-11 22:31:29,500 [INFO]   프로필: ARTBEAT | 팔로워 1,918,000 | 좋아요 69,246,000
2026-03-11 22:31:29,502 [INFO]   그리드 비디오: 6개 (조회수: [129000, 68000, 188000])
2026-03-11 22:31:57,259 [INFO]   [1] 2025-11-04 — 30일 이전, 중단
2026-03-11 22:32:00,444 [INFO]   → 게시물 0개, 평균좋아요 0, 참여율 0%
2026-03-11 22:32:03,446 [INFO] 
============================================================
2026-03-11 22:32:03,448 [INFO] [7/39] 이펙스 (EPEX)
2026-03-11 22:32:03,449 [INFO] ============================================================
2026-03-11 22:32:03,616 [WARNING]   TikTok이 포그라운드 아님, 복귀 시도...
2026-03-11 22:32:12,648 [INFO]   프로필: EPEX | 팔로워 1,783,000 | 좋아요 50,762,000
2026-03-11 22:32:12,650 [INFO]   그리드 비디오: 6개 (조회수: [35834000, 29305000, 34000])
2026-03-11 22:32:25,014 [INFO]   [1] 2025-02-04 — 30일 이전, 중단
2026-03-11 22:32:28,202 [INFO]   → 게시물 0개, 평균좋아요 0, 참여율 0%
2026-03-11 22:32:31,205 [INFO] 
============================================================
2026-03-11 22:32:31,207 [INFO] [8/39] 엘라스트 (E'LAST)
2026-03-11 22:32:31,208 [INFO] ============================================================
2026-03-11 22:32:31,366 [WARNING]   TikTok이 포그라운드 아님, 복귀 시도...
2026-03-11 22:32:40,325 [INFO]   프로필: E'LAST (엘라스트) | 팔로워 1,528,000 | 좋아요 27,092,000
2026-03-11 22:32:40,327 [INFO]   그리드 비디오: 6개 (조회수: [1377000, 623000, 912000])
2026-03-11 22:32:52,618 [INFO]   [1] 2025-09-28 — 30일 이전, 중단
2026-03-11 22:32:55,809 [INFO]   → 게시물 0개, 평균좋아요 0, 참여율 0%
2026-03-11 22:32:58,811 [INFO] 
============================================================
2026-03-11 22:32:58,813 [INFO] [9/39] 싸이커스 (xikers)
2026-03-11 22:32:58,814 [INFO] ============================================================
2026-03-11 22:32:58,987 [WARNING]   TikTok이 포그라운드 아님, 복귀 시도...
2026-03-11 22:33:07,908 [INFO]   프로필: xikers_official | 팔로워 1,451,000 | 좋아요 71,960,000
2026-03-11 22:33:07,909 [INFO]   그리드 비디오: 6개 (조회수: [578000, 7425, 99000])
2026-03-11 22:33:20,289 [INFO]   [1] 2025-10-31 — 30일 이전, 중단
2026-03-11 22:33:23,448 [INFO]   → 게시물 0개, 평균좋아요 0, 참여율 0%
2026-03-11 22:33:26,450 [INFO] 
============================================================
2026-03-11 22:33:26,452 [INFO] [10/39] 키키 (KiiiKiii)
2026-03-11 22:33:26,453 [INFO] ============================================================
2026-03-11 22:33:26,617 [WARNING]   TikTok이 포그라운드 아님, 복귀 시도...
2026-03-11 22:33:35,548 [INFO]   프로필: KiiiKiii | 팔로워 1,418,000 | 좋아요 38,788,000
2026-03-11 22:33:35,550 [INFO]   그리드 비디오: 6개 (조회수: [712000, 16000, 56000])
2026-03-11 22:34:03,099 [INFO]   [1] 좋아요:5,419 댓글:104 저장:330 공유:217 날짜:2026-03-11 | 파트 94 | work for it &#10;…⁠자세히⁠ ⁠|⁠ ⁠
2026-03-11 22:34:09,464 [INFO]   [2] 좋아요:14,000 댓글:184 저장:975 공유:328 날짜:2026-03-11 | 파트 250 | eeniemeeniemineymo&#10;…⁠자세히⁠ ⁠
2026-03-11 22:34:15,789 [INFO]   [skip] 광고: 홍보로 당신의 TikTok을 퍼지게 하세요!
2026-03-11 22:34:22,087 [INFO]   [3] 좋아요:67,000 댓글:413 저장:4,290 공유:1,569 날짜:2026-03-10 | 파트 93 | Delulu with IVE GAEUL&#10;…⁠자세히⁠
2026-03-11 22:34:28,374 [INFO]   [4] 좋아요:97,000 댓글:632 저장:6,235 공유:2,786 날짜:2026-03-09 | 파트 92 | Delulu with IVE REI &#10;…⁠자세히⁠ 
2026-03-11 22:34:34,711 [INFO]   [5] 좋아요:40,000 댓글:404 저장:2,876 공유:971 날짜:2026-03-08 | I told you we needed more glitter &#10;…
2026-03-11 22:34:41,035 [INFO]   [skip] 광고: 오늘 당신의 TikTok을 홍보하세요!
2026-03-11 22:34:47,478 [INFO]   [6] 좋아요:71,000 댓글:689 저장:4,311 공유:1,573 날짜:2026-03-08 | 파트 91 | ✨&#10;…⁠자세히
2026-03-11 22:34:53,770 [INFO]   [7] 좋아요:71,000 댓글:573 저장:4,916 공유:1,590 날짜:2026-03-07 | 파트 90 | make it clap⁴&#10;…⁠자세히⁠ ⁠|⁠ ⁠
2026-03-11 22:35:00,025 [INFO]   [8] 좋아요:32,000 댓글:347 저장:2,780 공유:828 날짜:2026-03-07 | 파트 249 | 아 알아서할게요;&#10;…⁠자세히
2026-03-11 22:35:06,299 [INFO]   [9] 좋아요:64,000 댓글:407 저장:4,463 공유:3,676 날짜:2026-03-06 | 파트 89 | Hope this works...&#10;…⁠자세히⁠ ⁠|
2026-03-11 22:35:12,619 [INFO]   [10] 좋아요:269,000 댓글:2,048 저장:18,000 공유:7,851 날짜:2026-03-06 | 파트 88 | darariraram&#10;…⁠자세히⁠ ⁠|⁠ ⁠
2026-03-11 22:35:18,999 [INFO]   [11] 좋아요:170,000 댓글:611 저장:12,000 공유:5,476 날짜:2026-03-06 | 파트 248 | i'm freezing outside&#10;…⁠자세히⁠
2026-03-11 22:35:25,370 [INFO]   [12] 좋아요:22,000 댓글:272 저장:1,603 공유:476 날짜:2026-03-06 | 파트 87 | ଘ(Delulu)━☆ﾟ.*･｡&#10;…⁠자세히⁠ ⁠|⁠ 
2026-03-11 22:35:31,686 [INFO]   [skip] 광고: 홍보를 시도하여 당신의 TikTok을 활성화하세요!
2026-03-11 22:35:38,080 [INFO]   [13] 좋아요:87,000 댓글:635 저장:5,611 공유:2,532 날짜:2026-03-05 | 파트 86 | pewwww &#10;…⁠자세히⁠ ⁠|⁠ ⁠
2026-03-11 22:35:44,329 [INFO]   [14] 좋아요:31,000 댓글:401 저장:2,668 공유:918 날짜:2026-03-05 | 파트 247 | &#129419;&#10;…⁠자세히
2026-03-11 22:35:50,692 [INFO]   [15] 좋아요:54,000 댓글:379 저장:3,866 공유:1,338 날짜:2026-03-05 | 파트 246 | delulu era era &#10;…⁠자세히⁠ ⁠|⁠ 
2026-03-11 22:35:56,855 [INFO]   [skip] 광고: 크리에이티브 디렉터 루이스 트로터의 새로운 2026 겨울 컬렉션을 선보입
2026-03-11 22:36:03,031 [INFO]   [16] 좋아요:135,000 댓글:854 저장:9,250 공유:4,615 날짜:2026-03-04 | 파트 85 | stay delulu &#10;…⁠자세히⁠ ⁠|⁠ ⁠
2026-03-11 22:36:09,337 [INFO]   [17] 좋아요:62,000 댓글:419 저장:4,274 공유:1,039 날짜:2026-03-04 | 파트 84 | 404 &#129506; with CRAVITY SEONG
2026-03-11 22:36:15,719 [INFO]   [18] 좋아요:83,000 댓글:467 저장:3,559 공유:1,566 날짜:2026-03-03 | 파트 83 | 키야랑 등교할 사람&#127979;&#128588;&#10
2026-03-11 22:36:21,964 [INFO]   [19] 좋아요:98,000 댓글:601 저장:6,153 공유:2,477 날짜:2026-03-02 | 파트 82 | welcome to delulu &#10;…⁠자세히⁠ ⁠|
2026-03-11 22:36:28,264 [INFO]   [20] 좋아요:127,000 댓글:625 저장:7,940 공유:2,660 날짜:2026-03-02 | 파트 245 | madd tinggggg ⚡︎&#10;…⁠자세히⁠ ⁠|⁠
2026-03-11 22:36:34,570 [INFO]   [21] 좋아요:54,000 댓글:1,051 저장:4,061 공유:1,825 날짜:2026-02-24 | 파트 244 | &#92432;°˚˙*⋆ 축 키키 첫 돌 ⋆*˙˚°&#9
2026-03-11 22:36:40,806 [INFO]   [skip] 광고: 어떻게 해야 벌에 쏘이지 않을까요?
2026-03-11 22:36:47,192 [INFO]   [22] 좋아요:29,000 댓글:297 저장:2,343 공유:789 날짜:2026-02-24 | 파트 243 | Fly to TiiiKiii✈️&#128153;&#10;
2026-03-11 22:36:53,511 [INFO]   [23] 좋아요:168,000 댓글:570 저장:9,807 공유:2,822 날짜:2026-02-23 | 파트 81 | 404 &#129506; with IDID JANGYONG
2026-03-11 22:36:59,627 [INFO]   [24] 좋아요:34,000 댓글:347 저장:2,537 공유:626 날짜:2026-02-19 | 파트 80 | 심&#128149;쿵&#128168;&#10;…⁠자세히
2026-03-11 22:37:06,077 [INFO]   [25] 좋아요:135,000 댓글:568 저장:7,051 공유:2,019 날짜:2026-02-19 | 파트 79 | 과자야 왜 도망가,,&#10;…⁠자세히
2026-03-11 22:37:12,392 [INFO]   [skip] 광고: 한국사람인지 확인하는 방법ㅋㅋㅋ #위플레이
2026-03-11 22:37:18,682 [INFO]   [26] 좋아요:21,000 댓글:314 저장:1,857 공유:416 날짜:2026-02-18 | 파트 242 | 제법 깜찍발칙한데&#10;…⁠자세히
2026-03-11 22:37:25,050 [INFO]   [27] 좋아요:363,000 댓글:972 저장:18,000 공유:7,324 날짜:2026-02-17 | 파트 78 | &#120282;&#120280;&#120289;&#120
2026-03-11 22:37:31,466 [INFO]   [28] 좋아요:41,000 댓글:450 저장:2,729 공유:781 날짜:2026-02-16 | 파트 241 | &#120286;&#120310;&#120310;&#12
2026-03-11 22:37:37,801 [INFO]   [skip] 광고: 홍보를 시도하여 당신의 TikTok을 활성화하세요!
2026-03-11 22:37:44,118 [INFO]   [29] 좋아요:15,000 댓글:289 저장:1,558 공유:506 날짜:2026-02-16 | 파트 240 | &#128008;‍⬛&#128420;&#10;…⁠자세히
2026-03-11 22:37:50,393 [INFO]   [30] 좋아요:32,000 댓글:347 저장:2,515 공유:778 날짜:2026-02-16 | 파트 239 | &#119870;&#119894;&#119904;&#11
2026-03-11 22:37:56,743 [INFO]   [31] 좋아요:23,000 댓글:229 저장:1,706 공유:288 날짜:2026-02-16 | 파트 77 | &#119870;&#119894;&#119894;&#119
2026-03-11 22:38:03,013 [INFO]   [32] 좋아요:94,000 댓글:377 저장:5,202 공유:1,625 날짜:2026-02-15 | 파트 76 | bts of 404 (New Era)&#129506;&#1
2026-03-11 22:38:09,335 [INFO]   [33] 좋아요:354,000 댓글:986 저장:17,000 공유:6,404 날짜:2026-02-15 | 파트 75 | 404 &#129506; with IVE ANYUJIN&#
2026-03-11 22:38:15,703 [INFO]   [34] 좋아요:4,627 댓글:83 저장:514 공유:103 날짜:2026-02-15 | 404 The new era era&#129506; @KiiiKiii &
2026-03-11 22:38:22,022 [INFO]   [35] 좋아요:162,000 댓글:798 저장:8,472 공유:3,414 날짜:2026-02-15 | 파트 238 | sync 100%✨ &#10;…⁠자세히⁠ ⁠|⁠ ⁠
2026-03-11 22:38:28,375 [INFO]   [36] 좋아요:128,000 댓글:551 저장:7,963 공유:2,106 날짜:2026-02-15 | 파트 237 | &#119809;&#119808;&#119821;&#11
2026-03-11 22:38:34,789 [INFO]   [skip] 광고: ब्राभो कोरिया एप पत्ता लगाउनुहोस्
2026-03-11 22:38:36,749 [INFO]   광고 8개 필터링됨
2026-03-11 22:38:39,938 [INFO]   → 게시물 36개, 평균좋아요 90,473, 참여율 209.81%
2026-03-11 22:38:42,956 [INFO] 
============================================================
2026-03-11 22:38:42,958 [INFO] [11/39] 더뉴식스 (THE NEW SIX)
2026-03-11 22:38:42,959 [INFO] ============================================================
2026-03-11 22:38:43,133 [WARNING]   TikTok이 포그라운드 아님, 복귀 시도...
2026-03-11 22:38:52,196 [INFO]   프로필: TNX | 팔로워 1,389,000 | 좋아요 33,565,000
2026-03-11 22:38:52,198 [INFO]   그리드 비디오: 6개 (조회수: [32000, 3747000, 11000])
2026-03-11 22:39:19,857 [INFO]   [1] 2026-01-22 — 30일 이전, 중단
2026-03-11 22:39:23,037 [INFO]   → 게시물 0개, 평균좋아요 0, 참여율 0%
2026-03-11 22:39:26,039 [INFO] 
============================================================
2026-03-11 22:39:26,041 [INFO] [12/39] 씨아이엑스 (CIX)
2026-03-11 22:39:26,042 [INFO] ============================================================
2026-03-11 22:39:26,180 [WARNING]   TikTok이 포그라운드 아님, 복귀 시도...
2026-03-11 22:39:35,139 [INFO]   프로필: CIX (씨아이엑스) | 팔로워 1,174,000 | 좋아요 22,722,000
2026-03-11 22:39:35,140 [INFO]   그리드 비디오: 6개 (조회수: [48000, 36000, 36000])
2026-03-11 22:39:47,523 [INFO]   [1] 2025-12-25 — 30일 이전, 중단
2026-03-11 22:39:50,701 [INFO]   → 게시물 0개, 평균좋아요 0, 참여율 0%
2026-03-11 22:39:53,703 [INFO] 
============================================================
2026-03-11 22:39:53,704 [INFO] [13/39] 블랙스완 (BLACKSWAN)
2026-03-11 22:39:53,705 [INFO] ============================================================
2026-03-11 22:39:53,885 [WARNING]   TikTok이 포그라운드 아님, 복귀 시도...
2026-03-11 22:40:02,952 [INFO]   프로필: Blackswan | 팔로워 1,090,000 | 좋아요 20,570,000
2026-03-11 22:40:02,954 [INFO]   그리드 비디오: 6개 (조회수: [195000, 173000, 298000])
2026-03-11 22:40:30,677 [INFO]   [1] 2026-01-19 — 30일 이전, 중단
2026-03-11 22:40:33,886 [INFO]   → 게시물 0개, 평균좋아요 0, 참여율 0%
2026-03-11 22:40:36,888 [INFO] 
============================================================
2026-03-11 22:40:36,890 [INFO] [14/39] 더보이즈 (THE BOYZ)
2026-03-11 22:40:36,891 [INFO] ============================================================
2026-03-11 22:40:37,062 [WARNING]   TikTok이 포그라운드 아님, 복귀 시도...
2026-03-11 22:40:46,004 [INFO]   프로필: THE BOYZ | 팔로워 972,000 | 좋아요 24,106,000
2026-03-11 22:40:46,005 [INFO]   그리드 비디오: 6개 (조회수: [648000, 159000, 491000])
2026-03-11 22:40:58,637 [INFO]   [1] 2026-01-25 — 30일 이전, 중단
2026-03-11 22:41:01,835 [INFO]   → 게시물 0개, 평균좋아요 0, 참여율 0%
2026-03-11 22:41:04,837 [INFO] 
============================================================
2026-03-11 22:41:04,837 [INFO] [15/39] 에이티비오 (ATBO)
2026-03-11 22:41:04,838 [INFO] ============================================================
2026-03-11 22:41:04,997 [WARNING]   TikTok이 포그라운드 아님, 복귀 시도...
2026-03-11 22:41:14,101 [INFO]   프로필: ATBO | 팔로워 726,000 | 좋아요 6,200,000
2026-03-11 22:41:14,102 [INFO]   그리드 비디오: 6개 (조회수: [80000, 134000, 31000])
2026-03-11 22:41:26,640 [INFO]   [1] 2025-07-07 — 30일 이전, 중단
2026-03-11 22:41:29,803 [INFO]   → 게시물 0개, 평균좋아요 0, 참여율 0%
2026-03-11 22:41:32,822 [INFO] 
============================================================
2026-03-11 22:41:32,824 [INFO] [16/39] 유나이트 (YOUNITE)
2026-03-11 22:41:32,825 [INFO] ============================================================
2026-03-11 22:41:32,978 [WARNING]   TikTok이 포그라운드 아님, 복귀 시도...
2026-03-11 22:41:41,958 [INFO]   프로필: YOUNITE | 팔로워 656,000 | 좋아요 21,311,000
2026-03-11 22:41:41,960 [INFO]   그리드 비디오: 6개 (조회수: [4147000, 9116000, 7250000])
2026-03-11 22:41:54,549 [INFO]   [1] 2024-06-16 — 30일 이전, 중단
2026-03-11 22:41:57,705 [INFO]   → 게시물 0개, 평균좋아요 0, 참여율 0%
2026-03-11 22:42:00,707 [INFO] 
============================================================
2026-03-11 22:42:00,709 [INFO] [17/39] 트렌드지 (TRENDZ)
2026-03-11 22:42:00,710 [INFO] ============================================================
2026-03-11 22:42:00,875 [WARNING]   TikTok이 포그라운드 아님, 복귀 시도...
2026-03-11 22:42:09,815 [INFO]   프로필: TRENDZ 트렌드지 | 팔로워 634,000 | 좋아요 14,891,000
2026-03-11 22:42:09,817 [INFO]   그리드 비디오: 6개 (조회수: [3575000, 4161000, 5795000])
2026-03-11 22:42:22,240 [INFO]   [1] 2023-10-21 — 30일 이전, 중단
2026-03-11 22:42:25,435 [INFO]   → 게시물 0개, 평균좋아요 0, 참여율 0%
2026-03-11 22:42:28,437 [INFO] 
============================================================
2026-03-11 22:42:28,438 [INFO] [18/39] 아이덴티티 (idntt)
2026-03-11 22:42:28,439 [INFO] ============================================================
2026-03-11 22:42:28,577 [WARNING]   TikTok이 포그라운드 아님, 복귀 시도...
2026-03-11 22:42:37,559 [INFO]   프로필: idntt | 팔로워 487,000 | 좋아요 7,626,000
2026-03-11 22:42:37,560 [INFO]   그리드 비디오: 6개 (조회수: [169000, 168000, 158000])
2026-03-11 22:43:05,204 [INFO]   [1] 2026-01-05 — 30일 이전, 중단
2026-03-11 22:43:08,420 [INFO]   → 게시물 0개, 평균좋아요 0, 참여율 0%
2026-03-11 22:43:11,422 [INFO] 
============================================================
2026-03-11 22:43:11,423 [INFO] [19/39] 클라씨 (CLASS:y)
2026-03-11 22:43:11,424 [INFO] ============================================================
2026-03-11 22:43:11,585 [WARNING]   TikTok이 포그라운드 아님, 복귀 시도...
2026-03-11 22:43:20,770 [INFO]   프로필: CLASS:y(클라씨) | 팔로워 435,000 | 좋아요 17,190,000
2026-03-11 22:43:20,772 [INFO]   그리드 비디오: 6개 (조회수: [155000, 11000, 37000])
2026-03-11 22:43:29,641 [WARNING]   비디오 페이지 미진입, 재시도...
2026-03-11 22:43:38,671 [WARNING]   비디오 페이지 2차 실패, 프로필만 저장
2026-03-11 22:43:38,693 [INFO]   → 게시물 0개, 평균좋아요 0, 참여율 0%
2026-03-11 22:43:41,694 [INFO] 
============================================================
2026-03-11 22:43:41,696 [INFO] [20/39] 데이식스 (DAY6)
2026-03-11 22:43:41,697 [INFO] ============================================================
2026-03-11 22:43:41,844 [WARNING]   TikTok이 포그라운드 아님, 복귀 시도...
2026-03-11 22:43:51,891 [WARNING]   프로필 불일치: 기대=day6_official 실제=(없음), 재시도 1...
2026-03-11 22:44:02,085 [WARNING]   프로필 불일치: 기대=day6_official 실제=(없음), 재시도 2...
2026-03-11 22:44:13,141 [ERROR]   프로필 불일치 해소 실패: 기대=day6_official 실제=(없음)
2026-03-11 22:44:13,143 [INFO]   프로필: 3월 11일 수요일 | 팔로워 0 | 좋아요 0
2026-03-11 22:44:13,144 [WARNING]   그리드 비디오 없음, 재시도 1/3 (3초 대기)...
2026-03-11 22:44:20,151 [WARNING]   그리드 비디오 없음, 재시도 2/3 (5초 대기)...
2026-03-11 22:44:28,132 [WARNING]   그리드 비디오 없음, 재시도 3/3 (7초 대기)...
2026-03-11 22:44:38,101 [INFO]   그리드 비디오: 0개 (조회수: [])
2026-03-11 22:44:38,102 [WARNING]   그리드 비디오 없음 (3회 재시도 실패)
2026-03-11 22:44:38,120 [INFO]   → 게시물 0개, 평균좋아요 0, 참여율 0%
2026-03-11 22:44:41,136 [INFO] 
============================================================
2026-03-11 22:44:41,137 [INFO] [21/39] 리센느 (RESCENE)
2026-03-11 22:44:41,138 [INFO] ============================================================
2026-03-11 22:44:41,287 [WARNING]   TikTok이 포그라운드 아님, 복귀 시도...
2026-03-11 22:44:51,003 [WARNING]   프로필 불일치: 기대=rescene_official 실제=(없음), 재시도 1...
2026-03-11 22:45:00,975 [WARNING]   프로필 불일치: 기대=rescene_official 실제=(없음), 재시도 2...
2026-03-11 22:45:10,685 [ERROR]   프로필 불일치 해소 실패: 기대=rescene_official 실제=(없음)
2026-03-11 22:45:10,687 [INFO]   프로필: 3월 11일 수요일 | 팔로워 0 | 좋아요 0
2026-03-11 22:45:10,688 [WARNING]   그리드 비디오 없음, 재시도 1/3 (3초 대기)...
2026-03-11 22:45:17,049 [WARNING]   그리드 비디오 없음, 재시도 2/3 (5초 대기)...
2026-03-11 22:45:25,062 [WARNING]   그리드 비디오 없음, 재시도 3/3 (7초 대기)...
2026-03-11 22:45:35,560 [INFO]   그리드 비디오: 0개 (조회수: [])
2026-03-11 22:45:35,562 [WARNING]   그리드 비디오 없음 (3회 재시도 실패)
2026-03-11 22:45:35,580 [INFO]   → 게시물 0개, 평균좋아요 0, 참여율 0%
2026-03-11 22:45:38,582 [INFO] 
============================================================
2026-03-11 22:45:38,583 [INFO] [22/39] 루셈블 (Loossemble)
2026-03-11 22:45:38,584 [INFO] ============================================================
2026-03-11 22:45:38,724 [WARNING]   TikTok이 포그라운드 아님, 복귀 시도...
2026-03-11 22:45:49,027 [WARNING]   프로필 불일치: 기대=loossemble_official 실제=(없음), 재시도 1...
2026-03-11 22:45:59,085 [WARNING]   프로필 불일치: 기대=loossemble_official 실제=(없음), 재시도 2...
2026-03-11 22:46:11,089 [ERROR]   프로필 불일치 해소 실패: 기대=loossemble_official 실제=(없음)
2026-03-11 22:46:11,091 [INFO]   프로필: 3월 11일 수요일 | 팔로워 0 | 좋아요 0
2026-03-11 22:46:11,092 [WARNING]   그리드 비디오 없음, 재시도 1/3 (3초 대기)...
2026-03-11 22:46:17,058 [WARNING]   그리드 비디오 없음, 재시도 2/3 (5초 대기)...
2026-03-11 22:46:25,106 [WARNING]   그리드 비디오 없음, 재시도 3/3 (7초 대기)...
2026-03-11 22:46:34,996 [INFO]   그리드 비디오: 0개 (조회수: [])
2026-03-11 22:46:34,996 [WARNING]   그리드 비디오 없음 (3회 재시도 실패)
2026-03-11 22:46:35,015 [INFO]   → 게시물 0개, 평균좋아요 0, 참여율 0%
2026-03-11 22:46:38,017 [INFO] 
============================================================
2026-03-11 22:46:38,019 [INFO] [23/39] 판타지보이즈 (FANTASY BOYS)
2026-03-11 22:46:38,020 [INFO] ============================================================
2026-03-11 22:46:38,166 [WARNING]   TikTok이 포그라운드 아님, 복귀 시도...
2026-03-11 22:46:49,017 [WARNING]   프로필 불일치: 기대=official_fantasyboys 실제=(없음), 재시도 1...
2026-03-11 22:46:59,045 [WARNING]   프로필 불일치: 기대=official_fantasyboys 실제=(없음), 재시도 2...
2026-03-11 22:47:09,016 [ERROR]   프로필 불일치 해소 실패: 기대=official_fantasyboys 실제=(없음)
2026-03-11 22:47:09,018 [INFO]   프로필: 3월 11일 수요일 | 팔로워 0 | 좋아요 0
2026-03-11 22:47:09,019 [WARNING]   그리드 비디오 없음, 재시도 1/3 (3초 대기)...
2026-03-11 22:47:15,026 [WARNING]   그리드 비디오 없음, 재시도 2/3 (5초 대기)...
2026-03-11 22:47:23,073 [WARNING]   그리드 비디오 없음, 재시도 3/3 (7초 대기)...
2026-03-11 22:47:34,077 [INFO]   그리드 비디오: 0개 (조회수: [])
2026-03-11 22:47:34,079 [WARNING]   그리드 비디오 없음 (3회 재시도 실패)
2026-03-11 22:47:34,109 [INFO]   → 게시물 0개, 평균좋아요 0, 참여율 0%
2026-03-11 22:47:37,111 [INFO] 
============================================================
2026-03-11 22:47:37,112 [INFO] [24/39] 나인아이 (NINE.i)
2026-03-11 22:47:37,113 [INFO] ============================================================
2026-03-11 22:47:37,260 [WARNING]   TikTok이 포그라운드 아님, 복귀 시도...
2026-03-11 22:47:47,993 [WARNING]   프로필 불일치: 기대=nine.i_official 실제=(없음), 재시도 1...
2026-03-11 22:47:58,031 [WARNING]   프로필 불일치: 기대=nine.i_official 실제=(없음), 재시도 2...
2026-03-11 22:48:08,003 [ERROR]   프로필 불일치 해소 실패: 기대=nine.i_official 실제=(없음)
2026-03-11 22:48:08,005 [INFO]   프로필: 3월 11일 수요일 | 팔로워 0 | 좋아요 0
2026-03-11 22:48:08,006 [WARNING]   그리드 비디오 없음, 재시도 1/3 (3초 대기)...
2026-03-11 22:48:13,974 [WARNING]   그리드 비디오 없음, 재시도 2/3 (5초 대기)...
2026-03-11 22:48:21,823 [WARNING]   그리드 비디오 없음, 재시도 3/3 (7초 대기)...
2026-03-11 22:48:33,023 [INFO]   그리드 비디오: 0개 (조회수: [])
2026-03-11 22:48:33,024 [WARNING]   그리드 비디오 없음 (3회 재시도 실패)
2026-03-11 22:48:33,043 [INFO]   → 게시물 0개, 평균좋아요 0, 참여율 0%
2026-03-11 22:48:36,045 [INFO] 
============================================================
2026-03-11 22:48:36,047 [INFO] [25/39] 더킹덤 (The KingDom)
2026-03-11 22:48:36,048 [INFO] ============================================================
2026-03-11 22:48:36,187 [WARNING]   TikTok이 포그라운드 아님, 복귀 시도...
2026-03-11 22:48:46,008 [WARNING]   프로필 불일치: 기대=thekingdom_gfent 실제=(없음), 재시도 1...
2026-03-11 22:48:55,751 [WARNING]   프로필 불일치: 기대=thekingdom_gfent 실제=(없음), 재시도 2...
2026-03-11 22:49:05,506 [ERROR]   프로필 불일치 해소 실패: 기대=thekingdom_gfent 실제=(없음)
2026-03-11 22:49:05,508 [INFO]   프로필: 3월 11일 수요일 | 팔로워 0 | 좋아요 0
2026-03-11 22:49:05,509 [WARNING]   그리드 비디오 없음, 재시도 1/3 (3초 대기)...
2026-03-11 22:49:12,097 [WARNING]   그리드 비디오 없음, 재시도 2/3 (5초 대기)...
2026-03-11 22:49:20,079 [WARNING]   그리드 비디오 없음, 재시도 3/3 (7초 대기)...
2026-03-11 22:49:32,955 [INFO]   그리드 비디오: 0개 (조회수: [])
2026-03-11 22:49:32,956 [WARNING]   그리드 비디오 없음 (3회 재시도 실패)
2026-03-11 22:49:32,974 [INFO]   → 게시물 0개, 평균좋아요 0, 참여율 0%
2026-03-11 22:49:35,990 [INFO] 
============================================================
2026-03-11 22:49:35,992 [INFO] [26/39] 뉴비트 (NEWBEAT)
2026-03-11 22:49:35,993 [INFO] ============================================================
2026-03-11 22:49:36,133 [WARNING]   TikTok이 포그라운드 아님, 복귀 시도...
2026-03-11 22:49:46,026 [WARNING]   프로필 불일치: 기대=newbeat_official 실제=(없음), 재시도 1...
2026-03-11 22:49:55,686 [WARNING]   프로필 불일치: 기대=newbeat_official 실제=(없음), 재시도 2...
2026-03-11 22:50:06,999 [ERROR]   프로필 불일치 해소 실패: 기대=newbeat_official 실제=(없음)
2026-03-11 22:50:07,000 [INFO]   프로필: 3월 11일 수요일 | 팔로워 0 | 좋아요 0
2026-03-11 22:50:07,002 [WARNING]   그리드 비디오 없음, 재시도 1/3 (3초 대기)...
2026-03-11 22:50:14,001 [WARNING]   그리드 비디오 없음, 재시도 2/3 (5초 대기)...
2026-03-11 22:50:23,034 [WARNING]   그리드 비디오 없음, 재시도 3/3 (7초 대기)...
2026-03-11 22:50:33,067 [INFO]   그리드 비디오: 0개 (조회수: [])
2026-03-11 22:50:33,069 [WARNING]   그리드 비디오 없음 (3회 재시도 실패)
2026-03-11 22:50:33,088 [INFO]   → 게시물 0개, 평균좋아요 0, 참여율 0%
2026-03-11 22:50:36,090 [INFO] 
============================================================
2026-03-11 22:50:36,091 [INFO] [27/39] 위나 (We;Na)
2026-03-11 22:50:36,092 [INFO] ============================================================
2026-03-11 22:50:36,214 [WARNING]   TikTok이 포그라운드 아님, 복귀 시도...
2026-03-11 22:50:46,095 [WARNING]   프로필 불일치: 기대=wena_official_ 실제=(없음), 재시도 1...
2026-03-11 22:50:55,921 [WARNING]   프로필 불일치: 기대=wena_official_ 실제=(없음), 재시도 2...
2026-03-11 22:51:05,748 [ERROR]   프로필 불일치 해소 실패: 기대=wena_official_ 실제=(없음)
2026-03-11 22:51:05,749 [INFO]   프로필: 3월 11일 수요일 | 팔로워 0 | 좋아요 0
2026-03-11 22:51:05,750 [WARNING]   그리드 비디오 없음, 재시도 1/3 (3초 대기)...
2026-03-11 22:51:12,016 [WARNING]   그리드 비디오 없음, 재시도 2/3 (5초 대기)...
2026-03-11 22:51:20,066 [WARNING]   그리드 비디오 없음, 재시도 3/3 (7초 대기)...
2026-03-11 22:51:31,078 [INFO]   그리드 비디오: 0개 (조회수: [])
2026-03-11 22:51:31,080 [WARNING]   그리드 비디오 없음 (3회 재시도 실패)
2026-03-11 22:51:31,099 [INFO]   → 게시물 0개, 평균좋아요 0, 참여율 0%
2026-03-11 22:51:34,101 [INFO] 
============================================================
2026-03-11 22:51:34,103 [INFO] [28/39] 크랙시 (CRAXY)
2026-03-11 22:51:34,104 [INFO] ============================================================
2026-03-11 22:51:34,262 [WARNING]   TikTok이 포그라운드 아님, 복귀 시도...
2026-03-11 22:51:44,048 [WARNING]   프로필 불일치: 기대=craxy_official 실제=(없음), 재시도 1...
2026-03-11 22:51:55,053 [WARNING]   프로필 불일치: 기대=craxy_official 실제=(없음), 재시도 2...
2026-03-11 22:52:05,087 [ERROR]   프로필 불일치 해소 실패: 기대=craxy_official 실제=(없음)
2026-03-11 22:52:05,088 [INFO]   프로필: 3월 11일 수요일 | 팔로워 0 | 좋아요 0
2026-03-11 22:52:05,089 [WARNING]   그리드 비디오 없음, 재시도 1/3 (3초 대기)...
2026-03-11 22:52:11,020 [WARNING]   그리드 비디오 없음, 재시도 2/3 (5초 대기)...
2026-03-11 22:52:19,070 [WARNING]   그리드 비디오 없음, 재시도 3/3 (7초 대기)...
2026-03-11 22:52:37,880 [INFO]   그리드 비디오: 0개 (조회수: [])
2026-03-11 22:52:37,881 [WARNING]   그리드 비디오 없음 (3회 재시도 실패)
2026-03-11 22:52:37,900 [INFO]   → 게시물 0개, 평균좋아요 0, 참여율 0%
2026-03-11 22:52:40,902 [INFO] 
============================================================
2026-03-11 22:52:40,904 [INFO] [29/39] 엔싸인 (n.SSign)
2026-03-11 22:52:40,905 [INFO] ============================================================
2026-03-11 22:52:41,086 [WARNING]   TikTok이 포그라운드 아님, 복귀 시도...
2026-03-11 22:52:50,370 [INFO]   프로필: n.SSign(엔싸인) | 팔로워 193,000 | 좋아요 6,756,000
2026-03-11 22:52:50,372 [INFO]   그리드 비디오: 6개 (조회수: [16000, 111, 1078])
2026-03-11 22:53:18,253 [INFO]   [1] 좋아요:22 댓글:3 저장:3 공유:0 날짜:2026-03-11 | just vibe &#128139;&#128378; #nSSign #엔싸
2026-03-11 22:53:24,654 [INFO]   [2] 좋아요:346 댓글:15 저장:37 공유:7 날짜:2026-03-11 | 우린 가끔(?) 아웅다웅 &#128518; #nSSign #엔싸인 #DO
2026-03-11 22:53:30,978 [INFO]   [skip] 광고: 오늘 당신의 TikTok을 홍보하세요!
2026-03-11 22:53:37,387 [INFO]   [3] 좋아요:288 댓글:20 저장:29 공유:2 날짜:2026-03-11 | &#128054;&#128054; #nSSign #엔싸인 #エンサイン #
2026-03-11 22:53:43,761 [INFO]   [4] 좋아요:812 댓글:35 저장:90 공유:24 날짜:2026-03-10 | #A ~ 코스모 마음 다 알아&#128527; #nSSign #엔싸인 #
2026-03-11 22:53:50,094 [INFO]   [5] 좋아요:428 댓글:12 저장:46 공유:4 날짜:2026-03-10 | 코스모 감기 조심해&#129319; #nSSign #엔싸인 #HUIWON
2026-03-11 22:53:56,542 [INFO]   [skip] 광고: 인기 브랜드 쿠폰 드려요! 역대급 할인 시작, 배민페스타
2026-03-11 22:54:02,960 [INFO]   [6] 좋아요:544 댓글:28 저장:56 공유:6 날짜:2026-03-10 | 맛있으면 제로칼로리&#128156; #nSSign #엔싸인 #DOHA #
2026-03-11 22:54:09,424 [INFO]   [7] 좋아요:660 댓글:20 저장:69 공유:5 날짜:2026-03-10 | Annyeonghaseyo #nSSign #엔싸인 #ROBIN #로빈 #
2026-03-11 22:54:15,838 [INFO]   [8] 좋아요:712 댓글:31 저장:71 공유:14 날짜:2026-03-09 | &#129402;&#128156; #nSSign #엔싸인 #DOHA #도
2026-03-11 22:54:22,083 [INFO]   [9] 좋아요:817 댓글:58 저장:108 공유:14 날짜:2026-03-09 | Be with me &#127872;  #nSSign #엔싸인 #KAZU
2026-03-11 22:54:28,369 [INFO]   [10] 좋아요:832 댓글:27 저장:99 공유:16 날짜:2026-03-08 | n.SSign JAPAN TOUR 25/26 ~The best years
2026-03-11 22:54:34,816 [INFO]   [11] 좋아요:618 댓글:19 저장:66 공유:15 날짜:2026-03-08 | &#128047;&#128054; #nSSign #엔싸인 #HANJUN 
2026-03-11 22:54:41,153 [INFO]   [12] 좋아요:695 댓글:20 저장:59 공유:11 날짜:2026-03-07 | 그대 춤을 추는 #나무 같아요&#127795;&#10;…⁠자세히
2026-03-11 22:54:47,552 [INFO]   [skip] 광고: 홍보를 시도하여 당신의 TikTok을 활성화하세요!
2026-03-11 22:54:53,951 [INFO]   [13] 좋아요:1,173 댓글:40 저장:90 공유:13 날짜:2026-03-07 | ウォウウォ!!&#129782;&#127996;&#10;#nSSign #엔
2026-03-11 22:55:00,194 [INFO]   [14] 좋아요:766 댓글:27 저장:69 공유:8 날짜:2026-03-05 | &#128561;&#128156; #nSSign #엔싸인 #DOHA #도
2026-03-11 22:55:06,621 [INFO]   [15] 좋아요:552 댓글:12 저장:48 공유:5 날짜:2026-03-05 | 렌스야 문 닫고 들어와 봐&#10;…⁠자세히
2026-03-11 22:55:12,966 [INFO]   [skip] 광고: Instagram에서 친구들과 함께하세요
2026-03-11 22:55:19,313 [INFO]   [16] 좋아요:818 댓글:31 저장:78 공유:14 날짜:2026-03-05 | テケテケテケですか? #nssign #엔싸인 #DOHA #도하 #リズム天国
2026-03-11 22:55:25,635 [INFO]   [17] 좋아요:1,208 댓글:34 저장:100 공유:26 날짜:2026-03-04 | &#129293;RUDE&#128155;&#10;#nSSign #엔싸인…
2026-03-11 22:55:31,888 [INFO]   [18] 좋아요:1,090 댓글:39 저장:113 공유:14 날짜:2026-03-03 | &#128591; #nSSign #엔싸인 #SUNGYUN #성윤 #two
2026-03-11 22:55:38,301 [INFO]   [skip] 광고: 홍보로 당신의 TikTok을 퍼지게 하세요!
2026-03-11 22:55:44,561 [INFO]   [19] 좋아요:1,609 댓글:32 저장:135 공유:23 날짜:2026-03-03 | 다시 말아온 Happy &amp; &#10;&#119856;&#11984
2026-03-11 22:55:50,949 [INFO]   [20] 좋아요:766 댓글:49 저장:77 공유:18 날짜:2026-03-03 | 코스모 바빠? &#10;…⁠자세히
2026-03-11 22:55:57,455 [INFO]   [21] 좋아요:580 댓글:27 저장:60 공유:7 날짜:2026-03-03 | 어떤 거 좋아하는지 말해줄 수 있어, 코스모?&#10;…⁠자세히
2026-03-11 22:56:03,883 [INFO]   [skip] 광고: 다시 빛나는 인생
2026-03-11 22:56:10,193 [INFO]   [22] 좋아요:1,630 댓글:54 저장:158 공유:27 날짜:2026-03-02 | COSMO 내꺼&#127775; #nSSign #엔싸인 #some #썸
2026-03-11 22:56:16,535 [INFO]   [23] 좋아요:905 댓글:35 저장:86 공유:22 날짜:2026-03-01 | 67&#127758;&#10;…⁠자세히
2026-03-11 22:56:22,926 [INFO]   [24] 좋아요:625 댓글:24 저장:64 공유:9 날짜:2026-03-01 | brat&#127823;&#10;…⁠자세히⁠ ⁠|⁠ ⁠
2026-03-11 22:56:29,342 [INFO]   [skip] 광고: 신규 가입 후 거래하면 100달러를 받을 수 있습니다*약관이 적용됩니다.
2026-03-11 22:56:35,516 [INFO]   [25] 좋아요:921 댓글:28 저장:104 공유:19 날짜:2026-02-28 | 귀여움 과다주의 ୨୧˚ #nSSign #엔싸인 #LAURENCE #로렌스
2026-03-11 22:56:41,720 [INFO]   [26] 좋아요:609 댓글:17 저장:59 공유:9 날짜:2026-02-28 | Hot COSMO if you do my dance&#128378; #n
2026-03-11 22:56:47,989 [INFO]   [27] 좋아요:1,513 댓글:54 저장:176 공유:45 날짜:2026-02-27 | がんばって&#128077;&#128518;&#128077;&#10;…⁠자
2026-03-11 22:56:54,332 [INFO]   [skip] 광고: 오늘 홍보를 통해 당신의 TikTok을 빠르게 성장시키세요!
2026-03-11 22:57:00,719 [INFO]   [28] 좋아요:1,236 댓글:45 저장:121 공유:25 날짜:2026-02-26 | 코스모 어쩜 이렇게 예뻐&#128534;&#10;…⁠자세히
2026-03-11 22:57:07,074 [INFO]   [29] 좋아요:739 댓글:30 저장:90 공유:13 날짜:2026-02-26 | [n.SSide] n.SSign(엔싸인) 'Funky like me'  
2026-03-11 22:57:13,297 [INFO]   [30] 좋아요:589 댓글:19 저장:71 공유:10 날짜:2026-02-26 | &#128591;&#129709; #nSSign #엔싸인 #LAURENC
2026-03-11 22:57:19,594 [INFO]   [skip] 광고: 디자인에 AI를 제대로 활용하고 있나요
2026-03-11 22:57:25,903 [INFO]   [31] 좋아요:1,293 댓글:52 저장:135 공유:25 날짜:2026-02-24 | HAEUNDAE WALK with n.SSign &#127754;⭐️ #
2026-03-11 22:57:32,319 [INFO]   [32] 좋아요:736 댓글:40 저장:77 공유:14 날짜:2026-02-24 | Let’s dance&#128008;&#129705;&#10;#nSSig
2026-03-11 22:57:38,638 [INFO]   [33] 좋아요:833 댓글:31 저장:80 공유:11 날짜:2026-02-20 | SO CONFUSING!&#10;…⁠자세히⁠ ⁠|⁠ ⁠
2026-03-11 22:57:45,023 [INFO]   [34] 좋아요:1,452 댓글:50 저장:142 공유:56 날짜:2026-02-13 | 누가 돌던졌어 #nSSign #엔싸인 #도하 #DOHA #로빈 #ROBI
2026-03-11 22:57:51,173 [INFO]   [35] 좋아요:763 댓글:23 저장:77 공유:3 날짜:2026-02-13 | 곧 만나요 FUKUOKA ! #nSSign #엔싸인 #희원 #HUIWON
2026-03-11 22:57:53,097 [INFO]   광고 9개 필터링됨
2026-03-11 22:57:56,277 [INFO]   → 게시물 35개, 평균좋아요 833, 참여율 124.49%
2026-03-11 22:57:59,278 [INFO] 
============================================================
2026-03-11 22:57:59,280 [INFO] [30/39] 노매드 (NOMAD)
2026-03-11 22:57:59,281 [INFO] ============================================================
2026-03-11 22:57:59,454 [WARNING]   TikTok이 포그라운드 아님, 복귀 시도...
2026-03-11 22:58:08,743 [INFO]   프로필: NOMAD | 팔로워 187,000 | 좋아요 2,674,000
2026-03-11 22:58:08,745 [INFO]   그리드 비디오: 6개 (조회수: [160000, 37000, 43000])
2026-03-11 22:58:21,179 [INFO]   [1] 2025-12-05 — 30일 이전, 중단
2026-03-11 22:58:24,342 [INFO]   → 게시물 0개, 평균좋아요 0, 참여율 0%
2026-03-11 22:58:27,360 [INFO] 
============================================================
2026-03-11 22:58:27,362 [INFO] [31/39] 에이머스 (AIMERS)
2026-03-11 22:58:27,363 [INFO] ============================================================
2026-03-11 22:58:27,539 [WARNING]   TikTok이 포그라운드 아님, 복귀 시도...
2026-03-11 22:58:36,667 [WARNING]   프로필 불일치: 기대=aimers_amrs 실제=nomad_entofficial, 재시도 1...
2026-03-11 22:58:46,540 [INFO]   프로필: AIMERS | 팔로워 180,000 | 좋아요 4,659,000
2026-03-11 22:58:46,542 [INFO]   그리드 비디오: 6개 (조회수: [2213000, 3592, 2730])
2026-03-11 22:58:59,130 [INFO]   [1] 2024-10-08 — 30일 이전, 중단
2026-03-11 22:59:02,283 [INFO]   → 게시물 0개, 평균좋아요 0, 참여율 0%
2026-03-11 22:59:05,285 [INFO] 
============================================================
2026-03-11 22:59:05,287 [INFO] [32/39] 하우 (HAWW)
2026-03-11 22:59:05,288 [INFO] ============================================================
2026-03-11 22:59:05,461 [WARNING]   TikTok이 포그라운드 아님, 복귀 시도...
2026-03-11 22:59:14,560 [INFO]   프로필: HAWW | 팔로워 170,000 | 좋아요 3,805,000
2026-03-11 22:59:14,562 [INFO]   그리드 비디오: 6개 (조회수: [62000, 35000, 25000])
2026-03-11 22:59:27,104 [INFO]   [1] 2024-03-08 — 30일 이전, 중단
2026-03-11 22:59:30,292 [INFO]   → 게시물 0개, 평균좋아요 0, 참여율 0%
2026-03-11 22:59:33,294 [INFO] 
============================================================
2026-03-11 22:59:33,296 [INFO] [33/39] 비웨이브 (BEWAVE)
2026-03-11 22:59:33,297 [INFO] ============================================================
2026-03-11 22:59:33,475 [WARNING]   TikTok이 포그라운드 아님, 복귀 시도...
2026-03-11 22:59:42,643 [INFO]   프로필: BEWAVE | 팔로워 157,000 | 좋아요 786,000
2026-03-11 22:59:42,645 [INFO]   그리드 비디오: 6개 (조회수: [6781, 4201, 5368])
2026-03-11 22:59:55,182 [INFO]   [1] 2025-12-24 — 30일 이전, 중단
2026-03-11 22:59:58,381 [INFO]   → 게시물 0개, 평균좋아요 0, 참여율 0%
2026-03-11 23:00:01,383 [INFO] 
============================================================
2026-03-11 23:00:01,385 [INFO] [34/39] 븨븨에스 (VVS)
2026-03-11 23:00:01,386 [INFO] ============================================================
2026-03-11 23:00:01,638 [WARNING]   TikTok이 포그라운드 아님, 복귀 시도...
2026-03-11 23:00:10,700 [INFO]   프로필: VVS | 팔로워 152,000 | 좋아요 2,263,000
2026-03-11 23:00:10,702 [INFO]   그리드 비디오: 6개 (조회수: [1146000, 1129000, 426000])
2026-03-11 23:00:38,301 [INFO]   [1] 2025-12-23 — 30일 이전, 중단
2026-03-11 23:00:41,543 [INFO]   → 게시물 0개, 평균좋아요 0, 참여율 0%
2026-03-11 23:00:44,545 [INFO] 
============================================================
2026-03-11 23:00:44,547 [INFO] [35/39] 힛지스 (HITGS)
2026-03-11 23:00:44,548 [INFO] ============================================================
2026-03-11 23:00:44,678 [WARNING]   TikTok이 포그라운드 아님, 복귀 시도...
2026-03-11 23:00:53,610 [INFO]   프로필: hitgs.offcl | 팔로워 142,000 | 좋아요 3,491,000
2026-03-11 23:00:53,612 [INFO]   그리드 비디오: 6개 (조회수: [57000, 46000, 50000])
2026-03-11 23:01:21,409 [INFO]   [1] 2025-10-05 — 30일 이전, 중단
2026-03-11 23:01:24,654 [INFO]   → 게시물 0개, 평균좋아요 0, 참여율 0%
2026-03-11 23:01:27,671 [INFO] 
============================================================
2026-03-11 23:01:27,673 [INFO] [36/39] 에이디야 (ADYA)
2026-03-11 23:01:27,674 [INFO] ============================================================
2026-03-11 23:01:27,852 [WARNING]   TikTok이 포그라운드 아님, 복귀 시도...
2026-03-11 23:01:36,913 [INFO]   프로필: ADYA(에이디야) | 팔로워 123,000 | 좋아요 2,746,000
2026-03-11 23:01:36,915 [INFO]   그리드 비디오: 6개 (조회수: [111000, 698000, 24000])
2026-03-11 23:01:49,614 [INFO]   [1] 2024-05-29 — 30일 이전, 중단
2026-03-11 23:01:52,828 [INFO]   → 게시물 0개, 평균좋아요 0, 참여율 0%
2026-03-11 23:01:55,829 [INFO] 
============================================================
2026-03-11 23:01:55,831 [INFO] [37/39] 어블룸 (ablume)
2026-03-11 23:01:55,831 [INFO] ============================================================
2026-03-11 23:01:56,003 [WARNING]   TikTok이 포그라운드 아님, 복귀 시도...
2026-03-11 23:02:04,951 [INFO]   프로필: ablume official | 팔로워 123,000 | 좋아요 1,245,000
2026-03-11 23:02:04,953 [INFO]   그리드 비디오: 6개 (조회수: [153000, 93000, 79000])
2026-03-11 23:02:17,305 [INFO]   [1] 2025-10-08 — 30일 이전, 중단
2026-03-11 23:02:20,496 [INFO]   → 게시물 0개, 평균좋아요 0, 참여율 0%
2026-03-11 23:02:23,498 [INFO] 
============================================================
2026-03-11 23:02:23,499 [INFO] [38/39] 이스트샤인 (EASTSHINE)
2026-03-11 23:02:23,501 [INFO] ============================================================
2026-03-11 23:02:23,664 [WARNING]   TikTok이 포그라운드 아님, 복귀 시도...
2026-03-11 23:02:32,737 [INFO]   프로필: EASTSHINE | 팔로워 120,000 | 좋아요 3,529,000
2026-03-11 23:02:32,739 [INFO]   그리드 비디오: 6개 (조회수: [6477, 6379, 220000])
2026-03-11 23:02:45,160 [INFO]   [1] 2025-03-27 — 30일 이전, 중단
2026-03-11 23:02:48,343 [INFO]   → 게시물 0개, 평균좋아요 0, 참여율 0%
2026-03-11 23:02:51,344 [INFO] 
============================================================
2026-03-11 23:02:51,346 [INFO] [39/39] 마마무 (MAMAMOO)
2026-03-11 23:02:51,347 [INFO] ============================================================
2026-03-11 23:02:51,533 [WARNING]   TikTok이 포그라운드 아님, 복귀 시도...
2026-03-11 23:03:00,479 [INFO]   프로필: mamamoo_official | 팔로워 4,378,000 | 좋아요 49,353,000
2026-03-11 23:03:00,481 [INFO]   그리드 비디오: 6개 (조회수: [8481, 10000, 6259])
2026-03-11 23:03:28,527 [INFO]   [1] 좋아요:1,596 댓글:24 저장:71 공유:18 날짜:2026-03-08 | [TEASER] Solar x 告五人 '總有一顆屬於你的星球 (Y…⁠자세히
2026-03-11 23:03:34,927 [INFO]   [2] 좋아요:727 댓글:13 저장:35 공유:10 날짜:2026-03-07 | [TEASER] Solar x 告五人 [總有一顆屬於你的星球 (Y…⁠자세히
2026-03-11 23:03:41,360 [INFO]   [skip] 광고: 오늘 홍보를 통해 당신의 TikTok을 빠르게 성장시키세요!
2026-03-11 23:03:47,806 [INFO]   [3] 좋아요:2,731 댓글:28 저장:107 공유:32 날짜:2026-03-06 | [TEASER] Solar x 告五人 '總有一顆屬於你的星球 (Y…⁠자세히
2026-03-11 23:03:54,330 [INFO]   [4] 좋아요:3,474 댓글:58 저장:165 공유:74 날짜:2026-03-04 | 문별 (Moon Byul) 3rd Single [REV] Logo Mot
2026-03-11 23:04:00,718 [INFO]   [5] 좋아요:1,219 댓글:28 저장:60 공유:13 날짜:2026-03-03 | Solar x 告五人 [總有一顆屬於你的星球 (Your Own Star)]
2026-03-11 23:04:07,025 [INFO]   [6] 좋아요:1,250 댓글:40 저장:62 공유:14 날짜:2026-02-25 | [#솔라]&#10;…⁠자세히⁠ ⁠|⁠ ⁠
2026-03-11 23:04:13,387 [INFO]   [7] 좋아요:6,121 댓글:148 저장:228 공유:339 날짜:2026-02-20 | Be Ready for March 9 &#127932;&#128064; 
2026-03-11 23:04:19,723 [INFO]   [8] 2025-12-22 — 30일 이전, 중단
2026-03-11 23:04:19,725 [INFO]   광고 1개 필터링됨
2026-03-11 23:04:22,921 [INFO]   → 게시물 7개, 평균좋아요 2,445, 참여율 27.5%
2026-03-11 23:04:22,938 [INFO] 
============================================================
2026-03-11 23:04:22,940 [INFO] 크롤링 완료: 39개 그룹
2026-03-11 23:04:22,940 [INFO] 요약: G:\내 드라이브\01.Work\04.AI.M.Contents\00.pumit\04.aimcontents.com\idol-sns-app\data\tiktok-data\tiktok-summary.json
2026-03-11 23:04:22,941 [INFO] 
Top 10 팔로워:
2026-03-11 23:04:22,942 [INFO]   1. 엔시티 일이칠              14,918,000
2026-03-11 23:04:22,943 [INFO]   2. 트레저                   8,410,000
2026-03-11 23:04:22,944 [INFO]   3. 제로베이스원                5,286,000
2026-03-11 23:04:22,945 [INFO]   4. 마마무                   4,378,000
2026-03-11 23:04:22,945 [INFO]   5. 아이콘                   3,146,000
2026-03-11 23:04:22,946 [INFO]   6. 피프티피프티                2,091,000
2026-03-11 23:04:22,947 [INFO]   7. 아트비트                  1,918,000
2026-03-11 23:04:22,948 [INFO]   8. 이펙스                   1,783,000
2026-03-11 23:04:22,949 [INFO]   9. 엘라스트                  1,528,000
2026-03-11 23:04:22,950 [INFO]   10. 싸이커스                  1,451,000
