2026-03-12 05:55:48,807 [INFO] 디바이스 연결 확인: R3CTC0CHJBT
2026-03-12 05:55:48,889 [INFO] 틱톡 URL 보유: 173개
2026-03-12 05:55:50,785 [INFO] retry-views 모드 (threshold=50%): 62개 그룹 재크롤
2026-03-12 05:55:50,785 [INFO] 크롤링 시작: 62개 그룹
2026-03-12 05:55:51,012 [INFO]   디바이스 보호 설정 완료 (stay_on=3, brightness=20)
2026-03-12 05:55:51,012 [INFO] 
============================================================
2026-03-12 05:55:51,012 [INFO] [1/62] 르세라핌 (LE SSERAFIM)
2026-03-12 05:55:51,012 [INFO] ============================================================
2026-03-12 05:55:51,139 [WARNING]   TikTok이 포그라운드 아님, 복귀 시도...
2026-03-12 05:56:00,065 [INFO]   프로필: LE SSERAFIM | 팔로워 14,286,000 | 좋아요 969,999,999
2026-03-12 05:56:00,066 [INFO]   그리드 비디오: 6개 (조회수: [503000, 910000, 2182000])
2026-03-12 05:56:16,044 [INFO]   grid_views 스크롤 수집 완료: 39개
2026-03-12 05:56:30,907 [INFO]   [1] 좋아요:94,000 댓글:834 저장:7,682 공유:2,493 날짜:2026-03-07 | fit check x2
2026-03-12 05:56:37,161 [INFO]   [2] 좋아요:221,000 댓글:1,199 저장:14,000 공유:5,472 날짜:2026-03-06 | oh la la &#10;@courreges #courregesFW26
2026-03-12 05:56:43,500 [INFO]   [3] 좋아요:489,000 댓글:2,669 저장:29,000 공유:8,895 날짜:2026-02-27 | Milan what?&#10;@fendi #FendiFW26
2026-03-12 05:56:49,767 [INFO]   [4] 좋아요:678,000 댓글:3,744 저장:48,000 공유:15,000 날짜:2026-02-26 | Kawasaki es una locura &#128526;&#10;…⁠자
2026-03-12 05:56:55,946 [INFO]   [5] 좋아요:372,000 댓글:2,532 저장:26,000 공유:9,835 날짜:2026-02-25 | transition loading... &#10;@fendi #Fendi
2026-03-12 05:57:02,169 [INFO]   [6] 좋아요:112,000 댓글:1,311 저장:9,301 공유:3,262 날짜:2026-02-15 | when in NY&#10;@khaite #KhaiteFW26 #NYFW
2026-03-12 05:57:08,334 [INFO]   [7] 2026-02-08 — 30일 이전, 중단
2026-03-12 05:57:11,525 [INFO]   → 게시물 6개, 평균좋아요 327,666, 참여율 15.09%
2026-03-12 05:57:16,195 [INFO] 
============================================================
2026-03-12 05:57:16,196 [INFO] [2/62] 세븐틴 (SEVENTEEN)
2026-03-12 05:57:16,196 [INFO] ============================================================
2026-03-12 05:57:16,366 [WARNING]   TikTok이 포그라운드 아님, 복귀 시도...
2026-03-12 05:57:25,296 [INFO]   프로필: SEVENTEEN | 팔로워 17,761,000 | 좋아요 1,000,000,000
2026-03-12 05:57:25,297 [INFO]   그리드 비디오: 6개 (조회수: [113000, 2864000, 848000])
2026-03-12 05:57:40,816 [INFO]   grid_views 스크롤 수집 완료: 42개
2026-03-12 05:58:10,814 [INFO]   [1] 좋아요:693,000 댓글:4,762 저장:33,000 공유:22,000 날짜:2026-03-10 | NO BATIDÃO
2026-03-12 05:58:17,125 [INFO]   [2] 좋아요:250,000 댓글:3,297 저장:12,000 공유:11,000 날짜:2026-03-10 | 도겸이의 진지한 리듬 게임 &#127929;
2026-03-12 05:58:23,397 [INFO]   [3] 좋아요:216,000 댓글:1,406 저장:12,000 공유:4,823 날짜:2026-03-09 | 과니차니 아웅다웅 &#129730;
2026-03-12 05:58:29,543 [INFO]   [4] 좋아요:114,000 댓글:880 저장:5,432 공유:1,911 날짜:2026-03-09 | Singapore, Thank You! &#127480;&#127468;
2026-03-12 05:58:35,704 [INFO]   [5] 좋아요:390,000 댓글:2,809 저장:18,000 공유:8,610 날짜:2026-03-08 | 미워&#128521;
2026-03-12 05:58:41,937 [INFO]   [6] 좋아요:50,000 댓글:494 저장:2,258 공유:1,421 날짜:2026-03-03 | #CINEMA &#127916; with SEVENTEEN #승관&#10
2026-03-12 05:58:48,262 [INFO]   [7] 좋아요:118,000 댓글:693 저장:6,473 공유:2,137 날짜:2026-03-02 | 다시 만난 홍콩 &#129655;&#129653; [NEW_]&#10;…
2026-03-12 05:58:54,550 [INFO]   [8] 좋아요:46,000 댓글:267 저장:1,690 공유:298 날짜:2026-02-15 | 파트 17 | #Blue ❄️ by #바다 #BADA&#10;…⁠자세히⁠
2026-03-12 05:59:00,741 [INFO]   [9] 좋아요:380,000 댓글:1,602 저장:22,000 공유:9,496 날짜:2026-02-14 | 
2026-03-12 05:59:06,940 [INFO]   [10] 좋아요:146,000 댓글:866 저장:8,840 공유:2,535 날짜:2026-02-13 | 당신에게 난 하나일 거예요&#127801;&#10;…⁠자세히
2026-03-12 05:59:13,145 [INFO]   [11] 좋아요:221,000 댓글:1,133 저장:12,000 공유:5,919 날짜:2026-02-13 | 우리의 시작처럼 이대로&#129730;&#10;…⁠자세히
2026-03-12 05:59:19,395 [INFO]   [12] 좋아요:35,000 댓글:202 저장:2,120 공유:377 날짜:2026-02-12 | Ordinary Notes #Bonus Book Preview&#10;…
2026-03-12 05:59:25,736 [INFO]   [skip] 광고: &#128149;&#128149;&#128149;
2026-03-12 05:59:32,070 [INFO]   [13] 2026-02-09 — 30일 이전, 중단
2026-03-12 05:59:32,071 [INFO]   광고 1개 필터링됨
2026-03-12 05:59:35,244 [INFO]   → 게시물 12개, 평균좋아요 221,583, 참여율 30.08%
2026-03-12 05:59:39,964 [INFO] 
============================================================
2026-03-12 05:59:39,964 [INFO] [3/62] 스트레이키즈 (Stray Kids)
2026-03-12 05:59:39,964 [INFO] ============================================================
2026-03-12 05:59:40,147 [WARNING]   TikTok이 포그라운드 아님, 복귀 시도...
2026-03-12 05:59:49,207 [INFO]   프로필: Stray Kids | 팔로워 35,192,000 | 좋아요 1,820,000,000
2026-03-12 05:59:49,207 [INFO]   그리드 비디오: 6개 (조회수: [184000, 12941000, 12841000])
2026-03-12 06:00:05,261 [INFO]   grid_views 스크롤 수집 완료: 42개
2026-03-12 06:00:35,227 [INFO]   [1] 좋아요:2,713,000 댓글:49,000 저장:318,000 공유:117,000 날짜:2026-02-27 | &#120355;&#120368;&#120357;&#120378; &#1
2026-03-12 06:00:41,485 [INFO]   [2] 좋아요:2,610,000 댓글:38,000 저장:286,000 공유:98,000 날짜:2026-02-26 | &#128537;&#128537; #StrayKids #스트레이키즈 #방
2026-03-12 06:00:47,653 [INFO]   [skip] 광고: ROSÉ, 리바이스. Behind every ORIGINAL.
2026-03-12 06:00:53,956 [INFO]   [3] 좋아요:488,000 댓글:5,473 저장:74,000 공유:6,675 날짜:2026-02-24 | 빤스 중독 #StrayKids #스트레이키즈 #스키즈코드 #SKZCODE
2026-03-12 06:01:00,188 [INFO]   [4] 좋아요:2,113,000 댓글:32,000 저장:239,000 공유:101,000 날짜:2026-02-24 | ᴍᴜꜱɪᴄ&#127926; #StrayKids #스트레이키즈 #YouMa
2026-03-12 06:01:06,225 [INFO]   [5] 좋아요:2,424,000 댓글:34,000 저장:269,000 공유:86,000 날짜:2026-02-22 | &#119897;&#119900;&#119907;&#119890; &#1
2026-03-12 06:01:12,521 [INFO]   [6] 좋아요:1,345,000 댓글:22,000 저장:179,000 공유:47,000 날짜:2026-02-21 | 널 ⋌˫己6㉭Ł㉰고... #StrayKids #스트레이키즈 #YouMak
2026-03-12 06:01:18,627 [INFO]   [7] 좋아요:1,503,000 댓글:22,000 저장:217,000 공유:70,000 날짜:2026-02-20 | &#128008;‍⬛&#127928; #StrayKids #스트레이키즈 
2026-03-12 06:01:24,692 [INFO]   [8] 좋아요:1,604,000 댓글:26,000 저장:226,000 공유:77,000 날짜:2026-02-19 | &#128008;&#127928; #StrayKids #스트레이키즈 #필
2026-03-12 06:01:30,933 [INFO]   [9] 좋아요:1,498,000 댓글:14,000 저장:183,000 공유:39,000 날짜:2026-02-18 | &#129378;&#129761; #StrayKids #스트레이키즈 #Y
2026-03-12 06:01:37,194 [INFO]   [10] 좋아요:855,000 댓글:7,424 저장:119,000 공유:17,000 날짜:2026-02-18 | 올해도 함께 발맞춰 걸을게&#128149; #StrayKi…
2026-03-12 06:01:43,384 [INFO]   [11] 좋아요:1,327,000 댓글:15,000 저장:181,000 공유:56,000 날짜:2026-02-17 | &#129760;&#129760;&#128014;&#129760; #St
2026-03-12 06:01:49,523 [INFO]   [12] 좋아요:1,081,000 댓글:10,000 저장:139,000 공유:27,000 날짜:2026-02-17 | 새해 복승아리 많이 받으세요&#128151; #StrayKids #스트레
2026-03-12 06:01:55,773 [INFO]   [13] 좋아요:563,000 댓글:7,940 저장:89,000 공유:12,000 날짜:2026-02-17 | 해피 설날&#129392; #StrayKids #스트레이키…
2026-03-12 06:02:02,073 [INFO]   [14] 좋아요:1,592,000 댓글:21,000 저장:200,000 공유:54,000 날짜:2026-02-16 | We make it right&#128063;️&#128037;&#128
2026-03-12 06:02:08,554 [INFO]   [15] 좋아요:1,339,000 댓글:14,000 저장:178,000 공유:35,000 날짜:2026-02-16 | 덩 기덕 쿵 더러러&#128058;&#128048;&#128055;&#1
2026-03-12 06:02:14,693 [INFO]   [16] 좋아요:492,000 댓글:8,214 저장:73,000 공유:8,344 날짜:2026-02-16 | 스테이 새해 복 많이 받으세요&#128157; #Stra…
2026-03-12 06:02:20,996 [INFO]   [17] 좋아요:1,493,000 댓글:20,000 저장:192,000 공유:47,000 날짜:2026-02-15 | ㈇ㅏ무도 しΗ □占을 모르죠˚＊。˚ ♡。#StrayKids #스트레이키즈
2026-03-12 06:02:27,097 [INFO]   [18] 좋아요:2,141,000 댓글:33,000 저장:262,000 공유:115,000 날짜:2026-02-14 | &#128378;&#128378; #StrayKids #스트레이키즈 #방
2026-03-12 06:02:33,320 [INFO]   [19] 좋아요:432,000 댓글:3,514 저장:64,000 공유:4,136 날짜:2026-02-13 | 말장난의 권위자 #StrayKids #스트레이키즈 #스키즈코드 #SKZC
2026-03-12 06:02:39,573 [INFO]   [20] 좋아요:3,186,000 댓글:37,000 저장:365,000 공유:213,000 날짜:2026-02-11 | &#128170;&#129533; #StrayKids #스트레이키즈 #창
2026-03-12 06:02:45,656 [INFO]   [21] 좋아요:2,250,000 댓글:31,000 저장:294,000 공유:102,000 날짜:2026-02-10 | ℳ&#119990;&#120007;&#119998;&#119990; #S
2026-03-12 06:02:51,976 [INFO]   [22] 2026-02-08 — 30일 이전, 중단
2026-03-12 06:02:51,976 [INFO]   광고 1개 필터링됨
2026-03-12 06:02:55,181 [INFO]   → 게시물 21개, 평균좋아요 1,573,761, 참여율 27.76%
2026-03-12 06:02:59,842 [INFO] 
============================================================
2026-03-12 06:02:59,843 [INFO] [4/62] 투모로우바이투게더 (TXT)
2026-03-12 06:02:59,843 [INFO] ============================================================
2026-03-12 06:02:59,981 [WARNING]   TikTok이 포그라운드 아님, 복귀 시도...
2026-03-12 06:03:08,961 [INFO]   프로필: TOMORROW X TOGETHER | 팔로워 28,083,000 | 좋아요 1,889,999,999
2026-03-12 06:03:08,961 [INFO]   그리드 비디오: 6개 (조회수: [511000, 64000, 1868000])
2026-03-12 06:03:25,094 [INFO]   grid_views 스크롤 수집 완료: 39개
2026-03-12 06:03:39,942 [INFO]   [1] 좋아요:194,000 댓글:2,026 저장:12,000 공유:5,008 날짜:2026-03-11 | 이젠 남자가 된 나이야
2026-03-12 06:03:46,165 [INFO]   [2] 좋아요:20,000 댓글:526 저장:2,214 공유:863 날짜:2026-03-11 | Making his Miu Miu runway debut. A BTS l
2026-03-12 06:03:52,359 [INFO]   [3] 좋아요:562,000 댓글:3,745 저장:34,000 공유:13,000 날짜:2026-03-10 | afrovibes!
2026-03-12 06:03:58,724 [INFO]   [4] 좋아요:93,000 댓글:1,047 저장:8,983 공유:2,285 날짜:2026-03-10 | Run it back, YEONJUN!&#10;…⁠자세히⁠ ⁠|⁠ ⁠
2026-03-12 06:04:04,868 [INFO]   [5] 좋아요:1,296,000 댓글:13,000 저장:85,000 공유:46,000 날짜:2026-03-09 | 네 거란 증거 &#129463;
2026-03-12 06:04:11,128 [INFO]   [6] 좋아요:436,000 댓글:2,551 저장:31,000 공유:10,000 날짜:2026-03-08 | Every time the beat drop
2026-03-12 06:04:17,341 [INFO]   [7] 좋아요:190,000 댓글:1,795 저장:17,000 공유:6,368 날짜:2026-03-07 | “One hit to the top, keep it goin’ we do
2026-03-12 06:04:23,637 [INFO]   [8] 좋아요:471,000 댓글:2,698 저장:30,000 공유:9,460 날짜:2026-03-06 | 나 달려갈게~&#127939;&#128168;
2026-03-12 06:04:29,819 [INFO]   [9] 좋아요:678,000 댓글:3,454 저장:45,000 공유:20,000 날짜:2026-03-03 | 아쉬워 너 미워 &#129401;
2026-03-12 06:04:36,022 [INFO]   [10] 좋아요:756,000 댓글:5,107 저장:53,000 공유:22,000 날짜:2026-03-02 | 백지를 내도 백점 ♡
2026-03-12 06:04:42,245 [INFO]   [11] 좋아요:500,000 댓글:4,107 저장:40,000 공유:14,000 날짜:2026-03-01 | 오늘밤 그대를 유혹할래
2026-03-12 06:04:48,498 [INFO]   [12] 좋아요:874,000 댓글:4,162 저장:64,000 공유:26,000 날짜:2026-02-26 | Jet Set !
2026-03-12 06:04:54,697 [INFO]   [13] 좋아요:369,000 댓글:2,581 저장:27,000 공유:8,846 날짜:2026-02-24 | a lil bit
2026-03-12 06:05:01,061 [INFO]   [14] 좋아요:885,000 댓글:8,417 저장:66,000 공유:57,000 날짜:2026-02-23 | Nah &#128521;
2026-03-12 06:05:07,222 [INFO]   [15] 좋아요:341,000 댓글:2,637 저장:27,000 공유:11,000 날짜:2026-02-22 | &#128064;&#128076;
2026-03-12 06:05:13,500 [INFO]   [16] 좋아요:799,000 댓글:3,795 저장:52,000 공유:14,000 날짜:2026-02-21 | ISYTT &#129653;
2026-03-12 06:05:19,721 [INFO]   [17] 좋아요:1,430,000 댓글:10,000 저장:91,000 공유:68,000 날짜:2026-02-20 | me n ME ...
2026-03-12 06:05:25,870 [INFO]   [18] 좋아요:876,000 댓글:4,668 저장:63,000 공유:28,000 날짜:2026-02-19 | drop it to the floor
2026-03-12 06:05:32,146 [INFO]   [19] 좋아요:723,000 댓글:4,893 저장:47,000 공유:37,000 날짜:2026-02-18 | can’t stop&#129345;&#129345;
2026-03-12 06:05:38,472 [INFO]   [20] 좋아요:286,000 댓글:2,066 저장:20,000 공유:6,065 날짜:2026-02-17 | still the only legend in my heart @TAEYA
2026-03-12 06:05:44,712 [INFO]   [21] 좋아요:500,000 댓글:2,506 저장:33,000 공유:8,674 날짜:2026-02-16 | 난 늘 여기 &#128155;
2026-03-12 06:05:51,018 [INFO]   [22] 좋아요:1,108,000 댓글:20,000 저장:56,000 공유:100,000 날짜:2026-02-15 | Kasih paham bos &#129300;
2026-03-12 06:05:57,102 [INFO]   [23] 좋아요:609,000 댓글:3,333 저장:50,000 공유:19,000 날짜:2026-02-15 | #ISYTT lets goooo &#128168;
2026-03-12 06:06:03,304 [INFO]   [24] 좋아요:780,000 댓글:4,428 저장:50,000 공유:17,000 날짜:2026-02-14 | I'll see you there tomorrow&#128153;
2026-03-12 06:06:09,651 [INFO]   [25] 좋아요:521,000 댓글:2,710 저장:45,000 공유:16,000 날짜:2026-02-13 | hmm
2026-03-12 06:06:15,959 [INFO]   [26] 좋아요:989,000 댓글:12,000 저장:63,000 공유:77,000 날짜:2026-02-12 | I am groot
2026-03-12 06:06:22,292 [INFO]   [27] 좋아요:446,000 댓글:2,653 저장:33,000 공유:14,000 날짜:2026-02-11 | my duality &#128128;
2026-03-12 06:06:28,565 [INFO]   [28] 좋아요:354,000 댓글:1,480 저장:25,000 공유:5,552 날짜:2026-02-10 | 10년 전 지훈이형이랑&#10;지훈이형 데뷔는 했으려나….
2026-03-12 06:06:34,775 [INFO]   [29] 2026-02-09 — 30일 이전, 중단
2026-03-12 06:06:37,974 [INFO]   → 게시물 28개, 평균좋아요 610,214, 참여율 33.4%
2026-03-12 06:06:42,642 [INFO] 
============================================================
2026-03-12 06:06:42,642 [INFO] [5/62] 아이들 (i-dle)
2026-03-12 06:06:42,643 [INFO] ============================================================
2026-03-12 06:06:42,813 [WARNING]   TikTok이 포그라운드 아님, 복귀 시도...
2026-03-12 06:06:51,795 [INFO]   프로필: i-dle (아이들) | 팔로워 10,940,000 | 좋아요 500,000,000
2026-03-12 06:06:51,795 [INFO]   그리드 비디오: 6개 (조회수: [79000, 98000, 130000])
2026-03-12 06:07:07,962 [INFO]   grid_views 스크롤 수집 완료: 39개
2026-03-12 06:07:22,726 [INFO]   [1] 좋아요:21,000 댓글:348 저장:1,661 공유:552 날짜:2026-03-11 | i-dle vibes&#10;…⁠자세히⁠ ⁠|⁠ ⁠
2026-03-12 06:07:28,954 [INFO]   [2] 좋아요:21,000 댓글:347 저장:1,358 공유:278 날짜:2026-03-11 | Sneak peek of the @Miu Miu show &#129763
2026-03-12 06:07:35,108 [INFO]   [3] 좋아요:34,000 댓글:400 저장:2,078 공유:436 날짜:2026-03-11 | See you soon #MiuMiu #MiuMiuFW26 @Miu Mi
2026-03-12 06:07:41,332 [INFO]   [4] 좋아요:115,000 댓글:529 저장:7,469 공유:4,861 날짜:2026-03-11 | Is YUQI free tonight? &#10;…⁠자세히⁠ ⁠|⁠ ⁠
2026-03-12 06:07:47,425 [INFO]   [5] 좋아요:16,000 댓글:329 저장:1,290 공유:289 날짜:2026-03-11 | 파트 32 | 2026 i-dle WORLD TOUR [Syncopati
2026-03-12 06:07:53,667 [INFO]   [6] 좋아요:18,000 댓글:435 저장:1,329 공유:372 날짜:2026-03-10 | #MINNIE with #MiuMiu #MiuMiuFW26 @Miu Mi
2026-03-12 06:07:59,952 [INFO]   [7] 좋아요:27,000 댓글:413 저장:2,029 공유:523 날짜:2026-03-10 | 순돌이 안아조 &#128154;&#10;…⁠자세히
2026-03-12 06:08:05,974 [INFO]   [8] 좋아요:142,000 댓글:963 저장:9,582 공유:2,052 날짜:2026-03-09 | YUQI’s City Dance is back for a new seas
2026-03-12 06:08:12,064 [INFO]   [9] 좋아요:21,000 댓글:485 저장:1,676 공유:299 날짜:2026-03-09 | 파트 31 | Fate with NEVERLAND IN TAIPEI &#
2026-03-12 06:08:18,343 [INFO]   [10] 좋아요:205,000 댓글:2,759 저장:7,791 공유:8,101 날짜:2026-03-08 | 파트 30 | Next Stop is…BANGKOK&#10;…⁠자세히⁠ 
2026-03-12 06:08:24,611 [INFO]   [11] 좋아요:47,000 댓글:915 저장:3,214 공유:781 날짜:2026-03-08 | 파트 29 | Play the whole world in Mono in 
2026-03-12 06:08:30,807 [INFO]   [12] 좋아요:48,000 댓글:651 저장:3,687 공유:948 날짜:2026-03-07 | Enjoying Our Dinner Night &#128149;&#10;
2026-03-12 06:08:37,172 [INFO]   [13] 좋아요:83,000 댓글:666 저장:5,997 공유:2,074 날짜:2026-03-07 | POV: Getting ready with us&#10;…⁠자세히⁠ ⁠|
2026-03-12 06:08:43,320 [INFO]   [14] 좋아요:230,000 댓글:1,177 저장:14,000 공유:4,187 날짜:2026-03-06 | Big guy &#128170;&#10;…⁠자세히⁠ ⁠|⁠ ⁠
2026-03-12 06:08:49,528 [INFO]   [15] 좋아요:117,000 댓글:867 저장:7,557 공유:1,515 날짜:2026-03-05 | 파트 60 | How’d you like The Today Show?&#
2026-03-12 06:08:55,781 [INFO]   [16] 좋아요:145,000 댓글:586 저장:7,890 공유:6,091 날짜:2026-03-05 | My Troy, my hero, my Lakers &#127936;&#1
2026-03-12 06:09:01,938 [INFO]   [17] 좋아요:72,000 댓글:511 저장:4,884 공유:1,167 날짜:2026-03-05 | A Day Off in LA &#127747;&#10;…⁠자세히⁠ ⁠|⁠
2026-03-12 06:09:08,244 [INFO]   [18] 좋아요:66,000 댓글:691 저장:5,107 공유:1,356 날짜:2026-03-03 | 우린 매일 아웅다웅&#10;…⁠자세히
2026-03-12 06:09:14,519 [INFO]   [19] 좋아요:99,000 댓글:762 저장:7,360 공유:2,168 날짜:2026-03-02 | ℍ&#120160;&#120157;&#120157;&#120170;&#1
2026-03-12 06:09:20,821 [INFO]   [20] 좋아요:230,000 댓글:1,441 저장:16,000 공유:4,300 날짜:2026-03-02 | Let Me Drive&#10;…⁠자세히⁠ ⁠|⁠ ⁠
2026-03-12 06:09:27,140 [INFO]   [21] 좋아요:385,000 댓글:2,350 저장:25,000 공유:8,514 날짜:2026-03-01 | &#127927;&#10;…⁠자세히
2026-03-12 06:09:33,459 [INFO]   [22] 좋아요:78,000 댓글:897 저장:5,615 공유:1,364 날짜:2026-03-01 | 어쩜 그렇게 예뻐 &#128152;&#10;…⁠자세히
2026-03-12 06:09:39,738 [INFO]   [23] 좋아요:30,000 댓글:476 저장:2,509 공유:454 날짜:2026-02-28 | #SOYEON in #CoachFall26 Show @Coach #Coa
2026-03-12 06:09:46,095 [INFO]   [24] 좋아요:20,000 댓글:475 저장:1,771 공유:454 날짜:2026-02-27 | Shinyyyy &#128144; @MARNI #MarniFW26&#10
