2026-03-12 05:39:53,109 [INFO] 디바이스 연결 확인: R3CTC0CHJBT
2026-03-12 05:39:53,190 [INFO] 틱톡 URL 보유: 173개
2026-03-12 05:39:55,046 [INFO] retry-failed 모드: 9개 그룹 재크롤
2026-03-12 05:39:55,046 [INFO] 크롤링 시작: 9개 그룹
2026-03-12 05:39:55,355 [INFO]   디바이스 보호 설정 완료 (stay_on=3, brightness=20)
2026-03-12 05:39:55,356 [INFO] 
============================================================
2026-03-12 05:39:55,356 [INFO] [1/9] 리센느 (RESCENE)
2026-03-12 05:39:55,356 [INFO] ============================================================
2026-03-12 05:39:55,574 [WARNING]   TikTok이 포그라운드 아님, 복귀 시도...
2026-03-12 05:40:05,596 [INFO]   프로필: RESCENE_official | 팔로워 420,000 | 좋아요 7,522,000
2026-03-12 05:40:05,597 [INFO]   그리드 비디오: 6개 (조회수: [69000, 16000, 13000])
2026-03-12 05:40:21,654 [INFO]   grid_views 스크롤 수집 완료: 39개
2026-03-12 05:40:52,005 [INFO]   [1] 좋아요:2,683 댓글:68 저장:269 공유:71 날짜:2026-03-08 | 사랑해 널 사랑해 오직 너만 ∗̥✩⁺˚♡ #LIV #리브 #RESCENE
2026-03-12 05:40:58,217 [INFO]   [2] 좋아요:2,817 댓글:77 저장:245 공유:59 날짜:2026-03-07 | Busy한 5G 세상 속 2G 제나 &#10;…⁠자세히
2026-03-12 05:41:04,480 [INFO]   [skip] 광고: 오늘 당신의 TikTok을 홍보하세요!
2026-03-12 05:41:10,752 [INFO]   [3] 좋아요:2,425 댓글:42 저장:212 공유:44 날짜:2026-03-07 | Busy Boy with #그라나다 선배님&#128105;‍&#12818
2026-03-12 05:41:17,067 [INFO]   [4] 좋아요:1,605 댓글:30 저장:132 공유:27 날짜:2026-03-07 | Busy Boy with #LAVIN 선배님&#128104;‍&#1281
2026-03-12 05:41:23,308 [INFO]   [5] 좋아요:3,145 댓글:59 저장:288 공유:113 날짜:2026-03-06 | ✌️✌️ #MINAMI #미나미 #RESCENE #리센느 #challen
2026-03-12 05:41:29,554 [INFO]   [6] 좋아요:2,490 댓글:63 저장:213 공유:88 날짜:2026-03-06 | 온몸으로 외치는 네가 싫어 #RESCENE #리센느 #リセンヌ…⁠자세히
2026-03-12 05:41:35,838 [INFO]   [7] 좋아요:2,189 댓글:47 저장:181 공유:27 날짜:2026-03-06 | 
2026-03-12 05:41:42,057 [INFO]   [8] 좋아요:3,590 댓글:56 저장:284 공유:73 날짜:2026-03-05 | Busy Boy with #MADEIN 세리나님&#128105;‍&#12
2026-03-12 05:41:48,174 [INFO]   [9] 좋아요:1,698 댓글:27 저장:142 공유:25 날짜:2026-03-05 | Busy Boy with #ONEPACT 예담 선배님&#128104;‍&
2026-03-12 05:41:54,386 [INFO]   [10] 좋아요:2,915 댓글:53 저장:217 공유:42 날짜:2026-03-05 | Busy Boy with #DAILYDIRECTION 김주형님 &#128
2026-03-12 05:42:00,641 [INFO]   [11] 좋아요:1,727 댓글:45 저장:140 공유:17 날짜:2026-03-03 | 인생이란 #MAY #메이 #RESCENE #challenge
2026-03-12 05:42:06,833 [INFO]   [12] 좋아요:2,012 댓글:52 저장:175 공유:35 날짜:2026-03-03 | Busy한 일상 그 자체&#10;…⁠자세히
2026-03-12 05:42:13,121 [INFO]   [skip] 광고: 오늘 당신의 TikTok을 홍보하세요!
2026-03-12 05:42:19,468 [INFO]   [13] 좋아요:2,193 댓글:66 저장:210 공유:65 날짜:2026-03-03 | 짜스보이&#128378; #LIV #MINAMI #RESCENE #리센느
2026-03-12 05:42:25,653 [INFO]   [14] 좋아요:5,471 댓글:65 저장:422 공유:109 날짜:2026-03-02 | Flyday Chinatown #MINAMI #미나미 #RESCENE #
2026-03-12 05:42:31,838 [INFO]   [15] 좋아요:3,140 댓글:59 저장:237 공유:68 날짜:2026-03-02 | You’re my lullaby&#127769; #MINAMI #ZENA
2026-03-12 05:42:38,126 [INFO]   [16] 좋아요:8,781 댓글:111 저장:668 공유:186 날짜:2026-03-02 | 너뿐이야 &#128536;&#128562;&#128151; #WONI #
2026-03-12 05:42:44,288 [INFO]   [17] 좋아요:2,480 댓글:72 저장:251 공유:90 날짜:2026-03-01 | Busy girl &#128541; #ZENA #제나&#10;#RESCE
2026-03-12 05:42:50,576 [INFO]   [18] 좋아요:2,798 댓글:74 저장:249 공유:106 날짜:2026-03-01 | Busy 동생즈 &#128149; #RESCENE #리센느 #リセンヌ…⁠
2026-03-12 05:42:56,815 [INFO]   [19] 좋아요:4,521 댓글:60 저장:405 공유:128 날짜:2026-03-01 | Busy 언니즈 &#127872; #RESCENE #리센느 #リセンヌ…⁠
2026-03-12 05:43:03,038 [INFO]   [20] 좋아요:3,162 댓글:91 저장:298 공유:134 날짜:2026-02-28 | Busy #ZENA &#128105;‍&#128187;&#10;…⁠자세히
2026-03-12 05:43:09,394 [INFO]   [21] 좋아요:2,392 댓글:47 저장:198 공유:58 날짜:2026-02-28 | Busy #MAY &#128105;‍&#128187;&#10;…⁠자세히⁠
2026-03-12 05:43:15,759 [INFO]   [22] 좋아요:2,343 댓글:45 저장:196 공유:91 날짜:2026-02-28 | Busy #MINAMI &#128105;‍&#128187;&#10;…⁠자
2026-03-12 05:43:22,064 [INFO]   [23] 좋아요:2,873 댓글:83 저장:276 공유:85 날짜:2026-02-28 | Busy #LIV &#128105;‍&#128187;&#10;…⁠자세히⁠
2026-03-12 05:43:28,224 [INFO]   [24] 좋아요:3,148 댓글:48 저장:277 공유:94 날짜:2026-02-28 | Busy #WONI &#128105;‍&#128187;&#10;…⁠자세히
2026-03-12 05:43:34,431 [INFO]   [25] 좋아요:13,000 댓글:150 저장:1,037 공유:441 날짜:2026-02-27 | 네가 싫어 Busy boy &#128548;❤️‍&#128293; #RE
2026-03-12 05:43:40,736 [INFO]   [skip] 광고: Instagram에서 친구들과 함께하세요
2026-03-12 05:43:47,057 [INFO]   [26] 좋아요:4,365 댓글:74 저장:301 공유:115 날짜:2026-02-27 | Busy Boy &#128104;‍&#128187; #RESCENE #리
2026-03-12 05:43:53,324 [INFO]   [27] 좋아요:1,875 댓글:40 저장:152 공유:29 날짜:2026-02-26 | 楽しい Pinball game with #moeka &#127918;&#
2026-03-12 05:43:59,548 [INFO]   [28] 좋아요:2,161 댓글:48 저장:186 공유:32 날짜:2026-02-26 | 楽しい Pinball game with #シシドちゃん &#127918;&
2026-03-12 05:44:05,641 [INFO]   [skip] 광고: 오늘 당신의 TikTok을 홍보하세요!
2026-03-12 05:44:11,775 [INFO]   [29] 좋아요:1,996 댓글:52 저장:169 공유:29 날짜:2026-02-26 | 楽しい Pinball game with #SEIA &#127918;&#1
2026-03-12 05:44:18,046 [INFO]   [30] 좋아요:4,347 댓글:70 저장:283 공유:125 날짜:2026-02-25 | 楽しい Pinball game with #PachiJimin &#1279
2026-03-12 05:44:24,306 [INFO]   [31] 좋아요:2,338 댓글:53 저장:189 공유:40 날짜:2026-02-25 | 楽しい Pinball game with #ユンユン &#127918;&#1
2026-03-12 05:44:30,481 [INFO]   [32] 좋아요:1,918 댓글:29 저장:150 공유:15 날짜:2026-02-25 | 楽しい Pinball game with #COCONA &#127918;&
2026-03-12 05:44:36,721 [INFO]   [33] 좋아요:3,190 댓글:102 저장:276 공유:59 날짜:2026-02-24 | &#128378; #LIV #MINAMI #ZENA #RESCENE #c
2026-03-12 05:44:43,026 [INFO]   [34] 좋아요:3,527 댓글:70 저장:349 공유:71 날짜:2026-02-24 | 원이랑 메이랑 &#128154;&#128155; #WONI #MAY #R
2026-03-12 05:44:49,286 [INFO]   [35] 좋아요:4,239 댓글:80 저장:384 공유:83 날짜:2026-02-23 | &#129331;&#128248; #RESCENE #리센느 #リセンヌ #
2026-03-12 05:44:55,645 [INFO]   [36] 좋아요:3,261 댓글:76 저장:253 공유:66 날짜:2026-02-23 | 다 같이 손잡고&#129309;&#128157; #RESCENE #리센느
2026-03-12 05:45:01,982 [INFO]   [37] 좋아요:2,703 댓글:65 저장:245 공유:64 날짜:2026-02-20 | &#129380;&#129303; #LIV #리브 #RESCENE #ch
2026-03-12 05:45:08,207 [INFO]   [38] 좋아요:3,601 댓글:90 저장:379 공유:89 날짜:2026-02-20 | ♡₍˘｡&gt; ࿁ &lt;｡ ྀི₎ഒ #ZENA #제나 #RESCENE
2026-03-12 05:45:14,335 [INFO]   [39] 좋아요:2,150 댓글:67 저장:193 공유:55 날짜:2026-02-19 | &#128064;&#128521; #LIV #리브 #RESCENE #ch
2026-03-12 05:45:20,416 [INFO]   [40] 좋아요:5,221 댓글:90 저장:498 공유:174 날짜:2026-02-19 | Confetti &#127881;&#127882; #LIV #MINAMI
2026-03-12 05:45:22,384 [INFO]   광고 4개 필터링됨
2026-03-12 05:45:25,605 [INFO]   → 게시물 40개, 평균좋아요 3,312, 참여율 20.38%
2026-03-12 05:45:30,290 [INFO] 
============================================================
2026-03-12 05:45:30,291 [INFO] [2/9] 크랙시 (CRAXY)
2026-03-12 05:45:30,291 [INFO] ============================================================
2026-03-12 05:45:30,431 [WARNING]   TikTok이 포그라운드 아님, 복귀 시도...
2026-03-12 05:45:39,384 [INFO]   프로필: CRAXY(크랙시) | 팔로워 231,000 | 좋아요 2,731,000
2026-03-12 05:45:39,384 [INFO]   그리드 비디오: 6개 (조회수: [19000, 28000, 25000])
2026-03-12 05:45:55,251 [INFO]   grid_views 스크롤 수집 완료: 39개
2026-03-12 05:46:10,108 [INFO]   [1] 2024-06-24 — 30일 이전, 중단
2026-03-12 05:46:13,332 [INFO]   → 게시물 0개, 평균좋아요 0, 참여율 0%
2026-03-12 05:46:17,987 [INFO] 
============================================================
2026-03-12 05:46:17,987 [INFO] [3/9] 루셈블 (Loossemble)
2026-03-12 05:46:17,988 [INFO] ============================================================
2026-03-12 05:46:18,170 [WARNING]   TikTok이 포그라운드 아님, 복귀 시도...
2026-03-12 05:46:27,230 [INFO]   프로필: Loossemble | 팔로워 410,000 | 좋아요 11,006,000
2026-03-12 05:46:27,230 [INFO]   그리드 비디오: 6개 (조회수: [771000, 331000, 203000])
2026-03-12 05:46:42,674 [INFO]   grid_views 스크롤 수집 완료: 39개
2026-03-12 05:46:57,663 [INFO]   [1] 2024-11-04 — 30일 이전, 중단
2026-03-12 05:47:00,846 [INFO]   → 게시물 0개, 평균좋아요 0, 참여율 0%
2026-03-12 05:47:05,560 [INFO] 
============================================================
2026-03-12 05:47:05,561 [INFO] [4/9] 위나 (We;Na)
2026-03-12 05:47:05,561 [INFO] ============================================================
2026-03-12 05:47:05,710 [WARNING]   TikTok이 포그라운드 아님, 복귀 시도...
2026-03-12 05:47:14,696 [INFO]   프로필: 위나 | 팔로워 284,000 | 좋아요 6,315,000
2026-03-12 05:47:14,696 [INFO]   그리드 비디오: 6개 (조회수: [16938000, 2971000, 9823000])
2026-03-12 05:47:30,701 [INFO]   grid_views 스크롤 수집 완료: 39개
2026-03-12 05:47:45,547 [INFO]   [1] 2023-02-10 — 30일 이전, 중단
2026-03-12 05:47:48,686 [INFO]   → 게시물 0개, 평균좋아요 0, 참여율 0%
2026-03-12 05:47:53,377 [INFO] 
============================================================
2026-03-12 05:47:53,377 [INFO] [5/9] 데이식스 (DAY6)
2026-03-12 05:47:53,377 [INFO] ============================================================
2026-03-12 05:47:53,546 [WARNING]   TikTok이 포그라운드 아님, 복귀 시도...
2026-03-12 05:48:02,527 [INFO]   프로필: DAY6 | 팔로워 422,000 | 좋아요 337,000
2026-03-12 05:48:02,527 [INFO]   그리드 비디오: 1개 (조회수: [2766000])
2026-03-12 05:48:16,740 [INFO]   grid_views 스크롤 수집 완료: 3개
2026-03-12 05:48:31,485 [INFO]   [1] 2020-05-01 — 30일 이전, 중단
2026-03-12 05:48:34,667 [INFO]   → 게시물 0개, 평균좋아요 0, 참여율 0%
2026-03-12 05:48:39,349 [INFO] 
============================================================
2026-03-12 05:48:39,350 [INFO] [6/9] 판타지보이즈 (FANTASY BOYS)
2026-03-12 05:48:39,350 [INFO] ============================================================
2026-03-12 05:48:39,527 [WARNING]   TikTok이 포그라운드 아님, 복귀 시도...
2026-03-12 05:48:48,477 [INFO]   프로필: FANTASYBOYS | 팔로워 401,000 | 좋아요 8,200,000
2026-03-12 05:48:48,477 [INFO]   그리드 비디오: 6개 (조회수: [97000, 5803, 19000])
2026-03-12 05:49:03,852 [INFO]   grid_views 스크롤 수집 완료: 39개
2026-03-12 05:49:34,138 [INFO]   [1] 좋아요:806 댓글:16 저장:41 공유:9 날짜:2026-03-11 | 간바레 챌린지 누가 처음 만들었을까? ^^&#128077; #FANTAS
2026-03-12 05:49:40,447 [INFO]   [2] 좋아요:4,254 댓글:45 저장:263 공유:57 날짜:2026-03-09 | 이니미니 #FANTASYBOYS #판타지보이즈 #LINGQI #링치 #K
2026-03-12 05:49:46,619 [INFO]   [3] 좋아요:4,739 댓글:57 저장:272 공유:94 날짜:2026-03-08 | 미워! &#128148; #FANTASYBOYS #판타지보이즈 #LING
2026-03-12 05:49:52,802 [INFO]   [4] 좋아요:1,221 댓글:30 저장:89 공유:24 날짜:2026-03-08 | 졸여. #FANTASYBOYS #판타지보이즈 #KIMWOOSEOK #김우
2026-03-12 05:49:58,992 [INFO]   [5] 좋아요:1,188 댓글:21 저장:93 공유:20 날짜:2026-03-08 | 어허 #FANTASYBOYS #판타지보이즈 #OHHYEONTAE #오현태
2026-03-12 05:50:05,207 [INFO]   [6] 좋아요:4,415 댓글:78 저장:247 공유:78 날짜:2026-03-07 | 삼총사의 아웅다웅&#129354; #FANTASYBOYS #판타지보이즈 
2026-03-12 05:50:11,466 [INFO]   [7] 좋아요:3,080 댓글:59 저장:242 공유:57 날짜:2026-02-23 | &#128526; 오랜만에 몸 좀 움직였당&#128077; #FANTAS
2026-03-12 05:50:17,726 [INFO]   [8] 좋아요:2,267 댓글:45 저장:175 공유:39 날짜:2026-02-22 | &#129396; #FANTASYBOYS #판타지보이즈 #OHHYEONT
2026-03-12 05:50:23,839 [INFO]   [9] 좋아요:5,490 댓글:36 저장:279 공유:73 날짜:2026-02-21 | 미워? 미워?? 미워!!! #FANTASYBOYS #판타지보이즈 #KIM
2026-03-12 05:50:30,106 [INFO]   [10] 좋아요:9,262 댓글:78 저장:547 공유:206 날짜:2026-02-20 | 미워! #FANTASYBOYS #판타지보이즈 #OHHYEONTAE #오현
2026-03-12 05:50:36,335 [INFO]   [11] 좋아요:2,828 댓글:35 저장:156 공유:16 날짜:2026-02-20 | 아웅다웅?  #FANTASYBOYS #판타지보이즈 #KIMWOOSEOK 
2026-03-12 05:50:42,494 [INFO]   [12] 좋아요:2,069 댓글:40 저장:80 공유:51 날짜:2026-02-17 | 왕 크니까 왕 귀엽다 #FANTASYBOYS #판타지보이즈 #KIMWOO
2026-03-12 05:50:48,762 [INFO]   [13] 좋아요:2,177 댓글:35 저장:135 공유:25 날짜:2026-02-14 | 우석&#128081;등장 #FANTASYBOYS #판타지보이즈 #KIMW
2026-03-12 05:50:54,998 [INFO]   [14] 좋아요:1,526 댓글:30 저장:106 공유:19 날짜:2026-02-11 | 나나미와 토모에 #FANTASYBOYS #판타지보이즈 #KIMWOOSEO
2026-03-12 05:51:01,226 [INFO]   [15] 2026-02-02 — 30일 이전, 중단
2026-03-12 05:51:04,447 [INFO]   → 게시물 14개, 평균좋아요 3,237, 참여율 13.64%
2026-03-12 05:51:09,130 [INFO] 
============================================================
2026-03-12 05:51:09,130 [INFO] [7/9] 나인아이 (NINE.i)
2026-03-12 05:51:09,130 [INFO] ============================================================
2026-03-12 05:51:09,326 [WARNING]   TikTok이 포그라운드 아님, 복귀 시도...
2026-03-12 05:51:18,327 [INFO]   프로필: NINE.i_OFFICIAL | 팔로워 393,000 | 좋아요 9,290,000
2026-03-12 05:51:18,328 [INFO]   그리드 비디오: 6개 (조회수: [47000, 97000, 248000])
2026-03-12 05:51:34,250 [INFO]   grid_views 스크롤 수집 완료: 42개
2026-03-12 05:52:04,514 [INFO]   [1] 2023-12-19 — 30일 이전, 중단
2026-03-12 05:52:07,689 [INFO]   → 게시물 0개, 평균좋아요 0, 참여율 0%
2026-03-12 05:52:12,373 [INFO] 
============================================================
2026-03-12 05:52:12,373 [INFO] [8/9] 더킹덤 (The KingDom)
2026-03-12 05:52:12,373 [INFO] ============================================================
2026-03-12 05:52:12,548 [WARNING]   TikTok이 포그라운드 아님, 복귀 시도...
2026-03-12 05:52:21,610 [INFO]   프로필: TheKingDom_gfent | 팔로워 327,000 | 좋아요 4,956,000
2026-03-12 05:52:21,610 [INFO]   그리드 비디오: 6개 (조회수: [14000, 8299, 11000])
2026-03-12 05:52:37,375 [INFO]   grid_views 스크롤 수집 완료: 39개
2026-03-12 05:52:52,396 [INFO]   [1] 2025-12-14 — 30일 이전, 중단
2026-03-12 05:52:55,580 [INFO]   → 게시물 0개, 평균좋아요 0, 참여율 0%
2026-03-12 05:53:00,255 [INFO] 
============================================================
2026-03-12 05:53:00,255 [INFO] [9/9] 뉴비트 (NEWBEAT)
2026-03-12 05:53:00,256 [INFO] ============================================================
2026-03-12 05:53:00,428 [WARNING]   TikTok이 포그라운드 아님, 복귀 시도...
2026-03-12 05:53:09,492 [INFO]   프로필: NewBeat_official | 팔로워 304,000 | 좋아요 4,842,000
2026-03-12 05:53:09,492 [INFO]   그리드 비디오: 6개 (조회수: [75000, 65000, 20000])
2026-03-12 05:53:30,320 [INFO]   grid_views 스크롤 수집 완료: 45개
2026-03-12 05:53:45,051 [INFO]   [1] 2025-11-06 — 30일 이전, 중단
2026-03-12 05:53:48,234 [INFO]   → 게시물 0개, 평균좋아요 0, 참여율 0%
2026-03-12 05:53:48,387 [INFO]   대기 모드 전환 (brightness=0)
2026-03-12 05:53:48,388 [INFO] 
============================================================
2026-03-12 05:53:48,388 [INFO] 크롤링 완료: 9개 그룹
2026-03-12 05:53:48,388 [INFO] 요약: G:\내 드라이브\01.Work\04.AI.M.Contents\00.pumit\04.aimcontents.com\idol-sns-app\data\tiktok-data\tiktok-summary.json
2026-03-12 05:53:48,388 [INFO] 
Top 10 팔로워:
2026-03-12 05:53:48,389 [INFO]   1. 데이식스                    422,000
2026-03-12 05:53:48,389 [INFO]   2. 리센느                     420,000
2026-03-12 05:53:48,389 [INFO]   3. 루셈블                     410,000
2026-03-12 05:53:48,389 [INFO]   4. 판타지보이즈                  401,000
2026-03-12 05:53:48,389 [INFO]   5. 나인아이                    393,000
2026-03-12 05:53:48,389 [INFO]   6. 더킹덤                     327,000
2026-03-12 05:53:48,390 [INFO]   7. 뉴비트                     304,000
2026-03-12 05:53:48,390 [INFO]   8. 위나                      284,000
2026-03-12 05:53:48,390 [INFO]   9. 크랙시                     231,000
