2026-03-08 12:50:54,675 [INFO] 디바이스 연결 확인: R3CTC0CHJBT
2026-03-08 12:50:54,789 [INFO] 틱톡 URL 보유: 173개
2026-03-08 12:50:54,789 [INFO] 크롤링 시작: 1개 그룹
2026-03-08 12:50:54,790 [INFO] 
============================================================
2026-03-08 12:50:54,790 [INFO] [1/1] 에스파 (aespa)
2026-03-08 12:50:54,791 [INFO] ============================================================
2026-03-08 12:51:01,537 [INFO]   프로필: aespa official | 팔로워 16,669,000 | 좋아요 780,000,000
2026-03-08 12:51:01,538 [INFO]   그리드 비디오: 3개 (조회수: [1552000, 3530000, 3777000])
2026-03-08 12:51:08,127 [INFO]   [1] 좋아요:685,000 댓글:1,788 저장:14,000 공유:5,644 날짜:2026-03-01 | #NINGNING at #Gucci #aespa #GucciPrimave
2026-03-08 12:51:12,734 [INFO]   [2] 좋아요:606,000 댓글:3,167 저장:46,000 공유:27,000 날짜:2026-02-14 | MY valentine♡ᩚ #aespa #에스파
2026-03-08 12:51:17,267 [INFO]   [3] 좋아요:769,000 댓글:4,903 저장:58,000 공유:45,000 날짜:2026-02-14 | 냐 #aespa #에스파 #WINTER #윈터
2026-03-08 12:51:21,777 [INFO]   [4] 좋아요:803,000 댓글:3,645 저장:44,000 공유:28,000 날짜:2026-02-14 | What’s your favorite thing #aespa #에스파 #
2026-03-08 12:51:26,263 [INFO]   [5] 좋아요:798,000 댓글:3,215 저장:41,000 공유:19,000 날짜:2026-02-08 | 카리나가 좋더라 #aespa #에스파&#10;#KARINA #카리나
2026-03-08 12:51:30,837 [INFO]   [6] 2026-02-01 — 30일 이전, 중단
2026-03-08 12:51:34,095 [INFO]   → 게시물 5개, 평균좋아요 732,200, 참여율 45.21%
2026-03-08 12:51:34,148 [INFO] 
============================================================
2026-03-08 12:51:34,148 [INFO] 크롤링 완료: 1개 그룹
2026-03-08 12:51:34,149 [INFO] 요약: G:\내 드라이브\01.Work\04.AI.M.Contents\00.pumit\04.aimcontents.com\idol-sns-app\data\tiktok-data\tiktok-summary.json
2026-03-08 12:51:34,149 [INFO] 
Top 10 팔로워:
2026-03-08 12:51:34,149 [INFO]   1. 에스파                  16,669,000
