2026-03-10 05:47:57,753 [INFO] 디바이스 연결 확인: RF9R7042F3K (Samsung Galaxy A32)
2026-03-10 05:47:58,289 [INFO]   화면 상시 켜짐 + 30분 타임아웃 설정
2026-03-10 05:47:58,387 [INFO] 틱톡 URL 보유: 173개
2026-03-10 05:47:58,387 [INFO] 테스트 모드: ['IVE']
2026-03-10 05:47:58,387 [INFO] 크롤링 시작: 1개 그룹
2026-03-10 05:47:58,388 [INFO] 
============================================================
2026-03-10 05:47:58,388 [INFO] [1/1] 아이브 (IVE)
2026-03-10 05:47:58,388 [INFO] ============================================================
2026-03-10 05:47:58,448 [INFO]   화면 OFF → 켜기
2026-03-10 05:48:00,660 [WARNING]   TikTok이 포그라운드 아님 (), 복귀...
2026-03-10 05:48:15,740 [WARNING]   프로필 불일치: 기대=ive.official 실제=(없음), 재시도 1...
2026-03-10 05:48:29,027 [INFO]   프로필: IVE.official | 팔로워 0 | 좋아요 0
2026-03-10 05:48:29,028 [INFO]   [그리드] 초기 화면: 6개 → 누적 6개
2026-03-10 05:48:34,644 [INFO]   [그리드] 스크롤 1: +6개 → 누적 12개
2026-03-10 05:48:40,428 [INFO]   [그리드] 스크롤 2: +15개 → 누적 27개
2026-03-10 05:48:46,197 [INFO]   [그리드] 스크롤 3: +12개 → 누적 39개
2026-03-10 05:48:51,747 [INFO]   [그리드] 스크롤 4: +15개 → 누적 54개
2026-03-10 05:48:51,748 [INFO]   [그리드] 목표 40개 도달 (54개), 스크롤 중단
2026-03-10 05:48:51,748 [INFO]   [그리드] 프로필 맨 위로 복원 중... (4회 스크롤 업)
2026-03-10 05:49:07,366 [INFO]   [그리드] 총 수집: 54개 조회수 (스크롤 4회)
2026-03-10 05:49:07,366 [INFO]   사전 수집 조회수: 54개 (첫 3개: [875000, 391000, 419000])
2026-03-10 05:49:41,216 [INFO]   [1] 조회수:875,000 좋아요:104,000 댓글:1,030 저장:6,842 공유:3,369 날짜:2026-03-09 | 어머나 &#10;…⁠자세히
2026-03-10 05:49:48,156 [INFO]   [2] 조회수:391,000 좋아요:101,000 댓글:824 저장:7,585 공유:2,416 날짜:2026-03-09 | 업-&#10;…⁠자세히⁠ ⁠|⁠ ⁠원본 보기
2026-03-10 05:49:55,116 [INFO]   [3] 조회수:419,000 좋아요:67,000 댓글:634 저장:4,720 공유:1,513 날짜:2026-03-09 | In   Heart &#128151;#KiiiKiii #LEESOL @K
2026-03-10 05:50:02,205 [INFO]   [4] 조회수:285,000 좋아요:160,000 댓글:1,676 저장:11,000 공유:7,206 날짜:2026-03-09 | ✌️✌️.&#10;…⁠자세히⁠ ⁠|⁠ ⁠원본 보기
2026-03-10 05:50:09,164 [INFO]   [5] 조회수:702,000 좋아요:155,000 댓글:1,864 저장:11,000 공유:3,766 날짜:2026-03-09 | BANG BANG (홈트 ver.) &#10;…⁠자세히
2026-03-10 05:50:16,200 [INFO]   [6] 조회수:913,000 좋아요:134,000 댓글:1,741 저장:9,647 공유:4,200 날짜:2026-03-09 | 별이떴으니까 날좀바라봐 &#10;…⁠자세히
2026-03-10 05:50:23,170 [INFO]   [7] 조회수:539,000 좋아요:44,000 댓글:647 저장:3,766 공유:688 날짜:2026-03-08 | '아이브의 주간' 10일차 &#129694;#IVE #아이브 #REVIV
2026-03-10 05:50:30,109 [INFO]   [8] 조회수:344,000 좋아요:43,000 댓글:474 저장:3,090 공유:530 날짜:2026-03-08 | 한 지붕 두 꾸이&#10;…⁠자세히
2026-03-10 05:50:36,900 [INFO]   [9] 조회수:280,000 좋아요:69,000 댓글:760 저장:4,883 공유:1,222 날짜:2026-03-08 | &#128420; &#10;…⁠자세히⁠ ⁠|⁠ ⁠원본 보기
2026-03-10 05:50:43,892 [INFO]   [10] 조회수:438,000 좋아요:40,000 댓글:553 저장:2,811 공유:518 날짜:2026-03-08 | 원하면 #WOODZ #우즈 이뤄지리라&#128420; @WOODZ &#1
2026-03-10 05:50:50,854 [INFO]   [11] 조회수:309,000 좋아요:245,000 댓글:1,690 저장:15,000 공유:4,243 날짜:2026-03-07 | 팸! 뱅 꺾고 꺽꼬 꺾꼬! shout out to @승헌쓰 이꼬르 나야나
2026-03-10 05:50:57,750 [INFO]   [12] 조회수:2,048,000 좋아요:258,000 댓글:1,621 저장:20,000 공유:8,767 날짜:2026-03-07 | 바쁘다 바빠 기니사회&#10;…⁠자세히
2026-03-10 05:51:04,305 [INFO]   [13] 조회수:1,058,000 좋아요:33,000 댓글:422 저장:2,816 공유:413 날짜:2026-03-07 | '아이브의 주간' 9일차 &#127744;#IVE #아이브 #REVIVE
2026-03-10 05:51:11,322 [INFO]   [14] 조회수:287,000 좋아요:65,000 댓글:634 저장:5,136 공유:989 날짜:2026-03-07 | 밤새도록 춤을 출래 =͟͟͞͞➳❥&#10;…⁠자세히
2026-03-10 05:51:18,342 [INFO]   [15] 조회수:329,000 좋아요:29,000 댓글:548 저장:2,728 공유:573 날짜:2026-03-06 | '아이브의 주간' 8일차 &#127897;️#IVE #아이브 #REVIV
2026-03-10 05:51:25,308 [INFO]   [16] 조회수:438,000 좋아요:73,000 댓글:758 저장:5,196 공유:1,200 날짜:2026-03-06 | 쏟아지는 Glitter&#10;…⁠자세히
2026-03-10 05:51:32,349 [INFO]   [17] 조회수:309,000 좋아요:40,000 댓글:558 저장:3,554 공유:625 날짜:2026-03-05 | '아이브의 주간' 7일 차 &#128150;#IVE #아이브 #REVIV
2026-03-10 05:51:39,319 [INFO]   [18] 조회수:2,048,000 좋아요:25,000 댓글:403 저장:2,593 공유:557 날짜:2026-03-05 | 장바구니&#10;…⁠자세히⁠ ⁠|⁠ ⁠원본 보기
2026-03-10 05:51:46,330 [INFO]   [19] 조회수:1,320,000 좋아요:20,000 댓글:312 저장:1,860 공유:391 날짜:2026-03-05 | Look at me now&#128064;#IVE #아이브 #REVIVE
2026-03-10 05:51:53,365 [INFO]   [20] 조회수:281,000 좋아요:97,000 댓글:701 저장:8,644 공유:2,603 날짜:2026-03-05 | #LE_SSERAFIM #HONGEUNCHAE 에게 눈 떼지마 시선 &#
2026-03-10 05:52:00,396 [INFO]   [21] 조회수:354,000 좋아요:232,000 댓글:1,141 저장:16,000 공유:4,479 날짜:2026-03-05 | 원하면 #LE_SSERAFIM #HONGEUNCHAE 이뤄지리라&#128
2026-03-10 05:52:07,312 [INFO]   [22] 조회수:295,000 좋아요:28,000 댓글:476 저장:2,778 공유:493 날짜:2026-03-04 | '아이브의 주간' 6일차 &#128159;#IVE #아이브 #REVIVE
2026-03-10 05:52:14,345 [INFO]   [23] 조회수:542,000 좋아요:50,000 댓글:518 저장:4,384 공유:827 날짜:2026-03-04 | &#120365;&#120368;&#120375;&#120358; &#1
2026-03-10 05:52:21,349 [INFO]   [24] 조회수:404,000 좋아요:48,000 댓글:492 저장:3,444 공유:659 날짜:2026-03-04 | 원하면 #IDID #BAEKJUNHYUK 이뤄지리라&#128420; @I
2026-03-10 05:52:28,436 [INFO]   [25] 조회수:229,000 좋아요:179,000 댓글:1,163 저장:12,000 공유:2,634 날짜:2026-03-04 | 끝없는 &#120017;&#120016;&#120029;&#120022;
2026-03-10 05:52:35,439 [INFO]   [26] 조회수:209,000 좋아요:60,000 댓글:587 저장:4,606 공유:875 날짜:2026-03-04 | &#120131;&#120160;&#120160;&#120156; &#1
2026-03-10 05:52:42,389 [INFO]   [27] 조회수:456,000 좋아요:137,000 댓글:771 저장:8,451 공유:3,103 날짜:2026-03-04 | 원하면 #Hearts2Hearts #IAN 이뤄지리라&#128420; @
2026-03-10 05:52:49,231 [INFO]   [28] 조회수:349,000 좋아요:238,000 댓글:1,343 저장:20,000 공유:19,000 날짜:2026-03-03 | 광산 및 광산&#10;…⁠자세히⁠ ⁠|⁠ ⁠원본 보기
2026-03-10 05:52:56,227 [INFO]   [29] 조회수:1,088,000 좋아요:89,000 댓글:761 저장:6,391 공유:1,539 날짜:2026-03-03 | 끝내 현실이 돼 ★༉‧₊˚✧&#10;…⁠자세히
2026-03-10 05:53:03,207 [INFO]   [30] 조회수:370,000 좋아요:77,000 댓글:574 저장:5,047 공유:1,080 날짜:2026-03-03 | 원하면 #andTEAM #EJ 이뤄지리라&#128420; @&amp;TE
2026-03-10 05:53:10,221 [INFO]   [31] 조회수:731,000 좋아요:189,000 댓글:1,374 저장:13,000 공유:6,337 날짜:2026-03-03 | #Hearts2Hearts #IAN 에게 눈 떼지마 시선 &#129482
2026-03-10 05:53:17,251 [INFO]   [32] 조회수:1,139,000 좋아요:237,000 댓글:982 저장:18,000 공유:6,508 날짜:2026-03-03 | 접힌 .•✰.*•.&#10;…⁠자세히⁠ ⁠|⁠ ⁠원본 보기
2026-03-10 05:53:24,223 [INFO]   [33] 조회수:523,000 좋아요:151,000 댓글:1,116 저장:12,000 공유:3,792 날짜: | (11••1)✊&#128400;️&#10;…⁠자세히⁠ ⁠|⁠ ⁠원본 보기
2026-03-10 05:53:31,289 [INFO]   [34] 조회수:439,000 좋아요:41,000 댓글:1,575 저장:4,648 공유:1,386 날짜: | BANG BANG (CUTE ʕ｡•ﻌ•｡ʔ ver.) with#이진이 @
2026-03-10 05:53:38,306 [INFO]   [35] 조회수:870,000 좋아요:187,000 댓글:1,332 저장:14,000 공유:4,862 날짜: | In Your Heart (Sped Up ver.) &#128147;=з
2026-03-10 05:53:45,315 [INFO]   [36] 조회수:1,506,000 좋아요:280,000 댓글:1,385 저장:15,000 공유:3,921 날짜: | 원하면 #KiiiKiii #HAUM 이뤄지리라&#128420; @Kiii
2026-03-10 05:53:52,337 [INFO]   [37] 조회수:1,040,000 좋아요:120,000 댓글:1,148 저장:7,720 공유:1,867 날짜: | 가을이 일찍 오네&#128420;&#10;…⁠자세히
2026-03-10 05:53:59,378 [INFO]   [38] 조회수:404,000 좋아요:143,000 댓글:1,335 저장:11,000 공유:4,565 날짜: | &#128420;ʜᴏʟᴇ&#10;…⁠자세히⁠ ⁠|⁠ ⁠원본 보기
2026-03-10 05:54:06,348 [INFO]   [39] 조회수:934,000 좋아요:41,000 댓글:499 저장:3,343 공유:528 날짜: | 원하면 #GRANADA 이뤄지리라&#128420; @그라나다 &#10;…
2026-03-10 05:54:13,357 [INFO]   [40] 조회수:818,000 좋아요:35,000 댓글:632 저장:3,414 공유:667 날짜: | '아이브의 주간' 5일차 &#129294;#IVE #아이브 #REVIVE
2026-03-10 05:54:20,211 [INFO]   [41] 조회수:304,000 좋아요:440,000 댓글:2,227 저장:26,000 공유:12,000 날짜: | 내 주머니 속에 ( ｰ ֊ｰ )✧&#129375;&#128151;#IVE
2026-03-10 05:54:27,181 [INFO]   [42] 조회수:376,000 좋아요:127,000 댓글:941 저장:8,001 공유:1,916 날짜: | 마침내 우리답게 ✨&#10;…⁠자세히
2026-03-10 05:54:34,670 [INFO]   [43] 조회수:1,040,000 좋아요:38,000 댓글:424 저장:3,397 공유:613 날짜: | &#127916; ＢＬＡＣＫＨＯＬＥ: 비하인드 스토리&#10;…⁠자세히⁠
2026-03-10 05:54:41,666 [INFO]   [44] 조회수:404,000 좋아요:186,000 댓글:1,290 저장:14,000 공유:5,860 날짜: | (o o)&#10;…⁠자세히⁠ ⁠|⁠ ⁠원본 보기
2026-03-10 05:54:46,902 [INFO]   -> 저장: 44개 게시물 (기존 44개)
2026-03-10 05:54:46,903 [INFO]   -> 게시물 44개, 평균좋아요 117,159, ER(likes) 10.61%
2026-03-10 05:54:46,920 [INFO] 
============================================================
2026-03-10 05:54:46,920 [INFO] 크롤링 완료: 1개 그룹
2026-03-10 05:54:46,920 [INFO] 요약: G:\내 드라이브\01.Work\04.AI.M.Contents\00.pumit\04.aimcontents.com\idol-sns-app\data\tiktok-data\tiktok-summary-a32.json
2026-03-10 05:54:46,920 [INFO] 
Top 10 팔로워:
2026-03-10 05:54:46,920 [INFO]   1. 아이브                           0
2026-03-10 05:54:46,921 [INFO] 
그리드 조회수 수집 성공: 1/1개 그룹
2026-03-10 05:54:48,445 [INFO] 화면 상시 켜짐 해제
