2026-03-10 06:25:28,291 [INFO] 디바이스 연결 확인: RF9R7042F3K (Samsung Galaxy A32)
2026-03-10 06:25:29,919 [INFO]   화면 상시 켜짐 + 30분 타임아웃 설정
2026-03-10 06:25:29,999 [INFO] 틱톡 URL 보유: 173개
2026-03-10 06:25:32,058 [INFO] Views 재수집: 122개 그룹
2026-03-10 06:25:32,070 [INFO] 재개: 5개 완료, 5개 스킵, 117개 남음
2026-03-10 06:25:32,071 [INFO] 크롤링 시작: 117개 그룹
2026-03-10 06:25:32,071 [INFO] 
============================================================
2026-03-10 06:25:32,071 [INFO] [1/117] 에스파 (aespa)
2026-03-10 06:25:32,071 [INFO] ============================================================
2026-03-10 06:25:40,940 [INFO]   프로필: aespa official | 팔로워 16,671,000 | 좋아요 780,000,000
2026-03-10 06:25:40,957 [INFO]   [그리드] 초기 화면: 6개 → 누적 6개
2026-03-10 06:25:46,713 [INFO]   [그리드] 스크롤 1: 빈 화면 (연속 1회)
2026-03-10 06:25:52,377 [INFO]   [그리드] 스크롤 2: 빈 화면 (연속 2회)
2026-03-10 06:25:52,379 [INFO]   [그리드] 연속 빈 스크롤 2회 → 수집 완료
2026-03-10 06:25:52,380 [INFO]   [그리드] 프로필 맨 위로 복원 중... (2회 스크롤 업)
2026-03-10 06:26:03,263 [INFO]   [그리드] 총 수집: 6개 조회수 (스크롤 2회)
2026-03-10 06:26:03,265 [INFO]   사전 수집 조회수: 6개 (첫 3개: [233000, 318000, 515000])
2026-03-10 06:26:06,534 [WARNING]   그리드 복원 실패, 프로필 재진입...
2026-03-10 06:26:31,816 [INFO]   [1] 조회수:233,000 좋아요:69,000 댓글:502 저장:4,433 공유:2,054 날짜:2026-03-09 | MY 작은 키체인#aespa #GISELLE #NINGNING #Keyc
2026-03-10 06:26:38,845 [INFO]   [2] 조회수:318,000 좋아요:109,000 댓글:712 저장:7,844 공유:4,787 날짜:2026-03-09 | 내 키홀더가 되어 줘 ❤︎&#128273;#aespa #KARINA #W
2026-03-10 06:26:45,831 [INFO]   [3] 조회수:515,000 좋아요:137,000 댓글:1,302 저장:11,000 공유:6,546 날짜:2026-03-09 | 힘지민 #aespa #에스파 #KARINA #카리나
2026-03-10 06:26:52,868 [INFO]   [4] 조회수:826,000 좋아요:198,000 댓글:1,675 저장:17,000 공유:10,000 날짜:2026-03-09 | 뿅! #aespa #에스파 #WINTER #윈터
2026-03-10 06:26:59,952 [INFO]   [5] 조회수:552,000 좋아요:141,000 댓글:1,156 저장:7,452 공유:3,181 날짜:2026-03-09 | at#GISELLE #LOEWE #aespa #LOEWEFW26 @LOE
2026-03-10 06:27:06,910 [INFO]   [6] 조회수:1,627,000 좋아요:692,000 댓글:1,820 저장:15,000 공유:5,740 날짜: | at#NINGNING #Gucci #aespa #GucciPrimaver
2026-03-10 06:27:13,884 [INFO]   [7] 조회수:0 좋아요:611,000 댓글:3,178 저장:47,000 공유:27,000 날짜: | MY 발렌타인♡ᩚ  #aespa #에스파  원본 보기
2026-03-10 06:27:20,849 [INFO]   [8] 조회수:0 좋아요:776,000 댓글:4,933 저장:58,000 공유:46,000 날짜: | 냐 #aespa #에스파 #WINTER #윈터
2026-03-10 06:27:27,824 [INFO]   [9] 조회수:0 좋아요:814,000 댓글:3,663 저장:45,000 공유:28,000 날짜: | What’s your favorite thing     &#10;가장 좋
