2026-03-08 21:48:12,681 [INFO] 디바이스 연결 확인: R3CTC0CHJBT
2026-03-08 21:48:12,760 [INFO] 틱톡 URL 보유: 173개
2026-03-08 21:48:12,761 [INFO] 크롤링 시작: 1개 그룹
2026-03-08 21:48:12,761 [INFO] 
============================================================
2026-03-08 21:48:12,761 [INFO] [1/1] 킥플립 (KickFlip)
2026-03-08 21:48:12,761 [INFO] ============================================================
2026-03-08 21:48:12,987 [WARNING]   TikTok이 포그라운드 아님, 복귀 시도...
2026-03-08 21:48:21,921 [INFO]   프로필: KickFlip | 팔로워 1,850,000 | 좋아요 78,835,000
2026-03-08 21:48:21,923 [INFO]   그리드 비디오: 3개 (조회수: [121000, 16000, 391000])
2026-03-08 21:48:37,252 [WARNING]   비디오 페이지 미진입, 재시도...
2026-03-08 21:48:47,425 [INFO]   [1] 좋아요:40,000 댓글:1,008 저장:4,002 공유:2,118 날짜:2026-03-06 | 
2026-03-08 21:48:51,753 [INFO]   [2] 좋아요:7,655 댓글:139 저장:614 공유:193 날짜:2026-03-08 | &#120290;&#120322;&#120319; &#120307;&#1
2026-03-08 21:48:56,808 [INFO]   [3] 좋아요:135,000 댓글:1,547 저장:12,000 공유:4,348 날짜:2026-03-08 | &#128047;&#10;…⁠자세히
2026-03-08 21:49:01,757 [INFO]   [4] 좋아요:11,000 댓글:181 저장:1,339 공유:215 날짜:2026-03-07 | 
2026-03-08 21:49:06,844 [INFO]   [5] 좋아요:91,000 댓글:489 저장:8,304 공유:1,830 날짜:2026-03-06 | ⭐ 계훈 JYP 입사 10주년 ⭐ 3월 7일 COMING SOON…⁠자세
2026-03-08 21:49:11,774 [INFO]   [6] 좋아요:15,000 댓글:138 저장:1,472 공유:318 날짜:2026-03-06 | 
2026-03-08 21:49:16,671 [INFO]   [skip] 중복: 15000_138_1472_318
2026-03-08 21:49:21,535 [INFO]   연속 중복 2회 — 피드 끝, 중단
2026-03-08 21:49:24,761 [INFO]   → 게시물 6개, 평균좋아요 49,942, 참여율 64.38%
2026-03-08 21:49:24,777 [INFO] 
============================================================
2026-03-08 21:49:24,779 [INFO] 크롤링 완료: 1개 그룹
2026-03-08 21:49:24,780 [INFO] 요약: G:\내 드라이브\01.Work\04.AI.M.Contents\00.pumit\04.aimcontents.com\idol-sns-app\data\tiktok-data\tiktok-summary.json
2026-03-08 21:49:24,780 [INFO] 
Top 10 팔로워:
2026-03-08 21:49:24,781 [INFO]   1. 킥플립                   1,850,000
