2026-03-09 04:32:41,229 [INFO] 디바이스 연결 확인: R3CTC0CHJBT
2026-03-09 04:32:41,308 [INFO] 틱톡 URL 보유: 173개
2026-03-09 04:32:41,309 [INFO] 크롤링 시작: 6개 그룹
2026-03-09 04:32:41,309 [INFO] 
============================================================
2026-03-09 04:32:41,309 [INFO] [1/6] 메이딘 (MADEIN)
2026-03-09 04:32:41,310 [INFO] ============================================================
2026-03-09 04:32:41,437 [WARNING]   TikTok이 포그라운드 아님, 복귀 시도...
2026-03-09 04:32:51,789 [WARNING]   프로필 불일치: 기대=madein_u 실제=(없음), 재시도 1...
2026-03-09 04:33:01,521 [INFO]   프로필: MADEIN | 팔로워 294,000 | 좋아요 10,942,000
2026-03-09 04:33:01,523 [INFO]   그리드 비디오: 6개 (조회수: [35000, 8834, 6108])
2026-03-09 04:33:10,304 [INFO]   [1] 좋아요:2,253 댓글:19 저장:93 공유:8 날짜:2026-03-08 | MADEIN 과 함께 #Super_Obvious &#128252;⚡&#1
2026-03-09 04:33:14,766 [INFO]   [2] 좋아요:1,192 댓글:12 저장:55 공유:10 날짜:2026-03-08 | &#128062; &#128048; &#128049; &#128062;&
2026-03-09 04:33:27,997 [INFO]   [skip] 중복: &#128062; &#128048; &#128049; &#128062;&
2026-03-09 04:33:41,509 [INFO]   연속 중복 2회 — 피드 끝, 중단
2026-03-09 04:33:44,666 [INFO]   → 게시물 2개, 평균좋아요 1,722, 참여율 8.31%
2026-03-09 04:33:47,669 [INFO] 
============================================================
2026-03-09 04:33:47,670 [INFO] [2/6] 배드빌런 (BADVILLAIN)
2026-03-09 04:33:47,671 [INFO] ============================================================
2026-03-09 04:33:47,798 [WARNING]   TikTok이 포그라운드 아님, 복귀 시도...
2026-03-09 04:33:56,584 [WARNING]   프로필 불일치: 기대=badvillain_bpm 실제=madein_u, 재시도 1...
2026-03-09 04:34:06,330 [INFO]   프로필: BADVILLAIN | 팔로워 1,016,000 | 좋아요 36,545,000
2026-03-09 04:34:06,331 [INFO]   그리드 비디오: 6개 (조회수: [65000, 31000, 98000])
2026-03-09 04:34:15,215 [INFO]   [1] 좋아요:13,000 댓글:105 저장:730 공유:135 날짜:2026-02-27 | Strut&#128526; #BADVILLAIN #배드빌런 #EMMA #
2026-03-09 04:34:19,635 [INFO]   [2] 좋아요:5,797 댓글:72 저장:447 공유:91 날짜:2026-02-24 | one more &#129418;&#128568; #BADVILLAIN 
2026-03-09 04:34:24,141 [INFO]   [3] 좋아요:22,000 댓글:108 저장:1,640 공유:465 날짜:2026-02-22 | arch and look back at the &#128064;&#10;
2026-03-09 04:34:28,663 [INFO]   [skip] 광고: 기다릴게, 최애로운 세상에서!최애로운 세상 SMiniz 지금 다운로드
2026-03-09 04:34:33,071 [INFO]   [4] 좋아요:15,000 댓글:95 저장:825 공유:178 날짜:2026-02-21 | 404&#127911;♪♫ #BADVILLAIN #배드빌런 #KELLY 
2026-03-09 04:34:46,412 [INFO]   [skip] 중복: 404&#127911;♪♫ #BADVILLAIN #배드빌런 #KELLY 
2026-03-09 04:34:50,765 [INFO]   [5] 좋아요:5,414 댓글:56 저장:357 공유:97 날짜:2026-02-19 | Unbothered&#128374;️ #BADVILLAIN #배드빌런 #
2026-03-09 04:35:04,093 [INFO]   [skip] 중복: Unbothered&#128374;️ #BADVILLAIN #배드빌런 #
2026-03-09 04:35:17,421 [INFO]   연속 중복 2회 — 피드 끝, 중단
2026-03-09 04:35:17,423 [INFO]   광고 1개 필터링됨
2026-03-09 04:35:20,607 [INFO]   → 게시물 5개, 평균좋아요 12,242, 참여율 24.31%
2026-03-09 04:35:23,610 [INFO] 
============================================================
2026-03-09 04:35:23,611 [INFO] [3/6] 에스에프나인 (SF9)
2026-03-09 04:35:23,612 [INFO] ============================================================
2026-03-09 04:35:23,749 [WARNING]   TikTok이 포그라운드 아님, 복귀 시도...
2026-03-09 04:35:32,702 [INFO]   프로필: SF9 Official | 팔로워 559,000 | 좋아요 7,934,000
2026-03-09 04:35:32,704 [INFO]   그리드 비디오: 6개 (조회수: [5861, 13000, 15000])
2026-03-09 04:35:41,528 [INFO]   [1] 좋아요:1,601 댓글:39 저장:65 공유:14 날짜:2026-03-08 | 
2026-03-09 04:35:45,979 [INFO]   [2] 좋아요:3,230 댓글:60 저장:133 공유:68 날짜:2026-03-03 | 
2026-03-09 04:35:59,295 [INFO]   [skip] 중복: 3230_60_133_68
2026-03-09 04:36:03,786 [INFO]   [skip] 광고: 지금 보험이 맞는지만 체크하세요
2026-03-09 04:36:08,267 [INFO]   [3] 좋아요:4,878 댓글:83 저장:253 공유:94 날짜:2026-02-14 | ㄱr질 수ㄱr 없Øㅓ도…☆&#10;…⁠자세히
2026-03-09 04:36:12,860 [INFO]   [4] 좋아요:4,750 댓글:72 저장:227 공유:63 날짜:2026-02-14 | ʟᴏᴠᴇ ʟᴏᴠᴇ ʟᴏᴠᴇ ♡&#10;…⁠자세히
2026-03-09 04:36:17,456 [INFO]   [5] 좋아요:2,125 댓글:33 저장:82 공유:11 날짜:2026-02-12 | 
2026-03-09 04:36:30,732 [INFO]   [skip] 중복: 2125_33_82_11
2026-03-09 04:36:44,059 [INFO]   연속 중복 2회 — 피드 끝, 중단
2026-03-09 04:36:44,060 [INFO]   광고 1개 필터링됨
2026-03-09 04:36:47,243 [INFO]   → 게시물 5개, 평균좋아요 3,316, 참여율 22.11%
2026-03-09 04:36:50,245 [INFO] 
============================================================
2026-03-09 04:36:50,247 [INFO] [4/6] 씨아이엑스 (CIX)
2026-03-09 04:36:50,248 [INFO] ============================================================
2026-03-09 04:36:50,386 [WARNING]   TikTok이 포그라운드 아님, 복귀 시도...
2026-03-09 04:36:59,198 [INFO]   프로필: CIX (씨아이엑스) | 팔로워 1,174,000 | 좋아요 22,722,000
2026-03-09 04:36:59,200 [INFO]   그리드 비디오: 6개 (조회수: [47000, 35000, 36000])
2026-03-09 04:37:07,859 [INFO]   [1] 2025-12-25 — 30일 이전, 중단
2026-03-09 04:37:11,032 [INFO]   → 게시물 0개, 평균좋아요 0, 참여율 0%
2026-03-09 04:37:14,034 [INFO] 
============================================================
2026-03-09 04:37:14,036 [INFO] [5/6] 에이머스 (AIMERS)
2026-03-09 04:37:14,037 [INFO] ============================================================
2026-03-09 04:37:14,170 [WARNING]   TikTok이 포그라운드 아님, 복귀 시도...
2026-03-09 04:37:23,002 [WARNING]   프로필 불일치: 기대=aimers_amrs 실제=cix_official, 재시도 1...
2026-03-09 04:37:32,786 [INFO]   프로필: AIMERS | 팔로워 180,000 | 좋아요 4,659,000
2026-03-09 04:37:32,787 [INFO]   그리드 비디오: 6개 (조회수: [2212000, 3364, 2542])
2026-03-09 04:37:41,739 [INFO]   [1] 2024-10-08 — 30일 이전, 중단
2026-03-09 04:37:44,934 [INFO]   → 게시물 0개, 평균좋아요 0, 참여율 0%
2026-03-09 04:37:47,962 [INFO] 
============================================================
2026-03-09 04:37:47,964 [INFO] [6/6] 티아이오티 (TIOT)
2026-03-09 04:37:47,965 [INFO] ============================================================
2026-03-09 04:37:48,108 [WARNING]   TikTok이 포그라운드 아님, 복귀 시도...
2026-03-09 04:37:56,951 [WARNING]   프로필 불일치: 기대=tiot_now 실제=aimers_amrs, 재시도 1...
2026-03-09 04:38:06,749 [INFO]   프로필: TIOT 티아이오티 | 팔로워 198,000 | 좋아요 5,663,000
2026-03-09 04:38:06,751 [INFO]   그리드 비디오: 6개 (조회수: [2262, 4233, 3529])
2026-03-09 04:38:15,659 [INFO]   [1] 좋아요:785 댓글:17 저장:61 공유:22 날짜:2026-03-08 | Work It Out &#10;…⁠자세히⁠ ⁠|⁠ ⁠
2026-03-09 04:38:20,159 [INFO]   [2] 좋아요:905 댓글:41 저장:70 공유:28 날짜:2026-02-27 | 윙크 파티&#128521;&#10;…⁠자세히
2026-03-09 04:38:24,680 [INFO]   [3] 좋아요:916 댓글:33 저장:78 공유:43 날짜:2026-02-26 | POP OUT&#10;…⁠자세히
2026-03-09 04:38:29,320 [INFO]   [4] 좋아요:1,074 댓글:22 저장:67 공유:25 날짜:2026-02-26 | &#128526;&#128526;&#128526;&#10;…⁠자세히
2026-03-09 04:38:33,737 [INFO]   [5] 좋아요:1,655 댓글:41 저장:88 공유:25 날짜:2026-02-25 | two ✌️&#10;…⁠자세히⁠ ⁠|⁠ ⁠
2026-03-09 04:38:38,223 [INFO]   [6] 좋아요:1,174 댓글:26 저장:59 공유:20 날짜:2026-02-24 | 이거 어디까지 내려가는거에요? &#128565;&#10;…⁠자세히
2026-03-09 04:38:42,700 [INFO]   [7] 좋아요:420 댓글:13 저장:33 공유:10 날짜:2026-02-23 | 그대 춤을 추는 나무 같아요&#128008;&#127795;&#10;…⁠
2026-03-09 04:38:47,263 [INFO]   [8] 좋아요:178 댓글:14 저장:21 공유:5 날짜:2026-02-23 | 
2026-03-09 04:38:51,645 [INFO]   [9] 좋아요:851 댓글:37 저장:51 공유:6 날짜:2026-02-22 | 미워 &#129394;&#10;…⁠자세히
2026-03-09 04:38:56,124 [INFO]   [10] 좋아요:850 댓글:19 저장:58 공유:7 날짜:2026-02-21 | 미워하지망‼️&#10;…⁠자세히
2026-03-09 04:39:00,681 [INFO]   [11] 좋아요:1,209 댓글:25 저장:77 공유:36 날짜:2026-02-19 | 눈사람 되는중☃️❄️&#10;…⁠자세히
2026-03-09 04:39:05,046 [INFO]   [12] 좋아요:787 댓글:20 저장:49 공유:10 날짜:2026-02-18 | 아웅다웅 &#128584;⠀                         
2026-03-09 04:39:09,579 [INFO]   [13] 좋아요:812 댓글:22 저장:50 공유:6 날짜:2026-02-13 | 두쫀쿠 &#128527;해~ &#10;…⁠자세히
2026-03-09 04:39:23,065 [INFO]   [skip] 중복: 두쫀쿠 &#128527;해~ &#10;…⁠자세히
2026-03-09 04:39:27,601 [INFO]   [14] 좋아요:404 댓글:26 저장:32 공유:36 날짜:2026-02-13 | [COVER] TIOT(티아이오티) 신예찬 - 雪の華 (눈의꽃)  (원곡
2026-03-09 04:39:31,968 [INFO]   [15] 좋아요:791 댓글:24 저장:36 공유:12 날짜:2026-02-12 | &#129299;&#128158; &#10;…⁠자세히
2026-03-09 04:39:45,325 [INFO]   [skip] 중복: &#129299;&#128158; &#10;…⁠자세히
2026-03-09 04:39:58,606 [INFO]   연속 중복 2회 — 피드 끝, 중단
2026-03-09 04:40:01,799 [INFO]   → 게시물 15개, 평균좋아요 854, 참여율 53.76%
2026-03-09 04:40:01,817 [INFO] 
============================================================
2026-03-09 04:40:01,819 [INFO] 크롤링 완료: 6개 그룹
2026-03-09 04:40:01,820 [INFO] 요약: G:\내 드라이브\01.Work\04.AI.M.Contents\00.pumit\04.aimcontents.com\idol-sns-app\data\tiktok-data\tiktok-summary.json
2026-03-09 04:40:01,820 [INFO] 
Top 10 팔로워:
2026-03-09 04:40:01,821 [INFO]   1. 씨아이엑스                 1,174,000
2026-03-09 04:40:01,822 [INFO]   2. 배드빌런                  1,016,000
2026-03-09 04:40:01,823 [INFO]   3. 에스에프나인                  559,000
2026-03-09 04:40:01,824 [INFO]   4. 메이딘                     294,000
2026-03-09 04:40:01,825 [INFO]   5. 티아이오티                   198,000
2026-03-09 04:40:01,826 [INFO]   6. 에이머스                    180,000
