2026-03-08 21:32:14,672 [INFO] 디바이스 연결 확인: R3CTC0CHJBT
2026-03-08 21:32:14,751 [INFO] 틱톡 URL 보유: 173개
2026-03-08 21:32:14,751 [INFO] 크롤링 시작: 8개 그룹
2026-03-08 21:32:14,751 [INFO] 
============================================================
2026-03-08 21:32:14,752 [INFO] [1/8] 아트비트 (ARTBEAT v)
2026-03-08 21:32:14,752 [INFO] ============================================================
2026-03-08 21:32:15,119 [WARNING]   TikTok이 포그라운드 아님, 복귀 시도...
2026-03-08 21:32:24,033 [INFO]   프로필: ARTBEAT | 팔로워 1,918,000 | 좋아요 69,242,000
2026-03-08 21:32:24,035 [INFO]   그리드 비디오: 6개 (조회수: [125000, 67000, 187000])
2026-03-08 21:32:39,381 [WARNING]   비디오 페이지 미진입, 재시도...
2026-03-08 21:32:49,527 [INFO]   [1] 2025-11-07 — 30일 이전, 중단
2026-03-08 21:32:52,733 [INFO]   → 게시물 0개, 평균좋아요 0, 참여율 0%
2026-03-08 21:32:55,735 [INFO] 
============================================================
2026-03-08 21:32:55,737 [INFO] [2/8] 아이리스 (IRRIS)
2026-03-08 21:32:55,738 [INFO] ============================================================
2026-03-08 21:32:55,967 [WARNING]   TikTok이 포그라운드 아님, 복귀 시도...
2026-03-08 21:33:04,868 [INFO]   프로필: IRRIS (아이리스) | 팔로워 70,000 | 좋아요 488,000
2026-03-08 21:33:04,870 [INFO]   그리드 비디오: 6개 (조회수: [180000, 79000, 173000])
2026-03-08 21:33:13,699 [INFO]   [1] 2023-03-28 — 30일 이전, 중단
2026-03-08 21:33:16,853 [INFO]   → 게시물 0개, 평균좋아요 0, 참여율 0%
2026-03-08 21:33:19,855 [INFO] 
============================================================
2026-03-08 21:33:19,857 [INFO] [3/8] 크래비티 (CRAVITY)
2026-03-08 21:33:19,858 [INFO] ============================================================
2026-03-08 21:33:20,083 [WARNING]   TikTok이 포그라운드 아님, 복귀 시도...
2026-03-08 21:33:28,998 [INFO]   프로필: CRAVITY | 팔로워 3,781,000 | 좋아요 140,000,000
2026-03-08 21:33:29,000 [INFO]   그리드 비디오: 6개 (조회수: [136000, 101000, 135000])
2026-03-08 21:33:44,290 [WARNING]   비디오 페이지 미진입, 재시도...
2026-03-08 21:33:54,537 [INFO]   [1] 2025-11-10 — 30일 이전, 중단
2026-03-08 21:33:57,742 [INFO]   → 게시물 0개, 평균좋아요 0, 참여율 0%
2026-03-08 21:34:00,744 [INFO] 
============================================================
2026-03-08 21:34:00,746 [INFO] [4/8] 킥플립 (KickFlip)
2026-03-08 21:34:00,747 [INFO] ============================================================
2026-03-08 21:34:01,030 [WARNING]   TikTok이 포그라운드 아님, 복귀 시도...
2026-03-08 21:34:10,059 [INFO]   프로필: KickFlip | 팔로워 1,850,000 | 좋아요 78,831,000
2026-03-08 21:34:10,060 [INFO]   그리드 비디오: 6개 (조회수: [121000, 10000, 388000])
2026-03-08 21:34:25,389 [WARNING]   비디오 페이지 미진입, 재시도...
2026-03-08 21:34:35,511 [INFO]   [1] 좋아요:40,000 댓글:1,007 저장:3,998 공유:2,118 날짜:2026-03-06 | 
2026-03-08 21:34:39,859 [INFO]   [2] 좋아요:4,970 댓글:100 저장:418 공유:145 날짜:2026-03-08 | &#120290;&#120322;&#120319; &#120307;&#1
2026-03-08 21:34:44,925 [INFO]   [3] 좋아요:134,000 댓글:1,543 저장:12,000 공유:4,328 날짜:2026-03-08 | &#128047;&#10;…⁠자세히
2026-03-08 21:34:49,964 [INFO]   [4] 좋아요:11,000 댓글:181 저장:1,337 공유:215 날짜:2026-03-07 | 
2026-03-08 21:34:55,025 [INFO]   [5] 좋아요:91,000 댓글:489 저장:8,300 공유:1,830 날짜:2026-03-06 | ⭐ 계훈 JYP 입사 10주년 ⭐ 3월 7일 COMING SOON…⁠자세
2026-03-08 21:34:59,973 [INFO]   [6] 좋아요:15,000 댓글:138 저장:1,471 공유:318 날짜:2026-03-06 | 
2026-03-08 21:35:04,871 [INFO]   [7] 좋아요:15,000 댓글:138 저장:1,471 공유:318 날짜:2026-03-06 | 
2026-03-08 21:35:09,830 [INFO]   [8] 좋아요:15,000 댓글:138 저장:1,471 공유:318 날짜:2026-03-06 | 
2026-03-08 21:35:14,755 [INFO]   [9] 좋아요:15,000 댓글:138 저장:1,471 공유:318 날짜:2026-03-06 | 
2026-03-08 21:35:19,670 [INFO]   [10] 좋아요:15,000 댓글:138 저장:1,471 공유:318 날짜:2026-03-06 | 
2026-03-08 21:35:24,625 [INFO]   [11] 좋아요:15,000 댓글:138 저장:1,471 공유:318 날짜:2026-03-06 | 
2026-03-08 21:35:29,393 [INFO]   [12] 좋아요:15,000 댓글:138 저장:1,471 공유:318 날짜:2026-03-06 | 
2026-03-08 21:35:34,179 [INFO]   [13] 좋아요:15,000 댓글:138 저장:1,471 공유:318 날짜:2026-03-06 | 
2026-03-08 21:35:39,092 [INFO]   [14] 좋아요:15,000 댓글:138 저장:1,471 공유:318 날짜:2026-03-06 | 
2026-03-08 21:35:43,888 [INFO]   [15] 좋아요:15,000 댓글:138 저장:1,471 공유:318 날짜:2026-03-06 | 
2026-03-08 21:35:48,692 [INFO]   [16] 좋아요:15,000 댓글:138 저장:1,471 공유:318 날짜:2026-03-06 | 
2026-03-08 21:35:53,605 [INFO]   [17] 좋아요:15,000 댓글:138 저장:1,471 공유:318 날짜:2026-03-06 | 
2026-03-08 21:35:58,596 [INFO]   [18] 좋아요:15,000 댓글:138 저장:1,471 공유:318 날짜:2026-03-06 | 
2026-03-08 21:36:03,526 [INFO]   [19] 좋아요:15,000 댓글:138 저장:1,471 공유:318 날짜:2026-03-06 | 
2026-03-08 21:36:08,506 [INFO]   [20] 좋아요:15,000 댓글:138 저장:1,471 공유:318 날짜:2026-03-06 | 
2026-03-08 21:36:13,434 [INFO]   [21] 좋아요:15,000 댓글:138 저장:1,471 공유:318 날짜:2026-03-06 | 
2026-03-08 21:36:18,389 [INFO]   [22] 좋아요:15,000 댓글:138 저장:1,471 공유:318 날짜:2026-03-06 | 
2026-03-08 21:36:23,361 [INFO]   [23] 좋아요:15,000 댓글:138 저장:1,471 공유:318 날짜:2026-03-06 | 
2026-03-08 21:36:28,179 [INFO]   [24] 좋아요:15,000 댓글:138 저장:1,471 공유:318 날짜:2026-03-06 | 
2026-03-08 21:36:33,089 [INFO]   [25] 좋아요:15,000 댓글:138 저장:1,471 공유:318 날짜:2026-03-06 | 
2026-03-08 21:36:37,938 [INFO]   [26] 좋아요:15,000 댓글:138 저장:1,471 공유:318 날짜:2026-03-06 | 
2026-03-08 21:36:42,806 [INFO]   [27] 좋아요:15,000 댓글:138 저장:1,471 공유:318 날짜:2026-03-06 | 
2026-03-08 21:36:47,744 [INFO]   [28] 좋아요:15,000 댓글:138 저장:1,471 공유:318 날짜:2026-03-06 | 
2026-03-08 21:36:52,710 [INFO]   [29] 좋아요:15,000 댓글:138 저장:1,471 공유:318 날짜:2026-03-06 | 
2026-03-08 21:36:57,647 [INFO]   [30] 좋아요:15,000 댓글:138 저장:1,471 공유:318 날짜:2026-03-06 | 
2026-03-08 21:37:02,616 [INFO]   [31] 좋아요:15,000 댓글:138 저장:1,471 공유:318 날짜:2026-03-06 | 
2026-03-08 21:37:07,570 [INFO]   [32] 좋아요:15,000 댓글:138 저장:1,471 공유:318 날짜:2026-03-06 | 
2026-03-08 21:37:12,512 [INFO]   [33] 좋아요:15,000 댓글:138 저장:1,471 공유:318 날짜:2026-03-06 | 
2026-03-08 21:37:17,410 [INFO]   [34] 좋아요:15,000 댓글:138 저장:1,471 공유:318 날짜:2026-03-06 | 
2026-03-08 21:37:22,403 [INFO]   [35] 좋아요:15,000 댓글:138 저장:1,471 공유:318 날짜:2026-03-06 | 
2026-03-08 21:37:27,286 [INFO]   [36] 좋아요:15,000 댓글:138 저장:1,471 공유:318 날짜:2026-03-06 | 
2026-03-08 21:37:32,278 [INFO]   [37] 좋아요:15,000 댓글:138 저장:1,471 공유:318 날짜:2026-03-06 | 
2026-03-08 21:37:37,186 [INFO]   [38] 좋아요:15,000 댓글:138 저장:1,471 공유:318 날짜:2026-03-06 | 
2026-03-08 21:37:42,149 [INFO]   [39] 좋아요:15,000 댓글:138 저장:1,471 공유:318 날짜:2026-03-06 | 
2026-03-08 21:37:47,060 [INFO]   [40] 좋아요:15,000 댓글:138 저장:1,471 공유:318 날짜:2026-03-06 | 
2026-03-08 21:38:00,869 [WARNING]   연속 빈 데이터 3회 — TikTok 포그라운드 확인
2026-03-08 21:38:01,113 [WARNING]   TikTok이 포그라운드 아님, 복귀 시도...
2026-03-08 21:38:08,793 [INFO]   → 게시물 40개, 평균좋아요 20,149, 참여율 102.41%
2026-03-08 21:38:11,795 [INFO] 
============================================================
2026-03-08 21:38:11,797 [INFO] [5/8] 드리핀 (DRIPPIN)
2026-03-08 21:38:11,798 [INFO] ============================================================
2026-03-08 21:38:12,071 [WARNING]   TikTok이 포그라운드 아님, 복귀 시도...
2026-03-08 21:38:21,080 [INFO]   프로필: DRIPPIN | 팔로워 506,000 | 좋아요 9,742,000
2026-03-08 21:38:21,082 [INFO]   그리드 비디오: 6개 (조회수: [3998, 18000, 105000])
2026-03-08 21:38:29,792 [INFO]   [1] 좋아요:1,177 댓글:17 저장:40 공유:13 날짜:2026-03-08 | rock&#129311;&#127995;&#10;…⁠자세히⁠ ⁠|⁠ ⁠
2026-03-08 21:38:34,223 [INFO]   [2] 좋아요:4,155 댓글:54 저장:186 공유:87 날짜:2026-03-06 | 시강즈는 25살&#128147; ! !&#10;…⁠자세히
2026-03-08 21:38:38,704 [INFO]   [3] 좋아요:17,000 댓글:110 저장:739 공유:337 날짜:2026-02-28 | 떨어지기 싫어&#128581;&#10;…⁠자세히
2026-03-08 21:38:43,102 [INFO]   [4] 좋아요:1,520 댓글:28 저장:113 공유:28 날짜:2026-02-27 | &#129308;&#129783;&#10;…⁠자세히
2026-03-08 21:38:47,465 [INFO]   [5] 좋아요:1,889 댓글:32 저장:100 공유:36 날짜:2026-02-25 | &#128054;&#128076;&#10;…⁠자세히
2026-03-08 21:38:51,834 [INFO]   [6] 좋아요:4,437 댓글:63 저장:220 공유:76 날짜:2026-02-23 | &#128058;&#128054;&#128057;&#129305;&#10
2026-03-08 21:38:56,274 [INFO]   [7] 좋아요:1,145 댓글:31 저장:56 공유:13 날짜:2026-02-21 | 너밖에 안보여 너&#128064;&#10;…⁠자세히
2026-03-08 21:39:00,691 [INFO]   [8] 좋아요:1,436 댓글:38 저장:62 공유:22 날짜:2026-02-19 | &#127928;&#127928;&#10;…⁠자세히
2026-03-08 21:39:05,203 [INFO]   [9] 좋아요:2,362 댓글:101 저장:125 공유:89 날짜:2026-02-18 | HBD, DONGYUN ! &#128058;&#127874;&#10;…⁠
2026-03-08 21:39:09,601 [INFO]   [10] 좋아요:2,956 댓글:35 저장:130 공유:47 날짜:2026-02-16 | Big guy&#128170;&#127995;&#10;…⁠자세히⁠ ⁠|⁠
2026-03-08 21:39:14,090 [INFO]   [11] 좋아요:8,074 댓글:95 저장:282 공유:110 날짜:2026-02-12 | 아웅다웅&#128058;✊&#127995;✊&#127995;&#12805
2026-03-08 21:39:18,456 [INFO]   [12] 좋아요:2,221 댓글:58 저장:108 공유:87 날짜:2026-02-08 | &#128057;&#128167;&#10;…⁠자세히
2026-03-08 21:39:22,950 [INFO]   [13] 좋아요:1,917 댓글:50 저장:88 공유:42 날짜:2026-02-06 | ♡ྉ૮₍ •̀ᴥ•́ ₎ა&#10;…⁠자세히⁠ ⁠|⁠ ⁠
2026-03-08 21:39:27,375 [INFO]   [14] 2026-02-05 — 30일 이전, 중단
2026-03-08 21:39:30,523 [INFO]   → 게시물 13개, 평균좋아요 3,868, 참여율 34.18%
2026-03-08 21:39:33,540 [INFO] 
============================================================
2026-03-08 21:39:33,542 [INFO] [6/8] 앰퍼샌드원 (AMPERS&ONE)
2026-03-08 21:39:33,543 [INFO] ============================================================
2026-03-08 21:39:33,742 [WARNING]   TikTok이 포그라운드 아님, 복귀 시도...
2026-03-08 21:39:42,550 [INFO]   프로필: AMPERSANDONE | 팔로워 1,085,000 | 좋아요 29,369,000
2026-03-08 21:39:42,551 [INFO]   그리드 비디오: 6개 (조회수: [40000, 39000, 87000])
2026-03-08 21:39:57,838 [WARNING]   비디오 페이지 미진입, 재시도...
2026-03-08 21:40:08,036 [INFO]   [1] 좋아요:14,000 댓글:259 저장:1,442 공유:336 날짜:2026-03-07 | Steppin’ with vibes&#128378; DC. @Master
2026-03-08 21:40:12,542 [INFO]   [2] 좋아요:13,000 댓글:183 저장:1,237 공유:290 날짜:2026-03-05 | It's a madd ting&#128293; DC. @Sam &#10;
2026-03-08 21:40:17,007 [INFO]   [3] 좋아요:31,000 댓글:195 저장:2,997 공유:869 날짜:2026-03-04 | Hand in hand w/&#10;…⁠자세히⁠ ⁠|⁠ ⁠
2026-03-08 21:40:21,531 [INFO]   [4] 좋아요:77,000 댓글:605 저장:7,130 공유:3,483 날짜:2026-03-03 | Singing in the shower&#127908;&#128703;&
2026-03-08 21:40:26,032 [INFO]   [5] 좋아요:20,000 댓글:295 저장:1,885 공유:762 날짜:2026-02-28 | Touchdown✈️&#10;…⁠자세히⁠ ⁠|⁠ ⁠
2026-03-08 21:40:30,416 [INFO]   [6] 좋아요:25,000 댓글:315 저장:2,624 공유:1,094 날짜:2026-02-27 | Hit me&#129304;&#10;…⁠자세히⁠ ⁠|⁠ ⁠
2026-03-08 21:40:34,750 [INFO]   [7] 좋아요:28,000 댓글:196 저장:2,298 공유:471 날짜:2026-02-26 | Our OSAKA Night&#128079;&#10;…⁠자세히⁠ ⁠|⁠ 
2026-03-08 21:40:39,119 [INFO]   [8] 좋아요:15,000 댓글:154 저장:1,381 공유:445 날짜:2026-02-24 | 어쩜 이렇게...♥&#10;…⁠자세히
2026-03-08 21:40:43,525 [INFO]   [9] 좋아요:19,000 댓글:457 저장:1,774 공유:1,510 날짜:2026-02-21 | &#129297;&#129297;&#129297; #soswaggy #y
2026-03-08 21:40:47,955 [INFO]   [10] 좋아요:22,000 댓글:431 저장:1,972 공유:613 날짜:2026-02-20 | 모두가 알았으면 하는 앰퍼샌드원 명곡 He + She = We&#1281
2026-03-08 21:41:01,226 [INFO]   [skip] 중복: 모두가 알았으면 하는 앰퍼샌드원 명곡 He + She = We&#1281
2026-03-08 21:41:05,552 [INFO]   [11] 좋아요:27,000 댓글:245 저장:3,106 공유:674 날짜:2026-02-18 | Walk it outtt&#127939;‍♂️ &#10;…⁠자세히⁠ ⁠|
2026-03-08 21:41:10,002 [INFO]   [12] 좋아요:11,000 댓글:195 저장:1,058 공유:257 날짜:2026-02-17 | 새해 복 많이 받으세요&#128583;‍♂️✨&#10;…⁠자세히
2026-03-08 21:41:14,395 [INFO]   [13] 좋아요:25,000 댓글:263 저장:2,429 공유:667 날짜:2026-02-15 | Wu!&#129767; DC. @OL &#10;…⁠자세히⁠ ⁠|⁠ ⁠
2026-03-08 21:41:18,834 [INFO]   [skip] 광고: 컬러풀한 패턴과 위트 있는 디테일이 더해진 폴로 랄프 로렌 스프링 룩
2026-03-08 21:41:23,298 [INFO]   [14] 좋아요:32,000 댓글:499 저장:3,253 공유:2,598 날짜:2026-02-14 | Your Valentine is here&#128157; (and yes
2026-03-08 21:41:27,714 [INFO]   [15] 좋아요:44,000 댓글:495 저장:3,961 공유:1,764 날짜:2026-02-13 | I’ll be ur valentine&#128538;&#129392; #
2026-03-08 21:41:32,176 [INFO]   [16] 좋아요:24,000 댓글:436 저장:2,721 공유:827 날짜:2026-02-11 | POWER UP ▶▶▶&#10;…⁠자세히⁠ ⁠|⁠ ⁠
2026-03-08 21:41:36,621 [INFO]   [17] 좋아요:14,000 댓글:177 저장:1,352 공유:353 날짜:2026-02-08 | That one friend that says they don’t nee
2026-03-08 21:41:41,015 [INFO]   [18] 좋아요:58,000 댓글:717 저장:6,243 공유:2,128 날짜:2026-02-06 | Around and round&#129305;&#10;…⁠자세히⁠ ⁠|⁠
2026-03-08 21:41:45,446 [INFO]   [19] 2026-02-05 — 30일 이전, 중단
2026-03-08 21:41:45,448 [INFO]   광고 1개 필터링됨
2026-03-08 21:41:48,625 [INFO]   → 게시물 18개, 평균좋아요 27,722, 참여율 104.01%
2026-03-08 21:41:51,627 [INFO] 
============================================================
2026-03-08 21:41:51,629 [INFO] [7/8] 소디엑 (XODIAC)
2026-03-08 21:41:51,630 [INFO] ============================================================
2026-03-08 21:41:51,850 [WARNING]   TikTok이 포그라운드 아님, 복귀 시도...
2026-03-08 21:42:00,816 [INFO]   프로필: XODIAC | 팔로워 2,378,000 | 좋아요 120,000,000
2026-03-08 21:42:00,817 [INFO]   그리드 비디오: 6개 (조회수: [446000, 166000, 194000])
2026-03-08 21:42:09,552 [INFO]   [1] 좋아요:114,000 댓글:1,029 저장:5,931 공유:5,635 날짜:2026-03-07 | You‘re sooooo Rude!&#128162;&#10;…⁠자세히⁠ 
2026-03-08 21:42:13,966 [INFO]   [2] 좋아요:41,000 댓글:384 저장:3,091 공유:2,360 날짜:2026-03-03 | 4͓̽0͓̽4͓̽ &#128565;&#129506;&#10;…⁠자세히⁠ 
2026-03-08 21:42:27,250 [INFO]   [skip] 중복: 4͓̽0͓̽4͓̽ &#128565;&#129506;&#10;…⁠자세히⁠ 
2026-03-08 21:42:31,684 [INFO]   [3] 좋아요:40,000 댓글:501 저장:2,855 공유:2,701 날짜:2026-02-28 | A lil bit of this&#10;…⁠자세히⁠ ⁠|⁠ ⁠
2026-03-08 21:42:36,161 [INFO]   [4] 좋아요:26,000 댓글:508 저장:2,115 공유:2,124 날짜:2026-02-27 | 오빠 한 번 믿어봐&#129766;&#10;…⁠자세히
2026-03-08 21:42:40,572 [INFO]   [5] 좋아요:27,000 댓글:454 저장:2,391 공유:2,566 날짜:2026-02-26 | ᵎ(*˙˘˙*)و⚑⁎&#10;…⁠자세히⁠ ⁠|⁠ ⁠
2026-03-08 21:42:45,023 [INFO]   [6] 좋아요:31,000 댓글:788 저장:2,424 공유:3,447 날짜:2026-02-25 | X-BLISS&#128158;好きになりました&#10;…⁠자세히⁠ ⁠|⁠ 
2026-03-08 21:42:49,501 [INFO]   [7] 좋아요:23,000 댓글:412 저장:2,052 공유:1,639 날짜:2026-02-25 | &#128061;⚽️&#127939;&#127995;‍➡️&#10;…⁠자
2026-03-08 21:42:53,986 [INFO]   [8] 좋아요:35,000 댓글:512 저장:3,110 공유:2,351 날짜:2026-02-24 | &#128153;&#10;…⁠자세히⁠ ⁠|⁠ ⁠
2026-03-08 21:42:58,466 [INFO]   [9] 좋아요:93,000 댓글:2,125 저장:6,562 공유:4,240 날짜:2026-02-23 | Thank you for &#128035;&#128155;&#10;…⁠자
2026-03-08 21:43:11,732 [INFO]   [skip] 중복: Thank you for &#128035;&#128155;&#10;…⁠자
2026-03-08 21:43:16,187 [INFO]   [10] 좋아요:34,000 댓글:615 저장:2,548 공유:2,299 날짜:2026-02-18 | Magic(3) &#127801;&#129668;&#10;…⁠자세히⁠ ⁠
2026-03-08 21:43:20,638 [INFO]   [11] 좋아요:34,000 댓글:422 저장:2,826 공유:3,063 날짜:2026-02-17 | &#128083;&#128588;&#127995;…&#128054;미워!
2026-03-08 21:43:25,121 [INFO]   [12] 좋아요:39,000 댓글:421 저장:3,391 공유:2,775 날짜:2026-02-16 | &#128008;‍⬛&#128008;&#128151;&#10;…⁠자세히
2026-03-08 21:43:29,486 [INFO]   [13] 좋아요:144,000 댓글:783 저장:12,000 공유:7,810 날짜:2026-02-15 | ❤️‍&#128293;❤️‍&#128293;&#10;…⁠자세히
2026-03-08 21:43:42,778 [INFO]   [skip] 중복: ❤️‍&#128293;❤️‍&#128293;&#10;…⁠자세히
2026-03-08 21:43:47,183 [INFO]   [14] 좋아요:170,000 댓글:2,161 저장:11,000 공유:10,000 날짜:2026-02-12 | mending nyanyi sama aku&#127908;&#127926
2026-03-08 21:43:51,615 [INFO]   [15] 좋아요:80,000 댓글:1,150 저장:6,762 공유:3,587 날짜:2026-02-11 | 울면안됑&#128166;&#10;…⁠자세히
2026-03-08 21:44:04,999 [INFO]   [skip] 중복: 울면안됑&#128166;&#10;…⁠자세히
2026-03-08 21:44:09,478 [INFO]   [16] 좋아요:249,000 댓글:1,275 저장:15,000 공유:7,335 날짜:2026-02-09 | &#128104;&#127996;‍&#129309;‍&#128104;&#
2026-03-08 21:44:13,917 [INFO]   [17] 2026-02-05 — 30일 이전, 중단
2026-03-08 21:44:17,100 [INFO]   → 게시물 16개, 평균좋아요 73,750, 참여율 114.56%
2026-03-08 21:44:20,102 [INFO] 
============================================================
2026-03-08 21:44:20,104 [INFO] [8/8] 웨이커 (WAKER)
2026-03-08 21:44:20,105 [INFO] ============================================================
2026-03-08 21:44:20,294 [WARNING]   TikTok이 포그라운드 아님, 복귀 시도...
2026-03-08 21:44:29,135 [INFO]   프로필: Waker | 팔로워 331,000 | 좋아요 5,413,000
2026-03-08 21:44:29,137 [INFO]   그리드 비디오: 6개 (조회수: [2407, 2864, 3502])
2026-03-08 21:44:37,917 [INFO]   [1] 좋아요:606 댓글:67 저장:48 공유:9 날짜:2026-03-08 | &#128591;&#129777;&#129778;&#10;…⁠자세히
2026-03-08 21:44:42,302 [INFO]   [2] 좋아요:686 댓글:42 저장:60 공유:16 날짜:2026-03-07 | ば.く.れ.つ ♡&#10;…⁠자세히⁠ ⁠|⁠ ⁠
2026-03-08 21:44:46,656 [INFO]   [3] 좋아요:1,056 댓글:79 저장:101 공유:18 날짜:2026-03-07 | 누난 너무 예뻐 &#92580;˖*&#10;…⁠자세히
2026-03-08 21:44:51,054 [INFO]   [4] 좋아요:858 댓글:58 저장:78 공유:20 날짜:2026-03-06 | &#119871;&#119906;&#119897;&#119897;&#11
2026-03-08 21:44:55,427 [INFO]   [5] 좋아요:1,357 댓글:142 저장:114 공유:41 날짜:2026-03-06 | 다시 만난 오늘&#129782; &#10;…⁠자세히
2026-03-08 21:44:59,940 [INFO]   [6] 좋아요:1,931 댓글:135 저장:160 공유:14 날짜:2026-03-05 | &#120392;&#120406;&#120408;&#120406;&#12
2026-03-08 21:45:07,148 [INFO]   [7] 좋아요:1,092 댓글:84 저장:99 공유:11 날짜:2026-03-04 | 뻠이&#66828;՞⁔•͈ ·̫ •͈⁔՞&#68015;&#10;…⁠자세히
2026-03-08 21:45:11,552 [INFO]   [8] 좋아요:1,240 댓글:103 저장:110 공유:23 날짜:2026-03-03 | 
2026-03-08 21:45:16,045 [INFO]   [9] 좋아요:912 댓글:97 저장:89 공유:23 날짜:2026-03-02 | ꒰՞ ̳´o̴̶̷̤  ̫ o̴̶̷̤` ̳՞꒱&#10;…⁠자세히⁠ ⁠|⁠ 
2026-03-08 21:45:20,478 [INFO]   [10] 좋아요:1,234 댓글:111 저장:104 공유:30 날짜:2026-03-02 | Big Guy&#129320;&#10;…⁠자세히⁠ ⁠|⁠ ⁠
2026-03-08 21:45:24,931 [INFO]   [11] 좋아요:1,209 댓글:279 저장:119 공유:84 날짜:2026-02-28 | (๑˃̵ᴗ˂̵)و ♡&#10;…⁠자세히⁠ ⁠|⁠ ⁠
2026-03-08 21:45:29,378 [INFO]   [12] 좋아요:1,712 댓글:176 저장:153 공유:47 날짜:2026-02-27 | &#119814;&#119822;&#119822;&#119811; &#1
2026-03-08 21:45:42,652 [INFO]   [skip] 중복: &#119814;&#119822;&#119822;&#119811; &#1
2026-03-08 21:45:55,871 [INFO]   연속 중복 2회 — 피드 끝, 중단
2026-03-08 21:45:59,029 [INFO]   → 게시물 12개, 평균좋아요 1,157, 참여율 62.93%
2026-03-08 21:45:59,045 [INFO] 
============================================================
2026-03-08 21:45:59,046 [INFO] 크롤링 완료: 8개 그룹
2026-03-08 21:45:59,047 [INFO] 요약: G:\내 드라이브\01.Work\04.AI.M.Contents\00.pumit\04.aimcontents.com\idol-sns-app\data\tiktok-data\tiktok-summary.json
2026-03-08 21:45:59,048 [INFO] 
Top 10 팔로워:
2026-03-08 21:45:59,049 [INFO]   1. 크래비티                  3,781,000
2026-03-08 21:45:59,050 [INFO]   2. 소디엑                   2,378,000
2026-03-08 21:45:59,050 [INFO]   3. 아트비트                  1,918,000
2026-03-08 21:45:59,051 [INFO]   4. 킥플립                   1,850,000
2026-03-08 21:45:59,052 [INFO]   5. 앰퍼샌드원                 1,085,000
2026-03-08 21:45:59,053 [INFO]   6. 드리핀                     506,000
2026-03-08 21:45:59,054 [INFO]   7. 웨이커                     331,000
2026-03-08 21:45:59,055 [INFO]   8. 아이리스                     70,000
