2026-03-08 12:22:42,331 [INFO] namu-wiki.json: 174개 그룹
2026-03-08 12:22:42,334 [INFO] 틱톡 URL 보유: 173개
2026-03-08 12:22:42,334 [INFO] 테스트 대상: 2개
2026-03-08 12:22:42,335 [INFO] 크롤링 시작: 2개 그룹
2026-03-08 12:22:42,336 [INFO] 설정: 최근 30일, 그룹당 최대 50개 게시물
2026-03-08 12:22:44,264 [INFO] 
============================================================
2026-03-08 12:22:44,265 [INFO] [1/2] 에스파 (aespa)
2026-03-08 12:22:44,265 [INFO] ============================================================
2026-03-08 12:22:48,023 [INFO]   프로필: aespa official | 16,700,000 followers
2026-03-08 12:22:49,537 [INFO]   그리드에서 0개 비디오 발견
2026-03-08 12:22:49,565 [INFO]   저장: tiktok-data/groups/aespa.json
2026-03-08 12:22:49,565 [INFO]   게시물: 0개, 평균 조회: 0, 평균 좋아요: 0
2026-03-08 12:22:52,595 [INFO] 
============================================================
2026-03-08 12:22:52,596 [INFO] [2/2] 방탄소년단 (BTS)
2026-03-08 12:22:52,596 [INFO] ============================================================
2026-03-08 12:22:56,133 [INFO]   프로필: BTS | 73,900,000 followers
2026-03-08 12:22:57,651 [INFO]   그리드에서 0개 비디오 발견
2026-03-08 12:22:57,684 [INFO]   저장: tiktok-data/groups/bts.json
2026-03-08 12:22:57,685 [INFO]   게시물: 0개, 평균 조회: 0, 평균 좋아요: 0
2026-03-08 12:22:58,104 [INFO] 
============================================================
2026-03-08 12:22:58,104 [INFO] 크롤링 완료: 2개 그룹
2026-03-08 12:22:58,105 [INFO] 요약: G:\내 드라이브\01.Work\04.AI.M.Contents\00.pumit\04.aimcontents.com\idol-sns-app\data\tiktok-data\tiktok-summary.json
2026-03-08 12:22:58,105 [INFO] 그룹별: G:\내 드라이브\01.Work\04.AI.M.Contents\00.pumit\04.aimcontents.com\idol-sns-app\data\tiktok-data\groups/
2026-03-08 12:22:58,105 [INFO] 
Top 10 팔로워:
2026-03-08 12:22:58,106 [INFO]   1. 방탄소년단             73,900,000
2026-03-08 12:22:58,106 [INFO]   2. 에스파               16,700,000
