2026-03-08 13:00:54,683 [INFO] 디바이스 연결 확인: R3CTC0CHJBT
2026-03-08 13:00:54,815 [INFO] 틱톡 URL 보유: 173개
2026-03-08 13:00:54,840 [INFO] 재개: 3개 완료, 170개 남음
2026-03-08 13:00:54,840 [INFO] 크롤링 시작: 170개 그룹
2026-03-08 13:00:54,841 [INFO] 
============================================================
2026-03-08 13:00:54,841 [INFO] [1/170] 방탄소년단 (BTS)
2026-03-08 13:00:54,841 [INFO] ============================================================
2026-03-08 13:01:01,548 [INFO]   프로필: BTS | 팔로워 73,949,000 | 좋아요 1,700,000,000
2026-03-08 13:01:01,549 [INFO]   그리드 비디오: 6개 (조회수: [14105000, 19825000, 11380000])
2026-03-08 13:01:16,904 [INFO]   [1] 좋아요:0 댓글:0 저장:0 공유:0 날짜: | 
2026-03-08 13:01:30,219 [INFO]   [2] 좋아요:0 댓글:0 저장:0 공유:0 날짜: | 
2026-03-08 13:01:43,543 [INFO]   [3] 좋아요:0 댓글:0 저장:0 공유:0 날짜: | 
2026-03-08 13:01:57,050 [INFO]   [4] 좋아요:0 댓글:0 저장:0 공유:0 날짜: | 
2026-03-08 13:02:10,421 [INFO]   [5] 좋아요:0 댓글:0 저장:0 공유:0 날짜: | 
2026-03-08 13:02:23,927 [INFO]   [6] 좋아요:0 댓글:0 저장:0 공유:0 날짜: | 
2026-03-08 13:02:37,345 [INFO]   [7] 좋아요:0 댓글:0 저장:0 공유:0 날짜: | 
2026-03-08 13:02:42,670 [INFO]   [skip] 광고: 배달비 아까워서 먹고 싶은 거 포기해본 사람?&#10;쿠팡이츠는 딱 하나
2026-03-08 13:02:56,039 [INFO]   [skip] 광고: 배달비 아까워서 먹고 싶은 거 포기해본 사람?&#10;쿠팡이츠는 딱 하나
2026-03-08 13:03:09,556 [INFO]   [skip] 광고: 배달비 아까워서 먹고 싶은 거 포기해본 사람?&#10;쿠팡이츠는 딱 하나
2026-03-08 13:03:22,874 [INFO]   [skip] 광고: 배달비 아까워서 먹고 싶은 거 포기해본 사람?&#10;쿠팡이츠는 딱 하나
2026-03-08 13:03:36,359 [INFO]   [skip] 광고: 배달비 아까워서 먹고 싶은 거 포기해본 사람?&#10;쿠팡이츠는 딱 하나
2026-03-08 13:03:49,871 [INFO]   [skip] 광고: 배달비 아까워서 먹고 싶은 거 포기해본 사람?&#10;쿠팡이츠는 딱 하나
2026-03-08 13:04:03,398 [INFO]   [skip] 광고: 배달비 아까워서 먹고 싶은 거 포기해본 사람?&#10;쿠팡이츠는 딱 하나
