2026-03-08 12:57:33,005 [INFO] 디바이스 연결 확인: R3CTC0CHJBT
2026-03-08 12:57:33,116 [INFO] 틱톡 URL 보유: 173개
2026-03-08 12:57:33,136 [INFO] 재개: 2개 완료, 171개 남음
2026-03-08 12:57:33,137 [INFO] 크롤링 시작: 171개 그룹
2026-03-08 12:57:33,137 [INFO] 
============================================================
2026-03-08 12:57:33,138 [INFO] [1/171] 르세라핌 (LE SSERAFIM)
2026-03-08 12:57:33,138 [INFO] ============================================================
2026-03-08 12:57:39,774 [INFO]   프로필: LE SSERAFIM | 팔로워 14,278,000 | 좋아요 969,999,999
2026-03-08 12:57:39,776 [INFO]   그리드 비디오: 3개 (조회수: [323000, 758000, 2019000])
2026-03-08 12:57:46,255 [INFO]   [1] 좋아요:76,000 댓글:679 저장:6,130 공유:2,090 날짜:2026-03-07 | fit check x2
2026-03-08 12:57:50,796 [INFO]   [2] 좋아요:193,000 댓글:1,106 저장:12,000 공유:5,023 날짜:2026-03-06 | oh la la &#10;@courreges #courregesFW26
2026-03-08 12:57:55,402 [INFO]   [3] 좋아요:455,000 댓글:2,582 저장:27,000 공유:8,474 날짜:2026-02-27 | Milan what?&#10;@fendi #FendiFW26
2026-03-08 12:57:59,883 [INFO]   [4] ⓧ 광고 스킵: 지금 너무 추워요, 5km 러닝 전에 어떤 워밍업으로 몸을 풀 수 있나요
2026-03-08 12:58:04,409 [INFO]   [4] 좋아요:659,000 댓글:3,660 저장:47,000 공유:15,000 날짜:2026-02-26 | Kawasaki es una locura &#128526;&#10;…⁠자
2026-03-08 12:58:08,958 [INFO]   [5] 좋아요:366,000 댓글:2,506 저장:25,000 공유:9,685 날짜:2026-02-25 | transition loading... &#10;@fendi #Fendi
2026-03-08 12:58:13,549 [INFO]   [6] 좋아요:110,000 댓글:1,308 저장:9,142 공유:3,237 날짜:2026-02-15 | when in NY&#10;@khaite #KhaiteFW26 #NYFW
2026-03-08 12:58:27,116 [INFO]   [8] ⓧ 중복 스킵: when in NY&#10;@khaite #KhaiteFW26 #NYFW
2026-03-08 12:58:31,725 [INFO]   [7] 좋아요:592,000 댓글:3,418 저장:45,000 공유:20,000 날짜:2026-02-08 | Big Girls Don't Cry✨&#10;@enhypen
2026-03-08 12:58:45,162 [INFO]   [10] ⓧ 중복 스킵: Big Girls Don't Cry✨&#10;@enhypen
2026-03-08 12:58:58,682 [INFO]   [11] ⓧ 중복 스킵: Big Girls Don't Cry✨&#10;@enhypen
2026-03-08 12:59:12,275 [INFO]   [12] ⓧ 중복 스킵: Big Girls Don't Cry✨&#10;@enhypen
2026-03-08 12:59:25,733 [INFO]   [13] ⓧ 중복 스킵: Big Girls Don't Cry✨&#10;@enhypen
2026-03-08 12:59:39,145 [INFO]   [14] ⓧ 중복 스킵: Big Girls Don't Cry✨&#10;@enhypen
2026-03-08 12:59:43,596 [INFO]   [8] 2026-01-31 — 30일 이전, 중단
2026-03-08 12:59:43,596 [INFO]   광고/중복 7개 필터링됨
2026-03-08 12:59:46,829 [INFO]   → 게시물 7개, 평균좋아요 350,142, 참여율 87.13%
