2026-03-09 08:08:24,664 [INFO] 디바이스 연결 확인: RFCN30XWX8W (SM-A9080)
2026-03-09 08:08:24,748 [INFO] 재크롤링 시작: 1개 그룹
2026-03-09 08:08:24,748 [INFO] 
============================================================
2026-03-09 08:08:24,749 [INFO] [1/1] 마마무 (MAMAMOO)
2026-03-09 08:08:24,749 [INFO] ============================================================
2026-03-09 08:08:24,952 [WARNING]   TikTok이 포그라운드 아님, 복귀 시도...
2026-03-09 08:08:34,972 [WARNING]   프로필 불일치: 기대=official_mamamoo 실제=(없음), 재시도 1...
2026-03-09 08:08:46,754 [WARNING]   프로필 불일치: 기대=official_mamamoo 실제=(없음), 재시도 2...
2026-03-09 08:08:58,594 [ERROR]   프로필 불일치 해소 실패: 기대=official_mamamoo 실제=(없음)
2026-03-09 08:08:58,594 [INFO]   프로필: 08 | 팔로워 0 | 좋아요 0
2026-03-09 08:08:58,595 [WARNING]   그리드 비디오 없음, 재시도 1/4 (3초 대기)...
2026-03-09 08:09:04,431 [WARNING]   그리드 비디오 없음, 재시도 2/4 (5초 대기)...
2026-03-09 08:09:12,274 [WARNING]   그리드 비디오 없음, 재시도 3/4 (7초 대기)...
2026-03-09 08:09:22,353 [WARNING]   그리드 비디오 없음, 재시도 4/4 (9초 대기)...
2026-03-09 08:09:34,192 [INFO]   그리드 비디오: 0개 (조회수: [])
2026-03-09 08:09:34,192 [WARNING]   그리드 비디오 없음 (4회 재시도 실패)
2026-03-09 08:09:34,204 [WARNING]   → 스킵: 새 0개 < 기존 1개 (기존 유지)
2026-03-09 08:09:34,204 [INFO] 
============================================================
2026-03-09 08:09:34,204 [INFO] 재크롤링 완료: 성공 0개, 스킵 1개
