2026-03-09 22:27:57,613 [INFO] 디바이스 연결 확인: 5HUG1CQU6NLB30XM894 (Samsung R14 Tablet, 800x1280)
2026-03-09 22:27:57,695 [INFO] 재크롤링 시작: 3개 그룹
2026-03-09 22:27:57,696 [INFO] 
============================================================
2026-03-09 22:27:57,696 [INFO] [1/3] 더보이즈 (THE BOYZ)
2026-03-09 22:27:57,696 [INFO] ============================================================
2026-03-09 22:28:10,336 [INFO]   프로필: 팔로우 | 팔로워 971,000 | 좋아요 24,097,000
2026-03-09 22:28:10,336 [INFO]   그리드 비디오: 6개 (조회수: [625000, 154000, 486000])
2026-03-09 22:28:36,985 [WARNING] ADB timeout: input tap 400 640
2026-03-09 22:28:57,211 [INFO]   [1] 2026-01-25 — 30일 이전, 중단
2026-03-09 22:29:04,631 [INFO]   → 저장: 0개 게시물 (기존 0개)
2026-03-09 22:29:07,631 [INFO] 
============================================================
2026-03-09 22:29:07,632 [INFO] [2/3] 아이콘 (Ikon)
2026-03-09 22:29:07,632 [INFO] ============================================================
2026-03-09 22:29:20,987 [WARNING]   프로필 불일치: 기대=ikon_tiktok 실제=(없음), 재시도 1...
2026-03-09 22:29:36,192 [INFO]   프로필: 팔로우 | 팔로워 3,146,000 | 좋아요 31,613,000
2026-03-09 22:29:36,193 [INFO]   그리드 비디오: 6개 (조회수: [432000, 260000, 141000])
2026-03-09 22:30:09,218 [WARNING] ADB timeout: input tap 400 640
2026-03-09 22:30:26,732 [WARNING] ADB timeout: uiautomator dump /data/local/tmp/ui.xml
2026-03-09 22:30:37,584 [INFO]   [1] 2026-01-13 — 30일 이전, 중단
2026-03-09 22:30:45,875 [INFO]   → 저장: 0개 게시물 (기존 0개)
2026-03-09 22:30:48,876 [INFO] 
============================================================
2026-03-09 22:30:48,876 [INFO] [3/3] 이펙스 (EPEX)
2026-03-09 22:30:48,876 [INFO] ============================================================
2026-03-09 22:31:01,356 [WARNING]   프로필 불일치: 기대=epex.official 실제=(없음), 재시도 1...
2026-03-09 22:31:19,207 [INFO]   프로필: 팔로우 | 팔로워 1,781,000 | 좋아요 50,698,000
2026-03-09 22:31:19,208 [INFO]   그리드 비디오: 6개 (조회수: [35828000, 29300000, 11000])
2026-03-09 22:31:42,128 [WARNING] ADB timeout: input tap 400 640
2026-03-09 22:32:14,528 [WARNING] ADB timeout: uiautomator dump /data/local/tmp/ui.xml
2026-03-09 22:32:14,691 [INFO]   [1] 2025-02-04 — 30일 이전, 중단
2026-03-09 22:32:22,045 [INFO]   → 저장: 0개 게시물 (기존 0개)
2026-03-09 22:32:22,045 [INFO] 
============================================================
2026-03-09 22:32:22,045 [INFO] 재크롤링 완료: 성공 3개, 스킵 0개
