2026-03-09 20:15:10,464 [INFO] 디바이스 연결 확인: RFCN30XWX8W (SM-A9080)
2026-03-09 20:15:10,559 [INFO] 재크롤링 시작: 2개 그룹
2026-03-09 20:15:10,560 [INFO] 
============================================================
2026-03-09 20:15:10,560 [INFO] [1/2] 아이브 (IVE)
2026-03-09 20:15:10,560 [INFO] ============================================================
2026-03-09 20:15:19,188 [INFO]   프로필: IVE.official | 팔로워 11,300,000 | 좋아요 583,100,000
2026-03-09 20:15:19,188 [INFO]   그리드 비디오: 6개 (조회수: [865000, 140200, 279300])
2026-03-09 20:15:49,151 [INFO]   [1] 좋아요:36,400 댓글:450 저장:2,370 공유:712 날짜:2026-03-09 | In #KiiiKiii #LEESOL Heart &#128151; @Ki
2026-03-09 20:15:55,925 [INFO]   [2] 좋아요:74,200 댓글:994 저장:4,839 공유:2,874 날짜:2026-03-09 | ⋆｡‧˚ʚ✌️^. .^₎✌️ɞ˚‧｡⋆&#10;…자세히
2026-03-09 20:16:02,627 [INFO]   [3] 좋아요:149,000 댓글:1,798 저장:10,600 공유:3,609 날짜:2026-03-08 | BANG BANG (홈트 ver.) &#10;…자세히
2026-03-09 20:16:09,209 [INFO]   [4] 좋아요:129,800 댓글:1,690 저장:9,154 공유:4,010 날짜:2026-03-08 | 별이떴으니까 날좀바라봐 &#10;…자세히
2026-03-09 20:16:15,973 [INFO]   [5] 좋아요:42,000 댓글:638 저장:3,596 공유:672 날짜:2026-03-08 | ‘IVE'S WEEK' DAY 10 &#129694;&#10;…자세히
2026-03-09 20:16:22,669 [INFO]   [6] 좋아요:41,400 댓글:471 저장:2,977 공유:524 날짜:2026-03-08 | 한 지붕 두 꾸이&#10;…자세히
2026-03-09 20:16:29,471 [INFO]   [7] 좋아요:66,000 댓글:750 저장:4,689 공유:1,180 날짜:2026-03-07 | &#119809;&#119819;&#119808;&#119810;&#11
2026-03-09 20:16:36,207 [INFO]   [8] 좋아요:38,500 댓글:545 저장:2,702 공유:504 날짜:2026-03-07 | 원하면 #WOODZ #우즈 이뤄지리라&#128420; @WOODZ &#1
2026-03-09 20:16:42,988 [INFO]   [9] 좋아요:241,400 댓글:1,669 저장:14,300 공유:4,121 날짜:2026-03-07 | 팸! 뱅 꺾고 꺽꼬 꺾꼬! shout out to @승헌쓰 이꼬르 나야나
2026-03-09 20:16:49,813 [INFO]   [10] 좋아요:252,000 댓글:1,610 저장:19,600 공유:8,610 날짜:2026-03-07 | 바쁘다 바빠 기니사회&#10;…자세히
2026-03-09 20:16:56,572 [INFO]   [11] 좋아요:32,200 댓글:422 저장:2,757 공유:405 날짜:2026-03-07 | 'IVE'S WEEK' DAY 9 &#127744;&#10;…자세히
2026-03-09 20:17:03,488 [INFO]   [12] 좋아요:64,300 댓글:630 저장:5,069 공유:973 날짜:2026-03-07 | 밤새도록 춤을 출래 =͟͟͞͞➳❥&#10;…자세히
2026-03-09 20:17:10,231 [INFO]   [13] 좋아요:28,200 댓글:544 저장:2,699 공유:559 날짜:2026-03-06 | 'IVE'S WEEK' DAY 8 &#127897;️&#10;…자세히
2026-03-09 20:17:16,971 [INFO]   [14] 좋아요:72,200 댓글:756 저장:5,151 공유:1,186 날짜:2026-03-05 | 쏟아지는 Glitter&#10;…자세히
2026-03-09 20:17:23,705 [INFO]   [15] 좋아요:39,500 댓글:555 저장:3,521 공유:621 날짜:2026-03-05 | 'IVE'S WEEK' DAY 7 &#128150;&#10;…자세히
2026-03-09 20:17:30,409 [INFO]   [16] 좋아요:25,000 댓글:402 저장:2,561 공유:555 날짜:2026-03-05 | &#119878;ℎ&#119894;&#119899;&#119890; &#
2026-03-09 20:17:37,170 [INFO]   [17] 좋아요:19,400 댓글:312 저장:1,838 공유:388 날짜:2026-03-04 | Look at me now&#128064;&#10;…자세히
2026-03-09 20:17:43,911 [INFO]   [18] 좋아요:96,000 댓글:700 저장:8,561 공유:2,586 날짜:2026-03-04 | #LE_SSERAFIM #HONGEUNCHAE 에게 눈 떼지마 시선 &#
2026-03-09 20:17:50,646 [INFO]   [19] 좋아요:230,600 댓글:1,136 저장:16,300 공유:4,456 날짜:2026-03-04 | 원하면 #LE_SSERAFIM #HONGEUNCHAE 이뤄지리라&#128
2026-03-09 20:17:57,350 [INFO]   [20] 좋아요:27,500 댓글:476 저장:2,753 공유:489 날짜:2026-03-04 | 'IVE'S WEEK' DAY 6 &#128159;&#10;…자세히
2026-03-09 20:18:04,050 [INFO]   [21] 좋아요:50,100 댓글:517 저장:4,357 공유:826 날짜:2026-03-04 | &#120365;&#120368;&#120375;&#120358; &#1
2026-03-09 20:18:10,771 [INFO]   [22] 좋아요:47,800 댓글:492 저장:3,423 공유:658 날짜:2026-03-03 | 원하면 #IDID #BAEKJUNHYUK 이뤄지리라&#128420; @I
2026-03-09 20:18:17,548 [INFO]   [23] 좋아요:178,300 댓글:1,162 저장:12,400 공유:2,618 날짜:2026-03-03 | 끝없는 &#120017;&#120016;&#120029;&#120022;
2026-03-09 20:18:24,286 [INFO]   [24] 좋아요:59,200 댓글:587 저장:4,575 공유:873 날짜:2026-03-03 | &#120131;&#120160;&#120160;&#120156; &#1
2026-03-09 20:18:31,006 [INFO]   [25] 좋아요:135,600 댓글:771 저장:8,393 공유:3,094 날짜:2026-03-03 | 원하면 #Hearts2Hearts #IAN 이뤄지리라&#128420; @
2026-03-09 20:18:37,706 [INFO]   [26] 좋아요:235,400 댓글:1,324 저장:20,000 공유:18,900 날짜:2026-03-03 | Mine ⋆ ˚｡⋆୨୧˚&#10;…자세히
2026-03-09 20:18:44,363 [INFO]   [27] 좋아요:88,600 댓글:760 저장:6,375 공유:1,526 날짜:2026-03-03 | 끝내 현실이 돼 ★༉‧₊˚✧&#10;…자세히
2026-03-09 20:18:51,065 [INFO]   [28] 좋아요:76,700 댓글:574 저장:5,028 공유:1,075 날짜:2026-03-02 | 원하면 #andTEAM #EJ 이뤄지리라&#128420; @&amp;TE
2026-03-09 20:18:57,806 [INFO]   [29] 좋아요:188,300 댓글:1,372 저장:12,600 공유:6,327 날짜:2026-03-02 | #Hearts2Hearts #IAN 에게 눈 떼지마 시선 &#129482
2026-03-09 20:19:04,508 [INFO]   [30] 좋아요:235,300 댓글:979 저장:17,900 공유:6,487 날짜:2026-03-02 | Folded .•✰.*•.&#10;…자세히
2026-03-09 20:19:11,266 [INFO]   [31] 좋아요:150,400 댓글:1,116 저장:11,600 공유:3,768 날짜: | (๑•̑ ɞ •̑๑)✊&#128400;️&#10;…자세히
2026-03-09 20:19:17,927 [INFO]   [32] 좋아요:40,500 댓글:1,567 저장:4,587 공유:1,381 날짜: | BANG BANG (CUTE ʕ｡•ﻌ•｡ʔ ver.) with #이진이 
2026-03-09 20:19:24,588 [INFO]   [33] 좋아요:186,500 댓글:1,329 저장:14,000 공유:4,818 날짜: | In Your Heart (Sped Up ver.) &#128147;=з
2026-03-09 20:19:31,328 [INFO]   [34] 좋아요:279,000 댓글:1,381 저장:15,100 공유:3,895 날짜: | 원하면 #KiiiKiii #HAUM 이뤄지리라&#128420; @Kiii
2026-03-09 20:19:37,928 [INFO]   [35] 좋아요:120,000 댓글:1,150 저장:7,703 공유:1,860 날짜: | 가을이 일찍 오네&#128420;&#10;…자세히
2026-03-09 20:19:44,653 [INFO]   [36] 좋아요:142,800 댓글:1,333 저장:11,000 공유:4,544 날짜: | &#128420;ʜᴏʟᴇ&#10;…자세히
2026-03-09 20:19:51,416 [INFO]   [37] 좋아요:41,200 댓글:499 저장:3,337 공유:528 날짜: | 원하면 #GRANADA 이뤄지리라&#128420; @그라나다 &#10;…
2026-03-09 20:19:58,050 [INFO]   [38] 좋아요:35,400 댓글:632 저장:3,403 공유:666 날짜: | 'IVE'S WEEK' DAY 5 &#129294;&#10;…자세히
2026-03-09 20:20:04,786 [INFO]   [39] 좋아요:436,400 댓글:2,223 저장:26,100 공유:11,500 날짜: | In My Pocket ( ｰ ֊ｰ )✧&#129375;&#128151;
2026-03-09 20:20:11,529 [INFO]   [40] 좋아요:125,800 댓글:935 저장:7,929 공유:1,889 날짜: | 마침내 우리답게 ✨&#10;…자세히
2026-03-09 20:20:18,264 [INFO]   [41] 좋아요:38,100 댓글:424 저장:3,392 공유:610 날짜: | &#127916; ＢＬＡＣＫＨＯＬＥ: Behind The Scenes&#
2026-03-09 20:20:25,025 [INFO]   [42] 좋아요:185,400 댓글:1,290 저장:13,900 공유:5,825 날짜: | &#120128;&#120159; &#120144;&#120160;&#1
2026-03-09 20:20:31,748 [INFO]   [43] 좋아요:117,100 댓글:816 저장:6,616 공유:1,191 날짜: | 원하면 #이영지 이뤄지리라&#128420; @이영지 &#10;…자세히
2026-03-09 20:20:38,468 [INFO]   [44] 좋아요:42,200 댓글:404 저장:3,112 공유:486 날짜: | 원하면 #HIGHLIGHT #YANGYOSEOP 이뤄지리라&#128420
2026-03-09 20:20:43,700 [INFO]   → 저장: 44개 게시물 (기존 3개)
2026-03-09 20:20:46,701 [INFO] 
============================================================
2026-03-09 20:20:46,701 [INFO] [2/2] 마마무 (MAMAMOO)
2026-03-09 20:20:46,702 [INFO] ============================================================
2026-03-09 20:20:55,324 [INFO]   프로필: mamamoo_official | 팔로워 4,400,000 | 좋아요 49,400,000
2026-03-09 20:20:55,324 [INFO]   그리드 비디오: 6개 (조회수: [1767, 8715, 5396])
2026-03-09 20:21:09,573 [INFO]   [1] 좋아요:364 댓글:14 저장:22 공유:6 날짜:2026-03-09 | [MV] Solar x 告五人 '總有一顆屬於你的星球 (Your Own S
2026-03-09 20:21:16,145 [INFO]   [2] 좋아요:1,445 댓글:23 저장:66 공유:16 날짜:2026-03-08 | [TEASER] Solar x 告五人 '總有一顆屬於你的星球 (Your O
2026-03-09 20:21:22,825 [INFO]   [3] 좋아요:653 댓글:13 저장:30 공유:8 날짜:2026-03-07 | [TEASER] Solar x 告五人 [總有一顆屬於你的星球 (Your O
2026-03-09 20:21:29,526 [INFO]   [4] 좋아요:2,622 댓글:26 저장:104 공유:30 날짜:2026-03-06 | [TEASER] Solar x 告五人 '總有一顆屬於你的星球 (Your O
2026-03-09 20:21:36,047 [INFO]   [5] 좋아요:3,413 댓글:56 저장:161 공유:74 날짜:2026-03-04 | 문별 (Moon Byul) 3rd Single [REV] Logo Mot
2026-03-09 20:21:42,682 [INFO]   [6] 좋아요:1,190 댓글:28 저장:56 공유:13 날짜:2026-03-03 | Solar x 告五人 [總有一顆屬於你的星球 (Your Own Star)]
2026-03-09 20:21:49,385 [INFO]   [7] 좋아요:1,235 댓글:40 저장:61 공유:14 날짜: | [#솔라]&#10;…자세히
2026-03-09 20:21:56,091 [INFO]   [8] 좋아요:6,108 댓글:148 저장:226 공유:339 날짜: | Be Ready for March 9 &#127932;&#128064; 
2026-03-09 20:22:02,769 [INFO]   [9] 좋아요:3,122 댓글:66 저장:183 공유:39 날짜: | [Special] White (Cover by 문별)
2026-03-09 20:22:09,505 [INFO]   [10] 좋아요:3,567 댓글:63 저장:189 공유:34 날짜: | [MV] 문별 (Moon Byul) 'S.O.S'
2026-03-09 20:22:16,204 [INFO]   [11] 좋아요:1,919 댓글:30 저장:112 공유:13 날짜: | [문별] 문별 (Moon Byul) CONCERT TOUR [MUSEUM
2026-03-09 20:22:22,865 [INFO]   [12] 좋아요:2,400 댓글:35 저장:121 공유:29 날짜: | [TEASER] 문별 (Moon Byul) CONCERT TOUR [MU
2026-03-09 20:22:29,507 [INFO]   [13] 좋아요:5,365 댓글:63 저장:277 공유:66 날짜: | 네잎클로버 키링.. 내가 준비해 봤는데 어때? #마마무 #문별 #Moon
2026-03-09 20:22:36,183 [INFO]   [14] 좋아요:2,659 댓글:41 저장:136 공유:18 날짜:[문별] 문별 (Moon Byul)이 전하는&#10;2026 SEASON'S GREETINGS 인사 메시지 | [문별] 문별 (Moon Byul)이 전하는&#10;2026 SEASON
2026-03-09 20:22:42,726 [INFO]   [15] 좋아요:1,932 댓글:45 저장:86 공유:13 날짜:[솔라] 솔라 (Solar)가 전하는 2026 SEASON'S GREETINGS 인사 메시지 | [솔라] 솔라 (Solar)가 전하는 2026 SEASON'S GREET
2026-03-09 20:22:49,325 [INFO]   [16] 좋아요:2,516 댓글:63 저장:138 공유:12 날짜: | [문별] 문별 (Moon Byul) CONCERT TOUR [MUSEUM
2026-03-09 20:22:55,985 [INFO]   [17] 좋아요:4,019 댓글:60 저장:185 공유:87 날짜: | [TEASER] 문별 (Moon Byul) 'S.O.S'
2026-03-09 20:23:02,608 [INFO]   [18] 좋아요:9,846 댓글:132 저장:362 공유:164 날짜: | [#솔라]&#10;…자세히
2026-03-09 20:23:09,187 [INFO]   [19] 좋아요:12,600 댓글:160 저장:873 공유:291 날짜: | [Cover by 문별] 张远 - 看着我的眼睛说 (내 눈을 보고 말해줘)
2026-03-09 20:23:15,844 [INFO]   [20] 좋아요:53,500 댓글:726 저장:2,611 공유:1,274 날짜: | 막냉이 #화사 앨범 나왔으니까 댓글 예쁘게 써라 안 그럼..( •̀ ᴖ 
2026-03-09 20:23:22,586 [INFO]   [21] 좋아요:2,499 댓글:40 저장:117 공유:18 날짜: | [솔라] 솔라 (Solar) 3rd CONCERT [Solaris] PR
2026-03-09 20:23:29,203 [INFO]   [22] 좋아요:1,873 댓글:37 저장:66 공유:14 날짜: | 문별 (Moon Byul) COMING SOON
2026-03-09 20:23:35,867 [INFO]   [23] 좋아요:2,667 댓글:44 저장:120 공유:20 날짜: | [솔라] 솔라 (Solar) 3rd CONCERT [Solaris] AR
2026-03-09 20:23:42,486 [INFO]   [24] 좋아요:2,979 댓글:53 저장:123 공유:43 날짜: | [TEASER] 솔라 (Solar) 3rd CONCERT [Solaris
2026-03-09 20:23:55,704 [INFO]   [25] 좋아요:13,400 댓글:140 저장:499 공유:189 날짜: | 3️⃣0️⃣✨ #MAMAMOO #솔라 #Solar #頌樂 #颂乐
2026-03-09 20:24:02,316 [INFO]   [26] 좋아요:2,223 댓글:40 저장:109 공유:11 날짜: | 솔라 배우님이 울지도 않고 참 잘하네요 ☺️ #마마무 #솔라 #Solar
2026-03-09 20:24:08,983 [INFO]   [27] 좋아요:43,400 댓글:397 저장:1,771 공유:846 날짜: | toma toma &#129305;&#129305; #마마무 #솔라 #S
2026-03-09 20:24:15,644 [INFO]   [28] 좋아요:2,817 댓글:36 저장:187 공유:30 날짜: | [#솔라]&#10;…자세히
2026-03-09 20:24:22,284 [INFO]   [29] 좋아요:3,467 댓글:52 저장:148 공유:41 날짜: | [TEASER] 솔라 (Solar) 3rd CONCERT [Solaris
2026-03-09 20:24:28,925 [INFO]   [30] 좋아요:2,781 댓글:44 저장:144 공유:25 날짜: | &#127769; &#119924;&#119926;&#119926;&#1
2026-03-09 20:24:35,648 [INFO]   [31] 좋아요:3,372 댓글:50 저장:168 공유:34 날짜: | [Special] 문별 (Moon Byul) - '이륙 (Take-off
2026-03-09 20:24:42,254 [INFO]   [32] 좋아요:9,614 댓글:134 저장:449 공유:160 날짜: | 또 두근대 &#128057;&#128149;&#10;…자세히
2026-03-09 20:24:48,969 [INFO]   [33] 좋아요:4,185 댓글:85 저장:243 공유:77 날짜: | [MV] 문별 (Moon Byul) 'Goodbyes and Sad Ey
2026-03-09 20:24:55,686 [INFO]   [34] 좋아요:3,920 댓글:64 저장:212 공유:104 날짜: | [TEASER 2] 문별 (Moon Byul) 'Goodbyes and 
2026-03-09 20:25:02,369 [INFO]   [35] 좋아요:2,481 댓글:30 저장:126 공유:29 날짜: | 문별 (Moon Byul) [laundri] TRACK SPOILER :
2026-03-09 20:25:08,983 [INFO]   [36] 좋아요:1,010 댓글:20 저장:52 공유:12 날짜: | 문별 (Moon Byul) [laundri] : ICY BBY (w. H
2026-03-09 20:25:15,720 [INFO]   [37] 좋아요:2,254 댓글:37 저장:111 공유:32 날짜: | 문별 (Moon Byul) [laundri] TRACK SPOILER :
2026-03-09 20:25:22,384 [INFO]   [38] 좋아요:1,800 댓글:40 저장:95 공유:47 날짜: | 문별 (Moon Byul) [laundri] TRACK SPOILER :
2026-03-09 20:25:29,068 [INFO]   [39] 좋아요:1,659 댓글:29 저장:96 공유:19 날짜: | 문별 (Moon Byul) [laundri] TRACK SPOILER :
2026-03-09 20:25:35,664 [INFO]   [40] 좋아요:2,085 댓글:40 저장:118 공유:19 날짜: | 문별 (Moon Byul) [laundri] TRACK SPOILER :
2026-03-09 20:25:42,310 [INFO]   [41] 좋아요:3,340 댓글:63 저장:156 공유:81 날짜: | [TEASER 1] 문별 (Moon Byul) 'Goodbyes and 
2026-03-09 20:25:49,025 [INFO]   [42] 좋아요:1,413 댓글:45 저장:87 공유:23 날짜: | 문별 (Moon Byul) [laundri] TRACK SPOILER :
2026-03-09 20:25:55,723 [INFO]   [43] 좋아요:2,465 댓글:44 저장:132 공유:30 날짜: | 문별 (Moon Byul) 2ND OFFICIAL FANCLUB [SHO
2026-03-09 20:26:02,406 [INFO]   [44] 좋아요:3,236 댓글:74 저장:162 공유:62 날짜: | 문별 (Moon Byul) 'Goodbyes and Sad Eyes' M
2026-03-09 20:26:07,621 [INFO]   → 저장: 44개 게시물 (기존 8개)
2026-03-09 20:26:07,621 [INFO] 
============================================================
2026-03-09 20:26:07,621 [INFO] 재크롤링 완료: 성공 2개, 스킵 0개
