2026-03-09 09:38:26,115 [INFO] 디바이스 연결 확인: RFCN30XWX8W (SM-A9080)
2026-03-09 09:38:26,200 [INFO] 재크롤링 시작: 1개 그룹
2026-03-09 09:38:26,200 [INFO] 
============================================================
2026-03-09 09:38:26,201 [INFO] [1/1] 마마무 (MAMAMOO)
2026-03-09 09:38:26,201 [INFO] ============================================================
2026-03-09 09:38:34,795 [INFO]   프로필: mamamoo_official | 팔로워 4,400,000 | 좋아요 49,400,000
2026-03-09 09:38:34,795 [INFO]   그리드 비디오: 6개 (조회수: [7953, 5212, 13900])
2026-03-09 09:38:51,474 [WARNING]   비디오 페이지 미진입, 재시도...
2026-03-09 09:39:03,404 [INFO]   [1] 좋아요:1,376 댓글:23 저장:0 공유:16 날짜:2026-03-08 | [TEASER] Solar x 告五人 '總有一顆屬於你的星球 (Your O
2026-03-09 09:39:22,791 [INFO]   [2] 좋아요:2,593 댓글:26 저장:0 공유:29 날짜:2026-03-07 | [TEASER] Solar x 告五人 '總有一顆屬於你的星球 (Your O
2026-03-09 09:39:28,316 [INFO]   [3] 좋아요:3,394 댓글:55 저장:0 공유:74 날짜:2026-03-04 | 문별 (Moon Byul) 3rd Single [REV] Logo Mot
2026-03-09 09:39:33,358 [INFO]   [4] 좋아요:1,182 댓글:28 저장:0 공유:13 날짜:2026-03-04 | Solar x 告五人 [總有一顆屬於你的星球 (Your Own Star)]
2026-03-09 09:39:38,482 [INFO]   [5] 좋아요:1,233 댓글:40 저장:0 공유:14 날짜: | [#솔라]&#10;…자세히
2026-03-09 09:39:43,541 [INFO]   [6] 좋아요:6,107 댓글:148 저장:0 공유:339 날짜: | Be Ready for March 9 &#127932;&#128064; 
2026-03-09 09:39:48,742 [INFO]   [7] 좋아요:3,120 댓글:66 저장:0 공유:39 날짜: | [Special] White (Cover by 문별)
2026-03-09 09:40:08,861 [INFO]   [8] 좋아요:1,919 댓글:30 저장:0 공유:13 날짜: | [문별] 문별 (Moon Byul) CONCERT TOUR [MUSEUM
2026-03-09 09:40:50,315 [WARNING]   연속 빈 데이터 3회 — TikTok 확인
2026-03-09 09:40:56,155 [INFO]   → 저장: 8개 게시물 (기존 8개)
2026-03-09 09:40:56,155 [INFO] 
============================================================
2026-03-09 09:40:56,155 [INFO] 재크롤링 완료: 성공 1개, 스킵 0개
