2026-03-09 22:37:07,041 [INFO] 디바이스 연결 확인: 5HUG1CQU6NLB30XM894 (Samsung R14 Tablet, 800x1280)
2026-03-09 22:37:07,122 [INFO] 재크롤링 시작: 33개 그룹
2026-03-09 22:37:07,122 [INFO] 
============================================================
2026-03-09 22:37:07,123 [INFO] [1/33] 유니스 (UNIS)
2026-03-09 22:37:07,123 [INFO] ============================================================
2026-03-09 22:37:23,771 [WARNING]   프로필 불일치: 기대=unis_offcl 실제=(없음), 재시도 1...
2026-03-09 22:37:47,209 [WARNING]   프로필 불일치: 기대=unis_offcl 실제=(없음), 재시도 2...
2026-03-09 22:38:12,975 [ERROR]   프로필 불일치 해소 실패: 기대=unis_offcl 실제=(없음)
2026-03-09 22:38:12,975 [WARNING]   UI 노드 부족 (0), 재시도...
2026-03-09 22:38:24,066 [WARNING]   프로필 불일치: 기대=unis_offcl 실제=(없음), 재시도 1...
2026-03-09 22:38:47,019 [ERROR]   프로필 불일치 해소 실패: 기대=unis_offcl 실제=(없음)
2026-03-09 22:38:47,019 [INFO]   프로필:  | 팔로워 0 | 좋아요 0
2026-03-09 22:38:47,019 [WARNING]   그리드 비디오 없음, 재시도 1/4 (3초 대기)...
2026-03-09 22:38:57,805 [INFO]   그리드 재시도 1에서 발견: 3개
2026-03-09 22:38:57,806 [INFO]   그리드 비디오: 3개 (조회수: [7615000, 17000, 64000])
2026-03-09 22:39:47,452 [WARNING] ADB timeout: uiautomator dump /data/local/tmp/ui.xml
2026-03-09 22:39:48,177 [WARNING]   비디오 페이지 미진입, 재시도...
2026-03-09 22:40:23,157 [INFO]   [1] 2025-12-17 — 30일 이전, 중단
2026-03-09 22:40:29,128 [INFO]   → 저장: 0개 게시물 (기존 0개)
2026-03-09 22:40:32,128 [INFO] 
============================================================
2026-03-09 22:40:32,129 [INFO] [2/33] 블랙스완 (BLACKSWAN)
2026-03-09 22:40:32,129 [INFO] ============================================================
2026-03-09 22:40:45,343 [INFO]   프로필: 팔로우 | 팔로워 1,090,000 | 좋아요 20,568,000
2026-03-09 22:40:45,344 [INFO]   그리드 비디오: 3개 (조회수: [187000, 171000, 297000])
2026-03-09 22:41:26,278 [WARNING]   비디오 페이지 미진입, 재시도...
2026-03-09 22:41:54,829 [WARNING]   비디오 페이지 2차 실패, 프로필만 저장
2026-03-09 22:41:54,860 [INFO]   → 저장: 0개 게시물 (기존 0개)
2026-03-09 22:41:57,861 [INFO] 
============================================================
2026-03-09 22:41:57,862 [INFO] [3/33] 아트비트 (ARTBEAT v)
2026-03-09 22:41:57,862 [INFO] ============================================================
2026-03-09 22:42:19,714 [WARNING]   프로필 불일치: 기대=artbeat.official 실제=(없음), 재시도 1...
2026-03-09 22:42:47,186 [WARNING]   프로필 불일치: 기대=artbeat.official 실제=(없음), 재시도 2...
2026-03-09 22:43:10,473 [ERROR]   프로필 불일치 해소 실패: 기대=artbeat.official 실제=(없음)
2026-03-09 22:43:10,473 [WARNING]   UI 노드 부족 (0), 재시도...
2026-03-09 22:43:19,370 [INFO]   프로필: 팔로우 | 팔로워 1,918,000 | 좋아요 69,244,000
2026-03-09 22:43:19,371 [INFO]   그리드 비디오: 3개 (조회수: [126000, 67000, 187000])
2026-03-09 22:44:13,340 [INFO]   [1] 2025-11-07 — 30일 이전, 중단
2026-03-09 22:44:21,063 [INFO]   → 저장: 0개 게시물 (기존 0개)
2026-03-09 22:44:24,064 [INFO] 
============================================================
2026-03-09 22:44:24,064 [INFO] [4/33] 피프티피프티 (FIFTY FIFTY)
2026-03-09 22:44:24,065 [INFO] ============================================================
2026-03-09 22:44:37,570 [WARNING]   프로필 불일치: 기대=we_fiftyfifty 실제=(없음), 재시도 1...
2026-03-09 22:45:01,954 [INFO]   프로필: 팔로우 | 팔로워 2,090,000 | 좋아요 39,780,000
2026-03-09 22:45:01,955 [INFO]   그리드 비디오: 3개 (조회수: [7733000, 185000, 163000])
2026-03-09 22:45:35,234 [WARNING] ADB timeout: input tap 400 640
2026-03-09 22:46:09,553 [INFO]   [1] 2025-11-04 — 30일 이전, 중단
2026-03-09 22:46:15,383 [INFO]   → 저장: 0개 게시물 (기존 0개)
2026-03-09 22:46:18,384 [INFO] 
============================================================
2026-03-09 22:46:18,384 [INFO] [5/33] 키키 (KiiiKiii)
2026-03-09 22:46:18,385 [INFO] ============================================================
2026-03-09 22:46:29,201 [INFO]   프로필: 팔로우 | 팔로워 1,407,000 | 좋아요 38,269,000
2026-03-09 22:46:29,202 [INFO]   그리드 비디오: 3개 (조회수: [696000, 109000, 155000])
2026-03-09 22:47:35,538 [INFO]   [1] 2026-01-26 — 30일 이전, 중단
2026-03-09 22:47:41,250 [INFO]   → 저장: 0개 게시물 (기존 0개)
2026-03-09 22:47:44,251 [INFO] 
============================================================
2026-03-09 22:47:44,251 [INFO] [6/33] 올데이프로젝트 (ALLDAY PROJECT)
2026-03-09 22:47:44,251 [INFO] ============================================================
2026-03-09 22:47:54,678 [INFO]   프로필: 팔로우 | 팔로워 1,530,000 | 좋아요 71,068,000
2026-03-09 22:47:54,679 [INFO]   그리드 비디오: 6개 (조회수: [40000, 50000, 427000])
2026-03-09 22:48:24,701 [INFO]   [1] 좋아요:8,784 댓글:193 저장:472 공유:360 날짜:2026-03-09 | PUBG x ALLDAY PROJECT&#10;'I DON'T BARGA
2026-03-09 22:48:48,672 [INFO]   연속 중복 2회 — 피드 끝
2026-03-09 22:48:53,914 [WARNING]   → 스킵: 새 1개 < 기존 3개 (기존 유지)
2026-03-09 22:48:56,915 [INFO] 
============================================================
2026-03-09 22:48:56,915 [INFO] [7/33] 제로베이스원 (ZEROBASEONE)
2026-03-09 22:48:56,916 [INFO] ============================================================
2026-03-09 22:49:07,933 [INFO]   프로필: 팔로우 | 팔로워 5,284,000 | 좋아요 390,000,000
2026-03-09 22:49:07,934 [INFO]   그리드 비디오: 6개 (조회수: [310000, 493000, 835000])
2026-03-09 22:49:57,521 [INFO]   [1] 2026-02-02 — 30일 이전, 중단
2026-03-09 22:50:03,124 [INFO]   → 저장: 0개 게시물 (기존 0개)
2026-03-09 22:50:06,125 [INFO] 
============================================================
2026-03-09 22:50:06,125 [INFO] [8/33] 트레저 (TREASURE)
2026-03-09 22:50:06,125 [INFO] ============================================================
2026-03-09 22:50:17,422 [INFO]   프로필: 팔로우 | 팔로워 8,410,000 | 좋아요 500,000,000
2026-03-09 22:50:17,423 [INFO]   그리드 비디오: 6개 (조회수: [1060000, 7634, 443000])
2026-03-09 22:51:00,995 [INFO]   [1] 2025-09-01 — 30일 이전, 중단
2026-03-09 22:51:08,447 [INFO]   → 저장: 0개 게시물 (기존 0개)
2026-03-09 22:51:11,448 [INFO] 
============================================================
2026-03-09 22:51:11,448 [INFO] [9/33] 더보이즈 (THE BOYZ)
2026-03-09 22:51:11,449 [INFO] ============================================================
2026-03-09 22:51:27,665 [INFO]   프로필: 팔로우 | 팔로워 971,000 | 좋아요 24,097,000
2026-03-09 22:51:27,666 [INFO]   그리드 비디오: 6개 (조회수: [626000, 154000, 486000])
2026-03-09 22:52:06,535 [INFO]   [1] 2026-01-25 — 30일 이전, 중단
2026-03-09 22:52:16,154 [INFO]   → 저장: 0개 게시물 (기존 0개)
2026-03-09 22:52:19,154 [INFO] 
============================================================
2026-03-09 22:52:19,154 [INFO] [10/33] 아이콘 (Ikon)
2026-03-09 22:52:19,155 [INFO] ============================================================
2026-03-09 22:52:30,459 [INFO]   프로필: 팔로우 | 팔로워 3,146,000 | 좋아요 31,613,000
2026-03-09 22:52:30,460 [INFO]   그리드 비디오: 6개 (조회수: [432000, 260000, 141000])
2026-03-09 22:53:11,458 [INFO]   [1] 2026-01-13 — 30일 이전, 중단
2026-03-09 22:53:21,707 [INFO]   → 저장: 0개 게시물 (기존 0개)
2026-03-09 22:53:24,708 [INFO] 
============================================================
2026-03-09 22:53:24,708 [INFO] [11/33] 아스트로 (ASTRO)
2026-03-09 22:53:24,708 [INFO] ============================================================
2026-03-09 22:53:38,396 [INFO]   프로필: 팔로우 | 팔로워 7,940,000 | 좋아요 110,000,000
2026-03-09 22:53:38,396 [INFO]   그리드 비디오: 6개 (조회수: [182000, 82000, 220000])
2026-03-09 22:54:46,376 [INFO]   [1] 좋아요:56,000 댓글:1,283 저장:2,519 공유:1,420 날짜:2026-03-09 | 2016년으로 돌아가서#엠제이 #MJ #윤산하 #YOONSANHA #Ba
2026-03-09 22:55:29,687 [INFO]   [2] 좋아요:20,000 댓글:610 저장:1,516 공유:304 날짜:2026-03-06 | 연차별 직장인의 자세 #엠제이 #MJ #윤산하 #YOONSANHA #AS
2026-03-09 22:56:03,511 [INFO]   [3] 좋아요:67,000 댓글:1,654 저장:4,605 공유:1,465 날짜:2026-03-05 | HAPPY MJ DAY&#127874; | '바이 바이 (BIG Naug
2026-03-09 22:56:20,417 [INFO]   [4] 좋아요:604,000 댓글:6,416 저장:51,000 공유:41,000 날짜:2026-03-04 | Baby (웃음 버전)#엠제이 #MJ #윤산하 #YOONSANHA #AS
2026-03-09 22:56:36,582 [INFO]   [5] 좋아요:81,000 댓글:1,501 저장:4,248 공유:1,441 날짜:2026-02-20 | 'Popcorn (도경수(D.O.))' Cover by 산하 #윤산하 #
2026-03-09 22:56:54,750 [INFO]   [6] 2026-02-04 — 30일 이전, 중단
2026-03-09 22:57:01,797 [INFO]   → 저장: 5개 게시물 (기존 1개)
2026-03-09 22:57:04,797 [INFO] 
============================================================
2026-03-09 22:57:04,798 [INFO] [12/33] 엑스디너리 히어로즈 (Xdinary Heroes)
2026-03-09 22:57:04,798 [INFO] ============================================================
2026-03-09 22:57:18,571 [WARNING]   프로필 불일치: 기대=xheroes_official 실제=(없음), 재시도 1...
2026-03-09 22:57:38,575 [INFO]   프로필: 팔로우 | 팔로워 1,660,000 | 좋아요 37,248,000
2026-03-09 22:57:38,576 [INFO]   그리드 비디오: 3개 (조회수: [14000, 22000, 91000])
2026-03-09 22:58:29,526 [INFO]   [1] 좋아요:4,154 댓글:43 저장:321 공유:69 날짜:2026-03-08 | Xdinary Heroes(엑스디너리 히어로즈) Official Fanc
2026-03-09 22:59:05,477 [INFO]   [2] 좋아요:7,149 댓글:87 저장:473 공유:0 날짜:2026-03-08 | Xdinary Heroes(엑스디너리 히어로즈) Official Fanc
2026-03-09 22:59:26,972 [INFO]   [3] 좋아요:34,000 댓글:318 저장:1,912 공유:943 날짜:2026-03-07 | Xdinary Heroes(엑스디너리 히어로즈) Official Fanc
2026-03-09 23:00:02,741 [INFO]   연속 중복 2회 — 피드 끝
2026-03-09 23:00:09,619 [INFO]   → 저장: 3개 게시물 (기존 2개)
2026-03-09 23:00:12,620 [INFO] 
============================================================
2026-03-09 23:00:12,621 [INFO] [13/33] 템페스트 (TEMPEST)
2026-03-09 23:00:12,621 [INFO] ============================================================
2026-03-09 23:00:26,063 [WARNING]   프로필 불일치: 기대=tpstofficial_ 실제=(없음), 재시도 1...
2026-03-09 23:00:43,629 [INFO]   프로필: 팔로우 | 팔로워 1,558,000 | 좋아요 65,149,000
2026-03-09 23:00:43,629 [INFO]   그리드 비디오: 6개 (조회수: [201000, 162000, 517000])
2026-03-09 23:01:16,615 [WARNING] ADB timeout: input tap 400 640
2026-03-09 23:02:22,253 [WARNING] ADB timeout: uiautomator dump /data/local/tmp/ui.xml
2026-03-09 23:02:23,264 [WARNING]   비디오 페이지 미진입, 재시도...
2026-03-09 23:03:37,284 [WARNING] ADB timeout: input tap 135 618
2026-03-09 23:04:20,819 [WARNING] ADB timeout: input tap 400 640
2026-03-09 23:05:32,524 [WARNING] ADB timeout: uiautomator dump /data/local/tmp/ui.xml
2026-03-09 23:05:33,281 [WARNING]   비디오 페이지 2차 실패, 프로필만 저장
2026-03-09 23:05:33,295 [WARNING]   → 스킵: 새 0개 < 기존 1개 (기존 유지)
2026-03-09 23:05:36,296 [INFO] 
============================================================
2026-03-09 23:05:36,296 [INFO] [14/33] 펜타곤 (PENTAGON)
2026-03-09 23:05:36,297 [INFO] ============================================================
2026-03-09 23:06:02,372 [WARNING]   프로필 불일치: 기대=official_ptg 실제=(없음), 재시도 1...
2026-03-09 23:06:34,549 [WARNING] ADB timeout: input keyevent 4
2026-03-09 23:07:16,463 [WARNING] ADB timeout: uiautomator dump /data/local/tmp/ui.xml
2026-03-09 23:07:16,853 [WARNING]   프로필 불일치: 기대=official_ptg 실제=(없음), 재시도 2...
2026-03-09 23:07:51,361 [WARNING] ADB timeout: input keyevent 4
2026-03-09 23:08:35,230 [WARNING] ADB timeout: uiautomator dump /data/local/tmp/ui.xml
2026-03-09 23:08:35,765 [ERROR]   프로필 불일치 해소 실패: 기대=official_ptg 실제=(없음)
2026-03-09 23:08:35,765 [WARNING]   UI 노드 부족 (0), 재시도...
2026-03-09 23:09:24,083 [WARNING] ADB timeout: uiautomator dump /data/local/tmp/ui.xml
2026-03-09 23:09:25,179 [WARNING]   프로필 불일치: 기대=official_ptg 실제=(없음), 재시도 1...
2026-03-09 23:10:36,389 [WARNING] ADB timeout: input keyevent 4
2026-03-09 23:11:10,177 [ERROR]   프로필 불일치 해소 실패: 기대=official_ptg 실제=(없음)
2026-03-09 23:11:10,178 [INFO]   프로필:  | 팔로워 0 | 좋아요 0
2026-03-09 23:11:10,178 [WARNING]   그리드 비디오 없음, 재시도 1/4 (3초 대기)...
2026-03-09 23:11:28,434 [INFO]   그리드 재시도 1에서 발견: 3개
2026-03-09 23:11:28,434 [INFO]   그리드 비디오: 3개 (조회수: [203000, 997000, 1443000])
2026-03-09 23:12:17,035 [WARNING]   비디오 페이지 미진입, 재시도...
2026-03-09 23:12:39,707 [INFO]   [1] 좋아요:37,000 댓글:554 저장:1,400 공유:548 날짜:2026-02-16 | 유니버스와 함께 영원히 ‘빛나리’&#128153;✨&#10;…자세히
2026-03-09 23:12:58,383 [INFO]   연속 중복 2회 — 피드 끝
2026-03-09 23:13:04,224 [WARNING]   → 스킵: 새 1개 < 기존 3개 (기존 유지)
2026-03-09 23:13:07,225 [INFO] 
============================================================
2026-03-09 23:13:07,225 [INFO] [15/33] 이펙스 (EPEX)
2026-03-09 23:13:07,225 [INFO] ============================================================
2026-03-09 23:13:22,144 [WARNING]   프로필 불일치: 기대=epex.official 실제=(없음), 재시도 1...
2026-03-09 23:13:46,719 [INFO]   프로필: 팔로우 | 팔로워 1,781,000 | 좋아요 50,700,000
2026-03-09 23:13:46,719 [INFO]   그리드 비디오: 6개 (조회수: [35828000, 29301000, 12000])
2026-03-09 23:14:42,084 [WARNING] ADB timeout: uiautomator dump /data/local/tmp/ui.xml
2026-03-09 23:14:42,513 [WARNING]   비디오 페이지 미진입, 재시도...
2026-03-09 23:15:16,996 [INFO]   [1] 2025-02-04 — 30일 이전, 중단
2026-03-09 23:15:29,011 [INFO]   → 저장: 0개 게시물 (기존 0개)
2026-03-09 23:15:32,012 [INFO] 
============================================================
2026-03-09 23:15:32,013 [INFO] [16/33] 크래비티 (CRAVITY)
2026-03-09 23:15:32,013 [INFO] ============================================================
2026-03-09 23:15:50,434 [WARNING]   프로필 불일치: 기대=cravityofficial 실제=(없음), 재시도 1...
2026-03-09 23:16:31,503 [WARNING]   프로필 불일치: 기대=cravityofficial 실제=(없음), 재시도 2...
2026-03-09 23:17:25,742 [ERROR]   프로필 불일치 해소 실패: 기대=cravityofficial 실제=(없음)
2026-03-09 23:17:25,742 [WARNING]   UI 노드 부족 (0), 재시도...
2026-03-09 23:17:35,674 [WARNING]   프로필 불일치: 기대=cravityofficial 실제=(없음), 재시도 1...
2026-03-09 23:18:06,028 [ERROR]   프로필 불일치 해소 실패: 기대=cravityofficial 실제=(없음)
2026-03-09 23:18:06,028 [INFO]   프로필:  | 팔로워 0 | 좋아요 0
2026-03-09 23:18:06,028 [WARNING]   그리드 비디오 없음, 재시도 1/4 (3초 대기)...
2026-03-09 23:18:27,116 [INFO]   그리드 재시도 1에서 발견: 6개
2026-03-09 23:18:27,117 [INFO]   그리드 비디오: 6개 (조회수: [137000, 102000, 135000])
2026-03-09 23:19:14,504 [WARNING] ADB timeout: uiautomator dump /data/local/tmp/ui.xml
2026-03-09 23:19:15,922 [WARNING]   비디오 페이지 미진입, 재시도...
2026-03-09 23:20:00,548 [INFO]   [1] 2025-11-10 — 30일 이전, 중단
2026-03-09 23:20:13,383 [INFO]   → 저장: 0개 게시물 (기존 0개)
2026-03-09 23:20:16,384 [INFO] 
============================================================
2026-03-09 23:20:16,384 [INFO] [17/33] 원어스 (ONEUS)
2026-03-09 23:20:16,385 [INFO] ============================================================
2026-03-09 23:20:39,676 [WARNING]   프로필 불일치: 기대=bwave_oneus 실제=(없음), 재시도 1...
2026-03-09 23:21:22,817 [WARNING]   프로필 불일치: 기대=bwave_oneus 실제=(없음), 재시도 2...
2026-03-09 23:22:06,671 [ERROR]   프로필 불일치 해소 실패: 기대=bwave_oneus 실제=(없음)
2026-03-09 23:22:06,671 [WARNING]   UI 노드 부족 (0), 재시도...
2026-03-09 23:22:19,150 [WARNING]   프로필 불일치: 기대=bwave_oneus 실제=(없음), 재시도 1...
2026-03-09 23:22:41,705 [ERROR]   프로필 불일치 해소 실패: 기대=bwave_oneus 실제=(없음)
2026-03-09 23:22:41,706 [INFO]   프로필:  | 팔로워 0 | 좋아요 0
2026-03-09 23:22:41,706 [WARNING]   그리드 비디오 없음, 재시도 1/4 (3초 대기)...
2026-03-09 23:22:57,178 [INFO]   그리드 재시도 1에서 발견: 6개
2026-03-09 23:22:57,178 [INFO]   그리드 비디오: 6개 (조회수: [34000, 46000, 40000])
2026-03-09 23:24:13,715 [WARNING] ADB timeout: uiautomator dump /data/local/tmp/ui.xml
2026-03-09 23:24:14,491 [WARNING]   비디오 페이지 미진입, 재시도...
2026-03-09 23:24:52,570 [WARNING]   비디오 페이지 2차 실패, 프로필만 저장
2026-03-09 23:24:52,585 [WARNING]   → 스킵: 새 0개 < 기존 3개 (기존 유지)
2026-03-09 23:24:55,585 [INFO] 
============================================================
2026-03-09 23:24:55,586 [INFO] [18/33] 에잇턴 (8TURN)
2026-03-09 23:24:55,586 [INFO] ============================================================
2026-03-09 23:25:35,887 [WARNING] ADB timeout: uiautomator dump /data/local/tmp/ui.xml
2026-03-09 23:25:36,801 [WARNING]   프로필 불일치: 기대=8turn_official 실제=(없음), 재시도 1...
2026-03-09 23:26:28,371 [WARNING]   프로필 불일치: 기대=8turn_official 실제=(없음), 재시도 2...
2026-03-09 23:27:04,376 [WARNING] ADB timeout: input keyevent 4
2026-03-09 23:27:34,975 [ERROR]   프로필 불일치 해소 실패: 기대=8turn_official 실제=(없음)
2026-03-09 23:27:34,975 [WARNING]   UI 노드 부족 (0), 재시도...
2026-03-09 23:28:03,994 [WARNING]   프로필 불일치: 기대=8turn_official 실제=(없음), 재시도 1...
2026-03-09 23:29:08,866 [WARNING] ADB timeout: uiautomator dump /data/local/tmp/ui.xml
2026-03-09 23:29:09,378 [ERROR]   프로필 불일치 해소 실패: 기대=8turn_official 실제=(없음)
2026-03-09 23:29:09,378 [INFO]   프로필:  | 팔로워 0 | 좋아요 0
2026-03-09 23:29:09,379 [WARNING]   그리드 비디오 없음, 재시도 1/4 (3초 대기)...
2026-03-09 23:29:42,344 [WARNING] ADB timeout: input swipe 400 896 400 640 200
2026-03-09 23:30:11,134 [WARNING]   그리드 비디오 없음, 재시도 2/4 (5초 대기)...
2026-03-09 23:30:39,781 [INFO]   그리드 재시도 2에서 발견: 3개
2026-03-09 23:30:39,782 [INFO]   그리드 비디오: 3개 (조회수: [94000, 7633, 18000])
2026-03-09 23:31:52,130 [WARNING] ADB timeout: uiautomator dump /data/local/tmp/ui.xml
2026-03-09 23:31:53,583 [WARNING]   비디오 페이지 미진입, 재시도...
2026-03-09 23:33:48,246 [WARNING] ADB timeout: input tap 135 727
2026-03-09 23:34:48,937 [INFO]   [1] 2026-01-28 — 30일 이전, 중단
2026-03-09 23:35:02,159 [INFO]   → 저장: 0개 게시물 (기존 0개)
2026-03-09 23:35:05,160 [INFO] 
============================================================
2026-03-09 23:35:05,161 [INFO] [19/33] 씨아이엑스 (CIX)
2026-03-09 23:35:05,161 [INFO] ============================================================
2026-03-09 23:35:08,561 [WARNING]   TikTok이 포그라운드 아님 (mCurrentFocus=null
  mCurrentF), 복귀...
2026-03-09 23:35:54,434 [WARNING]   프로필 불일치: 기대=cix_official 실제=(없음), 재시도 1...
2026-03-09 23:36:44,964 [WARNING]   프로필 불일치: 기대=cix_official 실제=(없음), 재시도 2...
2026-03-09 23:37:41,319 [WARNING] ADB timeout: uiautomator dump /data/local/tmp/ui.xml
2026-03-09 23:37:41,545 [ERROR]   프로필 불일치 해소 실패: 기대=cix_official 실제=(없음)
2026-03-09 23:37:41,546 [WARNING]   UI 노드 부족 (0), 재시도...
2026-03-09 23:38:00,432 [INFO]   프로필: 팔로우 | 팔로워 1,174,000 | 좋아요 22,722,000
2026-03-09 23:38:00,433 [INFO]   그리드 비디오: 6개 (조회수: [47000, 36000, 36000])
2026-03-09 23:39:05,235 [WARNING] ADB timeout: uiautomator dump /data/local/tmp/ui.xml
2026-03-09 23:39:05,994 [WARNING]   비디오 페이지 미진입, 재시도...
2026-03-09 23:42:07,794 [WARNING] ADB timeout: input tap 135 618
2026-03-09 23:42:35,024 [INFO]   [1] 2025-12-25 — 30일 이전, 중단
2026-03-09 23:42:43,128 [INFO]   → 저장: 0개 게시물 (기존 0개)
2026-03-09 23:42:46,129 [INFO] 
============================================================
2026-03-09 23:42:46,129 [INFO] [20/33] 더뉴식스 (THE NEW SIX)
2026-03-09 23:42:46,129 [INFO] ============================================================
2026-03-09 23:43:51,941 [WARNING] ADB timeout: uiautomator dump /data/local/tmp/ui.xml
2026-03-09 23:43:53,172 [WARNING]   프로필 불일치: 기대=officialtnx 실제=(없음), 재시도 1...
2026-03-09 23:46:30,475 [WARNING] ADB timeout: uiautomator dump /data/local/tmp/ui.xml
2026-03-09 23:46:30,950 [WARNING]   프로필 불일치: 기대=officialtnx 실제=(없음), 재시도 2...
2026-03-09 23:47:34,955 [WARNING] ADB timeout: input keyevent 4
2026-03-09 23:48:28,169 [WARNING] ADB timeout: uiautomator dump /data/local/tmp/ui.xml
2026-03-09 23:48:29,353 [ERROR]   프로필 불일치 해소 실패: 기대=officialtnx 실제=(없음)
2026-03-09 23:48:29,353 [WARNING]   UI 노드 부족 (0), 재시도...
2026-03-09 23:48:37,750 [INFO]   프로필: 팔로우 | 팔로워 1,388,000 | 좋아요 33,553,000
2026-03-09 23:48:37,751 [INFO]   그리드 비디오: 3개 (조회수: [31000, 3746000, 10000])
2026-03-09 23:51:59,048 [WARNING] ADB timeout: uiautomator dump /data/local/tmp/ui.xml
2026-03-09 23:52:18,416 [INFO]   [1] 2026-02-05 — 30일 이전, 중단
2026-03-09 23:52:30,993 [INFO]   → 저장: 0개 게시물 (기존 0개)
2026-03-09 23:52:33,994 [INFO] 
============================================================
2026-03-09 23:52:33,995 [INFO] [21/33] 유나이트 (YOUNITE)
2026-03-09 23:52:33,995 [INFO] ============================================================
2026-03-09 23:53:12,742 [WARNING]   프로필 불일치: 기대=younite_bnm 실제=(없음), 재시도 1...
2026-03-09 23:54:29,828 [WARNING] ADB timeout: uiautomator dump /data/local/tmp/ui.xml
2026-03-09 23:54:30,018 [WARNING]   프로필 불일치: 기대=younite_bnm 실제=(없음), 재시도 2...
2026-03-09 23:55:56,921 [WARNING] ADB timeout: uiautomator dump /data/local/tmp/ui.xml
2026-03-09 23:55:57,205 [ERROR]   프로필 불일치 해소 실패: 기대=younite_bnm 실제=(없음)
2026-03-09 23:55:57,205 [WARNING]   UI 노드 부족 (0), 재시도...
2026-03-09 23:56:05,162 [INFO]   프로필: 팔로우 | 팔로워 656,000 | 좋아요 21,307,000
2026-03-09 23:56:05,162 [INFO]   그리드 비디오: 3개 (조회수: [4147000, 9116000, 7250000])
2026-03-09 23:56:38,078 [WARNING] ADB timeout: input tap 400 640
2026-03-09 23:58:44,306 [WARNING] ADB timeout: uiautomator dump /data/local/tmp/ui.xml
2026-03-09 23:59:01,603 [INFO]   [1] 2024-06-16 — 30일 이전, 중단
2026-03-09 23:59:11,767 [INFO]   → 저장: 0개 게시물 (기존 0개)
2026-03-09 23:59:14,768 [INFO] 
============================================================
2026-03-09 23:59:14,769 [INFO] [22/33] 위아이 (WEi)
2026-03-09 23:59:14,769 [INFO] ============================================================
2026-03-10 00:00:04,119 [WARNING] ADB timeout: uiautomator dump /data/local/tmp/ui.xml
2026-03-10 00:00:05,094 [WARNING]   프로필 불일치: 기대=wei__official 실제=(없음), 재시도 1...
2026-03-10 00:01:00,195 [WARNING] ADB timeout: uiautomator dump /data/local/tmp/ui.xml
2026-03-10 00:01:01,429 [WARNING]   프로필 불일치: 기대=wei__official 실제=(없음), 재시도 2...
2026-03-10 00:02:35,320 [WARNING] ADB timeout: uiautomator dump /data/local/tmp/ui.xml
2026-03-10 00:02:35,948 [ERROR]   프로필 불일치 해소 실패: 기대=wei__official 실제=(없음)
2026-03-10 00:02:35,948 [WARNING]   UI 노드 부족 (0), 재시도...
2026-03-10 00:02:44,410 [INFO]   프로필: 팔로우 | 팔로워 2,475,000 | 좋아요 60,236,000
2026-03-10 00:02:44,411 [INFO]   그리드 비디오: 6개 (조회수: [21000, 71000, 49000])
2026-03-10 00:04:38,881 [WARNING] ADB timeout: uiautomator dump /data/local/tmp/ui.xml
2026-03-10 00:04:39,575 [WARNING]   비디오 페이지 미진입, 재시도...
2026-03-10 00:05:19,118 [INFO]   [1] 좋아요:5,066 댓글:77 저장:256 공유:0 날짜:2026-03-04 | 아웅다웅✊&#127995;&#10;…자세히
2026-03-10 00:05:55,193 [INFO]   연속 중복 2회 — 피드 끝
2026-03-10 00:06:05,497 [WARNING]   → 스킵: 새 1개 < 기존 3개 (기존 유지)
2026-03-10 00:06:08,497 [INFO] 
============================================================
2026-03-10 00:06:08,498 [INFO] [23/33] 미래소년 (MIRAE)
2026-03-10 00:06:08,498 [INFO] ============================================================
2026-03-10 00:06:37,401 [WARNING]   프로필 불일치: 기대=official_mirae 실제=(없음), 재시도 1...
2026-03-10 00:08:18,298 [WARNING] ADB timeout: uiautomator dump /data/local/tmp/ui.xml
2026-03-10 00:08:18,709 [WARNING]   프로필 불일치: 기대=official_mirae 실제=(없음), 재시도 2...
2026-03-10 00:09:14,262 [WARNING] ADB timeout: input keyevent 4
2026-03-10 00:10:53,670 [WARNING] ADB timeout: uiautomator dump /data/local/tmp/ui.xml
2026-03-10 00:10:54,583 [ERROR]   프로필 불일치 해소 실패: 기대=official_mirae 실제=(없음)
2026-03-10 00:10:54,583 [WARNING]   UI 노드 부족 (0), 재시도...
2026-03-10 00:12:51,853 [WARNING] ADB timeout: uiautomator dump /data/local/tmp/ui.xml
2026-03-10 00:12:53,423 [WARNING]   프로필 불일치: 기대=official_mirae 실제=(없음), 재시도 1...
2026-03-10 00:14:12,934 [WARNING] ADB timeout: input keyevent 4
2026-03-10 00:16:22,094 [WARNING] ADB timeout: uiautomator dump /data/local/tmp/ui.xml
2026-03-10 00:16:22,973 [ERROR]   프로필 불일치 해소 실패: 기대=official_mirae 실제=(없음)
2026-03-10 00:16:22,974 [INFO]   프로필:  | 팔로워 0 | 좋아요 0
2026-03-10 00:16:22,974 [WARNING]   그리드 비디오 없음, 재시도 1/4 (3초 대기)...
2026-03-10 00:17:33,159 [WARNING] ADB timeout: input swipe 400 896 400 640 200
2026-03-10 00:18:42,347 [WARNING] ADB timeout: uiautomator dump /data/local/tmp/ui.xml
2026-03-10 00:18:42,828 [WARNING]   그리드 비디오 없음, 재시도 2/4 (5초 대기)...
2026-03-10 00:19:12,494 [WARNING] ADB timeout: input swipe 400 896 400 640 200
2026-03-10 00:19:38,119 [INFO]   그리드 재시도 2에서 발견: 6개
2026-03-10 00:19:38,120 [INFO]   그리드 비디오: 6개 (조회수: [132000, 784000, 256000])
2026-03-10 00:20:23,197 [WARNING] ADB timeout: input tap 400 640
2026-03-10 00:22:09,502 [WARNING] ADB timeout: uiautomator dump /data/local/tmp/ui.xml
2026-03-10 00:22:09,728 [WARNING]   비디오 페이지 미진입, 재시도...
2026-03-10 00:22:45,909 [INFO]   [1] 2024-02-14 — 30일 이전, 중단
2026-03-10 00:22:56,147 [INFO]   → 저장: 0개 게시물 (기존 0개)
2026-03-10 00:22:59,147 [INFO] 
============================================================
2026-03-10 00:22:59,148 [INFO] [24/33] 싸이커스 (xikers)
2026-03-10 00:22:59,148 [INFO] ============================================================
2026-03-10 00:23:43,449 [WARNING] ADB timeout: uiautomator dump /data/local/tmp/ui.xml
2026-03-10 00:23:44,235 [WARNING]   프로필 불일치: 기대=xikers_official 실제=(없음), 재시도 1...
2026-03-10 00:24:10,994 [WARNING]   프로필 불일치: 기대=xikers_official 실제=(없음), 재시도 2...
2026-03-10 00:24:47,450 [ERROR]   프로필 불일치 해소 실패: 기대=xikers_official 실제=(없음)
2026-03-10 00:24:47,451 [WARNING]   UI 노드 부족 (0), 재시도...
2026-03-10 00:24:55,464 [INFO]   프로필: 팔로우 | 팔로워 1,450,000 | 좋아요 71,876,000
2026-03-10 00:24:55,464 [INFO]   그리드 비디오: 6개 (조회수: [577000, 31000, 57000])
2026-03-10 00:26:18,868 [WARNING] ADB timeout: uiautomator dump /data/local/tmp/ui.xml
2026-03-10 00:26:49,720 [INFO]   [1] 2025-10-31 — 30일 이전, 중단
2026-03-10 00:27:00,411 [INFO]   → 저장: 0개 게시물 (기존 0개)
2026-03-10 00:27:03,411 [INFO] 
============================================================
2026-03-10 00:27:03,412 [INFO] [25/33] 에이티비오 (ATBO)
2026-03-10 00:27:03,412 [INFO] ============================================================
2026-03-10 00:27:58,459 [WARNING] ADB timeout: uiautomator dump /data/local/tmp/ui.xml
2026-03-10 00:27:59,155 [WARNING]   프로필 불일치: 기대=atboground 실제=(없음), 재시도 1...
2026-03-10 00:29:19,996 [WARNING] ADB timeout: uiautomator dump /data/local/tmp/ui.xml
2026-03-10 00:29:20,409 [WARNING]   프로필 불일치: 기대=atboground 실제=(없음), 재시도 2...
2026-03-10 00:30:05,692 [WARNING] ADB timeout: uiautomator dump /data/local/tmp/ui.xml
2026-03-10 00:30:05,809 [INFO]   프로필: 팔로우 | 팔로워 726,000 | 좋아요 6,200,000
2026-03-10 00:30:05,809 [INFO]   그리드 비디오: 6개 (조회수: [79000, 134000, 31000])
2026-03-10 00:30:38,757 [WARNING] ADB timeout: input tap 400 640
2026-03-10 00:33:32,488 [WARNING] ADB timeout: uiautomator dump /data/local/tmp/ui.xml
2026-03-10 00:33:45,661 [INFO]   [1] 2025-07-07 — 30일 이전, 중단
2026-03-10 00:33:56,554 [INFO]   → 저장: 0개 게시물 (기존 0개)
2026-03-10 00:33:59,555 [INFO] 
============================================================
2026-03-10 00:33:59,555 [INFO] [26/33] 엘라스트 (E'LAST)
2026-03-10 00:33:59,555 [INFO] ============================================================
2026-03-10 00:35:16,045 [WARNING] ADB timeout: uiautomator dump /data/local/tmp/ui.xml
2026-03-10 00:35:16,490 [INFO]   프로필: 팔로우 | 팔로워 1,525,000 | 좋아요 27,073,000
2026-03-10 00:35:16,491 [INFO]   그리드 비디오: 6개 (조회수: [1376000, 622000, 911000])
2026-03-10 00:38:21,454 [WARNING] ADB timeout: uiautomator dump /data/local/tmp/ui.xml
2026-03-10 00:38:22,423 [WARNING]   비디오 페이지 미진입, 재시도...
2026-03-10 00:38:49,503 [WARNING] ADB timeout: input tap 135 618
2026-03-10 00:39:17,829 [INFO]   [1] 2025-09-28 — 30일 이전, 중단
2026-03-10 00:39:27,375 [INFO]   → 저장: 0개 게시물 (기존 0개)
2026-03-10 00:39:30,376 [INFO] 
============================================================
2026-03-10 00:39:30,376 [INFO] [27/33] 올아워즈 (ALL(H)OURS)
2026-03-10 00:39:30,376 [INFO] ============================================================
2026-03-10 00:41:37,764 [WARNING] ADB timeout: uiautomator dump /data/local/tmp/ui.xml
2026-03-10 00:41:38,600 [WARNING]   프로필 불일치: 기대=all_h_ours 실제=(없음), 재시도 1...
2026-03-10 00:43:32,953 [WARNING] ADB timeout: input keyevent 4
2026-03-10 00:46:36,443 [WARNING] ADB timeout: uiautomator dump /data/local/tmp/ui.xml
2026-03-10 00:46:36,954 [WARNING]   프로필 불일치: 기대=all_h_ours 실제=(없음), 재시도 2...
2026-03-10 00:48:12,771 [WARNING] ADB timeout: input keyevent 4
2026-03-10 00:50:25,375 [WARNING] ADB timeout: uiautomator dump /data/local/tmp/ui.xml
2026-03-10 00:50:28,986 [ERROR]   프로필 불일치 해소 실패: 기대=all_h_ours 실제=(없음)
2026-03-10 00:50:28,986 [WARNING]   UI 노드 부족 (0), 재시도...
2026-03-10 00:53:00,731 [WARNING] ADB timeout: uiautomator dump /data/local/tmp/ui.xml
2026-03-10 00:53:02,020 [WARNING]   프로필 불일치: 기대=all_h_ours 실제=(없음), 재시도 1...
2026-03-10 00:54:21,499 [WARNING] ADB timeout: uiautomator dump /data/local/tmp/ui.xml
2026-03-10 00:54:22,363 [ERROR]   프로필 불일치 해소 실패: 기대=all_h_ours 실제=(없음)
2026-03-10 00:54:22,363 [INFO]   프로필:  | 팔로워 0 | 좋아요 0
2026-03-10 00:54:22,364 [WARNING]   그리드 비디오 없음, 재시도 1/4 (3초 대기)...
2026-03-10 00:54:52,920 [INFO]   그리드 재시도 1에서 발견: 3개
2026-03-10 00:54:52,920 [INFO]   그리드 비디오: 3개 (조회수: [52000, 44000, 71000])
2026-03-10 00:57:03,406 [WARNING] ADB timeout: uiautomator dump /data/local/tmp/ui.xml
2026-03-10 00:57:16,666 [INFO]   [1] 2025-09-10 — 30일 이전, 중단
2026-03-10 00:57:26,546 [INFO]   → 저장: 0개 게시물 (기존 0개)
2026-03-10 00:57:29,547 [INFO] 
============================================================
2026-03-10 00:57:29,547 [INFO] [28/33] 트렌드지 (TRENDZ)
2026-03-10 00:57:29,547 [INFO] ============================================================
2026-03-10 00:58:45,347 [WARNING] ADB timeout: uiautomator dump /data/local/tmp/ui.xml
2026-03-10 00:58:45,989 [WARNING]   프로필 불일치: 기대=trendz_offcl 실제=(없음), 재시도 1...
2026-03-10 00:59:45,181 [WARNING] ADB timeout: input keyevent 4
2026-03-10 01:00:51,343 [WARNING] ADB timeout: uiautomator dump /data/local/tmp/ui.xml
2026-03-10 01:00:52,814 [WARNING]   프로필 불일치: 기대=trendz_offcl 실제=(없음), 재시도 2...
2026-03-10 01:01:23,361 [WARNING] ADB timeout: input keyevent 4
2026-03-10 01:02:37,158 [WARNING] ADB timeout: uiautomator dump /data/local/tmp/ui.xml
2026-03-10 01:02:37,310 [INFO]   프로필: 팔로우 | 팔로워 634,000 | 좋아요 14,885,000
2026-03-10 01:02:37,311 [INFO]   그리드 비디오: 3개 (조회수: [3575000, 4161000, 5795000])
2026-03-10 01:05:05,806 [WARNING] ADB timeout: uiautomator dump /data/local/tmp/ui.xml
2026-03-10 01:05:21,540 [INFO]   [1] 2023-10-21 — 30일 이전, 중단
2026-03-10 01:05:31,622 [INFO]   → 저장: 0개 게시물 (기존 0개)
2026-03-10 01:05:34,623 [INFO] 
============================================================
2026-03-10 01:05:34,624 [INFO] [29/33] 블리처스 (BLITZERS)
2026-03-10 01:05:34,624 [INFO] ============================================================
2026-03-10 01:07:37,361 [WARNING] ADB timeout: uiautomator dump /data/local/tmp/ui.xml
2026-03-10 01:07:38,679 [WARNING]   프로필 불일치: 기대=blitzers_official 실제=(없음), 재시도 1...
2026-03-10 01:08:09,114 [WARNING] ADB timeout: input keyevent 4
2026-03-10 01:09:43,282 [WARNING] ADB timeout: uiautomator dump /data/local/tmp/ui.xml
2026-03-10 01:09:45,461 [WARNING]   프로필 불일치: 기대=blitzers_official 실제=(없음), 재시도 2...
2026-03-10 01:11:01,418 [WARNING] ADB timeout: input keyevent 4
2026-03-10 01:12:03,036 [WARNING] ADB timeout: uiautomator dump /data/local/tmp/ui.xml
2026-03-10 01:12:03,165 [ERROR]   프로필 불일치 해소 실패: 기대=blitzers_official 실제=(없음)
2026-03-10 01:12:03,165 [WARNING]   UI 노드 부족 (0), 재시도...
2026-03-10 01:12:11,395 [INFO]   프로필: 팔로우 | 팔로워 1,273,000 | 좋아요 25,127,000
2026-03-10 01:12:11,396 [INFO]   그리드 비디오: 6개 (조회수: [36000, 76000, 98000])
2026-03-10 01:14:12,035 [WARNING] ADB timeout: input tap 400 640
2026-03-10 01:15:17,331 [WARNING] ADB timeout: uiautomator dump /data/local/tmp/ui.xml
2026-03-10 01:15:18,538 [WARNING]   비디오 페이지 미진입, 재시도...
2026-03-10 01:19:18,157 [WARNING] ADB timeout: input tap 135 618
2026-03-10 01:22:50,495 [WARNING] ADB timeout: input tap 400 640
2026-03-10 01:23:15,747 [WARNING]   비디오 페이지 2차 실패, 프로필만 저장
2026-03-10 01:23:15,760 [WARNING]   → 스킵: 새 0개 < 기존 3개 (기존 유지)
2026-03-10 01:23:18,760 [INFO] 
============================================================
2026-03-10 01:23:18,761 [INFO] [30/33] 엑스러브 (XLOV)
2026-03-10 01:23:18,761 [INFO] ============================================================
2026-03-10 01:25:05,942 [WARNING] ADB timeout: uiautomator dump /data/local/tmp/ui.xml
2026-03-10 01:25:07,389 [WARNING]   프로필 불일치: 기대=xlov_official 실제=(없음), 재시도 1...
2026-03-10 01:30:16,774 [WARNING] ADB timeout: uiautomator dump /data/local/tmp/ui.xml
2026-03-10 01:30:17,575 [INFO]   프로필: 팔로우 | 팔로워 2,472,000 | 좋아요 90,236,000
2026-03-10 01:30:17,576 [INFO]   그리드 비디오: 3개 (조회수: [316000, 3982000, 1753000])
2026-03-10 01:31:06,581 [WARNING] ADB timeout: input tap 135 722
2026-03-10 01:34:10,009 [WARNING] ADB timeout: input tap 400 640
2026-03-10 01:34:23,433 [INFO]   [1] 좋아요:124,000 댓글:1,176 저장:10,000 공유:3,353 날짜:2026-03-09 | &#127291;&#127294;&#127301;&#127284; &#1
2026-03-10 01:34:33,303 [INFO]   [2] 좋아요:855,000 댓글:7,081 저장:73,000 공유:23,000 날짜:2026-02-18 | 나의 ❷⓿번째 생일,,&#128155;&#10;…자세히
2026-03-10 01:34:42,448 [INFO]   [3] 좋아요:417,000 댓글:2,520 저장:40,000 공유:8,207 날짜:2026-02-15 | &#128048;&#129418;&#10;…자세히
2026-03-10 01:34:52,116 [INFO]   [4] 좋아요:385,000 댓글:3,893 저장:27,000 공유:14,000 날짜:2026-02-11 | @Cullen Neale &#10;&#119917;&#119946;&#1
2026-03-10 01:35:01,418 [INFO]   [5] 2026-02-05 — 30일 이전, 중단
2026-03-10 01:35:06,067 [INFO]   → 저장: 4개 게시물 (기존 2개)
2026-03-10 01:35:09,067 [INFO] 
============================================================
2026-03-10 01:35:09,068 [INFO] [31/33] 코르티스 (CORTIS)
2026-03-10 01:35:09,068 [INFO] ============================================================
2026-03-10 01:35:18,823 [INFO]   프로필: 팔로우 | 팔로워 9,780,000 | 좋아요 570,000,000
2026-03-10 01:35:18,824 [INFO]   그리드 비디오: 3개 (조회수: [2421000, 1134000, 2188000])
2026-03-10 01:35:55,431 [INFO]   [1] 좋아요:324,000 댓글:3,471 저장:21,000 공유:9,237 날짜:2026-03-09 | the OG 카디오 댄스 &#127939;‍♂️‍➡️#EPIKHIGH #
2026-03-10 01:36:04,817 [INFO]   [2] 좋아요:612,000 댓글:4,089 저장:39,000 공유:14,000 날짜:2026-03-09 | 올크크 vs. 영크크&#10;(이렇게 올려도 된다고 하셨어요 …자세히
2026-03-10 01:36:14,068 [INFO]   [3] 좋아요:280,000 댓글:2,968 저장:23,000 공유:8,677 날짜:2026-03-08 | 청담에서 쌩쌩&#10;…자세히
2026-03-10 01:36:23,518 [INFO]   [4] 좋아요:419,000 댓글:3,521 저장:31,000 공유:8,640 날짜:2026-03-08 | 
2026-03-10 01:36:33,093 [INFO]   [5] 좋아요:740,000 댓글:6,670 저장:48,000 공유:23,000 날짜:2026-03-08 | 
2026-03-10 01:36:44,673 [INFO]   [6] 좋아요:408,000 댓글:3,608 저장:29,000 공유:24,000 날짜:2026-03-07 | 영&#128293;&#128293; &#10;…자세히
2026-03-10 01:36:52,885 [INFO]   [7] 좋아요:702,000 댓글:5,403 저장:48,000 공유:21,000 날짜:2026-03-07 | created by KEONHO&#10;…자세히
2026-03-10 01:37:01,935 [INFO]   [8] 좋아요:1,605,000 댓글:17,000 저장:115,000 공유:88,000 날짜:2026-03-07 | we're gonna drop the album!&#128226;&#10
2026-03-10 01:37:12,952 [INFO]   [9] 좋아요:663,000 댓글:4,748 저장:44,000 공유:31,000 날짜:2026-03-06 | created by teenboi&#10;…자세히
2026-03-10 01:37:22,259 [INFO]   [10] 좋아요:654,000 댓글:4,061 저장:45,000 공유:95,000 날짜:2026-03-06 | created by 주훈&#10;…자세히
2026-03-10 01:37:31,628 [INFO]   [11] 좋아요:259,000 댓글:3,813 저장:26,000 공유:13,000 날짜:2026-03-05 | created by SEONGHYEON&#10;…자세히
2026-03-10 01:37:40,986 [INFO]   [12] 좋아요:1,021,000 댓글:7,402 저장:62,000 공유:51,000 날짜:2026-03-05 | created by 푸딩보이 &#10;…자세히
2026-03-10 01:37:50,408 [INFO]   [13] 좋아요:660,000 댓글:3,498 저장:43,000 공유:21,000 날짜:2026-03-05 | yeah yeah 걔네가 내 얘길 꺼낼 거야#CORTIS #코르티스 #G
2026-03-10 01:37:59,593 [INFO]   [14] 좋아요:746,000 댓글:4,538 저장:46,000 공유:25,000 날짜:2026-03-05 | 패스 해 &#127936; 레츠고#CORTIS #코르티스 #GOATmov
2026-03-10 01:38:09,089 [INFO]   [15] 좋아요:1,414,000 댓글:8,491 저장:85,000 공유:56,000 날짜:2026-03-04 | watch me watch me#CORTIS #코르티스
2026-03-10 01:38:17,822 [INFO]   [16] 좋아요:502,000 댓글:5,442 저장:38,000 공유:22,000 날짜:2026-03-04 | 3, 2, 1 시작!#CORTIS #코르티스
2026-03-10 01:38:27,051 [INFO]   [17] 좋아요:1,144,000 댓글:7,672 저장:76,000 공유:54,000 날짜:2026-03-03 | 냉담한 사람을 열정적으로 만들기#CORTIS #코르티스
2026-03-10 01:38:36,446 [INFO]   [18] 좋아요:740,000 댓글:7,610 저장:45,000 공유:29,000 날짜:2026-03-03 | 오늘 밤은 삐딱하게&#10;…자세히
2026-03-10 01:38:45,629 [INFO]   [19] 좋아요:2,057,000 댓글:15,000 저장:133,000 공유:170,000 날짜:2026-03-01 | 와와&#10;…자세히
2026-03-10 01:38:55,302 [INFO]   [20] 좋아요:3,097,000 댓글:20,000 저장:156,000 공유:174,000 날짜:2026-03-01 | 이거에 완전 빠졌어#CORTIS #코르티스
2026-03-10 01:39:04,402 [INFO]   [21] 좋아요:2,673,000 댓글:15,000 저장:162,000 공유:114,000 날짜:2026-02-28 | 다시 순찰 중#CORTIS #코르티스
2026-03-10 01:39:13,643 [INFO]   [22] 좋아요:597,000 댓글:4,416 저장:41,000 공유:16,000 날짜:2026-02-28 | i g&#128065;️ 영크크&#10;…자세히
2026-03-10 01:39:22,971 [INFO]   [23] 좋아요:759,000 댓글:10,000 저장:53,000 공유:44,000 날짜:2026-02-27 | how we dance&#10;…자세히
2026-03-10 01:39:32,454 [INFO]   [24] 좋아요:999,000 댓글:7,251 저장:66,000 공유:34,000 날짜:2026-02-27 | how we vibe#CORTIS #코르티스 #CORTIS_YOUNGCR
2026-03-10 01:39:41,866 [INFO]   [25] 좋아요:2,830,000 댓글:17,000 저장:207,000 공유:241,000 날짜:2026-02-26 | 내 cortis ball에 목소리가 있다면...#CORTIS #코르티스
2026-03-10 01:39:50,959 [INFO]   [26] 좋아요:458,000 댓글:7,167 저장:37,000 공유:13,000 날짜:2026-02-26 | when it’s roarball night&#10;&#127909; E
2026-03-10 01:40:00,184 [INFO]   [27] 좋아요:794,000 댓글:5,725 저장:54,000 공유:23,000 날짜:2026-02-25 | 다시 한번 해봐 &#127939;‍♂️‍➡️#CORTIS #코르티스 #C
2026-03-10 01:40:09,627 [INFO]   [28] 좋아요:1,129,000 댓글:5,599 저장:74,000 공유:43,000 날짜:2026-02-24 | 영ㅋㅋㅋㄹㅌㅅ&#10;…자세히
2026-03-10 01:40:18,889 [INFO]   [29] 좋아요:1,536,000 댓글:6,661 저장:99,000 공유:57,000 날짜:2026-02-24 | young twinskies crew#CORTIS #코르티스 #CORTI
2026-03-10 01:40:28,178 [INFO]   [30] 좋아요:904,000 댓글:4,265 저장:63,000 공유:29,000 날짜:2026-02-23 | 테판야끼 on my Mac &#128187;&#10;…자세히
2026-03-10 01:40:37,267 [INFO]   [31] 좋아요:1,473,000 댓글:10,000 저장:96,000 공유:63,000 날짜:2026-02-23 | 감튀남 &amp; 새깅맨&#10;…자세히
2026-03-10 01:40:46,791 [INFO]   [32] 좋아요:958,000 댓글:9,564 저장:63,000 공유:61,000 날짜:2026-02-22 | wanna ride?#CORTIS #코르티스
2026-03-10 01:40:56,106 [INFO]   [33] 좋아요:1,151,000 댓글:5,337 저장:63,000 공유:36,000 날짜:2026-02-21 | I go wangkeukeu&#10;…자세히
2026-03-10 01:41:05,588 [INFO]   [34] 좋아요:524,000 댓글:5,937 저장:39,000 공유:31,000 날짜:2026-02-21 | purrfect selfie#CORTIS #코르티스
2026-03-10 01:41:14,707 [INFO]   [35] 좋아요:911,000 댓글:4,100 저장:54,000 공유:25,000 날짜:2026-02-20 | 영크크 mode activated&#10;…자세히
2026-03-10 01:41:24,087 [INFO]   [36] 좋아요:466,000 댓글:3,913 저장:35,000 공유:16,000 날짜:2026-02-19 | 우연히 &#128031;&#128031;&#128031;&#128031;
2026-03-10 01:41:33,326 [INFO]   [37] 좋아요:450,000 댓글:3,201 저장:33,000 공유:14,000 날짜:2026-02-19 | chop chop babies#CORTIS #코르티스
2026-03-10 01:41:42,860 [INFO]   [38] 좋아요:849,000 댓글:5,414 저장:52,000 공유:22,000 날짜:2026-02-18 | YOUNGCREATORCREW (설날 ver.)&#10;…자세히
2026-03-10 01:41:51,936 [INFO]   [39] 좋아요:572,000 댓글:4,247 저장:45,000 공유:19,000 날짜:2026-02-18 | 설날 #오오티디&#10;…자세히
2026-03-10 01:42:01,241 [INFO]   [40] 좋아요:1,060,000 댓글:6,561 저장:73,000 공유:35,000 날짜:2026-02-17 | 영 크 크 &#128396;️&#10;…자세히
2026-03-10 01:42:10,745 [INFO]   [41] 좋아요:733,000 댓글:6,162 저장:49,000 공유:22,000 날짜:2026-02-17 | 코어 새해 복 많이 받아&#10;…자세히
2026-03-10 01:42:19,825 [INFO]   [42] 좋아요:578,000 댓글:4,996 저장:41,000 공유:18,000 날짜:2026-02-16 | '설날 연휴' 공식 예고편#CORTIS #코르티스
2026-03-10 01:42:29,147 [INFO]   [43] 좋아요:1,278,000 댓글:5,725 저장:85,000 공유:44,000 날짜:2026-02-16 | 영ᄒᄒ&#10;…자세히
2026-03-10 01:42:38,439 [INFO]   [44] 좋아요:1,240,000 댓글:6,389 저장:82,000 공유:37,000 날짜:2026-02-16 | 
2026-03-10 01:42:46,116 [INFO]   → 저장: 44개 게시물 (기존 1개)
2026-03-10 01:42:49,116 [INFO] 
============================================================
2026-03-10 01:42:49,117 [INFO] [32/33] 롱샷 (LNGSHOT)
2026-03-10 01:42:49,117 [INFO] ============================================================
2026-03-10 01:42:58,797 [INFO]   프로필: 팔로우 | 팔로워 2,502,000 | 좋아요 70,506,000
2026-03-10 01:42:58,797 [INFO]   그리드 비디오: 6개 (조회수: [525000, 1366000, 2850000])
2026-03-10 01:43:16,874 [INFO]   [1] 좋아요:96,000 댓글:1,148 저장:9,085 공유:2,473 날짜:2026-02-20 | 뮤직비디오 지금 공개됐습니다.&#10;…자세히
2026-03-10 01:43:26,578 [INFO]   [2] 2026-02-05 — 30일 이전, 중단
2026-03-10 01:43:30,809 [INFO]   → 저장: 1개 게시물 (기존 1개)
2026-03-10 01:43:33,810 [INFO] 
============================================================
2026-03-10 01:43:33,811 [INFO] [33/33] 마마무 (MAMAMOO)
2026-03-10 01:43:33,811 [INFO] ============================================================
2026-03-10 01:43:43,377 [INFO]   프로필: 팔로우 | 팔로워 4,379,000 | 좋아요 49,352,000
2026-03-10 01:43:43,378 [INFO]   그리드 비디오: 3개 (조회수: [3572, 8949, 5516])
2026-03-10 01:44:19,804 [INFO]   [1] 좋아요:1,475 댓글:23 저장:67 공유:16 날짜:2026-03-09 | [티저] Solar x는 다섯 사람에게 '당신 소유의 행성은 항상 있습니
2026-03-10 01:44:29,023 [INFO]   [2] 좋아요:661 댓글:13 저장:30 공유:8 날짜:2026-03-08 | [티저] Solar x는 다섯 사람에게 말했습니다 [항상 당신 소유의 행
2026-03-10 01:44:38,317 [INFO]   [3] 좋아요:2,638 댓글:27 저장:106 공유:31 날짜:2026-03-07 | [티저] Solar x는 다섯 사람에게 '당신 소유의 행성은 항상 있습니
2026-03-10 01:44:47,772 [INFO]   [4] 좋아요:3,419 댓글:56 저장:161 공유:74 날짜:2026-03-04 | 문별 (Moon Byul) 3rd Single [REV] 로고 모션
2026-03-10 01:45:02,530 [INFO]   [5] 좋아요:1,195 댓글:28 저장:56 공유:13 날짜:2026-03-04 | Solar x는 다섯 사람에게 말합니다 [항상 당신 소유의 행성이 있습니
2026-03-10 01:45:13,086 [INFO]   [6] 좋아요:1,237 댓글:40 저장:61 공유:14 날짜:2026-02-25 | [ ]&#10;…자세히
2026-03-10 01:45:22,592 [INFO]   [7] 좋아요:6,112 댓글:148 저장:226 공유:339 날짜:2026-02-20 | 3월 9일을 준비하세요 &#127932;&#128064;#마마무 #MAM
2026-03-10 01:45:32,536 [INFO]   [8] 2025-12-22 — 30일 이전, 중단
2026-03-10 01:45:36,938 [WARNING]   → 스킵: 새 7개 < 기존 44개 (기존 유지)
2026-03-10 01:45:36,938 [INFO] 
============================================================
2026-03-10 01:45:36,939 [INFO] 재크롤링 완료: 성공 26개, 스킵 7개
