2026-03-09 08:37:28,359 [INFO] 디바이스 연결 확인: RFCN30XWX8W (SM-A9080)
2026-03-09 08:37:28,441 [INFO] 재크롤링 시작: 1개 그룹
2026-03-09 08:37:28,442 [INFO] 
============================================================
2026-03-09 08:37:28,442 [INFO] [1/1] 마마무 (MAMAMOO)
2026-03-09 08:37:28,442 [INFO] ============================================================
2026-03-09 08:37:28,584 [INFO]   화면 OFF → 켜기
2026-03-09 08:37:41,058 [INFO]   프로필: mamamoo_official | 팔로워 4,400,000 | 좋아요 49,400,000
2026-03-09 08:37:41,059 [INFO]   그리드 비디오: 6개 (조회수: [7838, 5188, 13900])
2026-03-09 08:38:09,116 [INFO]   [1] 좋아요:0 댓글:0 저장:0 공유:0 날짜:2026-04-04 | #MAMAMOO Official TikTok.&#10;Solar, Moo
2026-03-09 08:38:27,836 [INFO]   [2] 좋아요:2,592 댓글:26 저장:0 공유:0 날짜:2026-03-07 | [TEASER] Solar x 告五人 '總有一顆屬於你的星球 (Your O
2026-03-09 08:38:32,852 [INFO]   [3] 좋아요:3,391 댓글:55 저장:0 공유:0 날짜:2026-03-04 | 문별 (Moon Byul) 3rd Single [REV] Logo Mot
2026-03-09 08:38:38,078 [INFO]   [4] 좋아요:1,182 댓글:28 저장:0 공유:0 날짜:2026-03-04 | Solar x 告五人 [總有一顆屬於你的星球 (Your Own Star)]
2026-03-09 08:38:43,538 [INFO]   [5] 좋아요:1,232 댓글:40 저장:0 공유:0 날짜: | [#솔라]&#10;…자세히
2026-03-09 08:38:48,329 [INFO]   [6] 좋아요:6,107 댓글:148 저장:0 공유:0 날짜: | Be Ready for March 9 &#127932;&#128064; 
2026-03-09 08:38:53,418 [INFO]   [7] 좋아요:3,120 댓글:66 저장:0 공유:0 날짜: | [Special] White (Cover by 문별)
2026-03-09 08:39:13,476 [INFO]   [8] 좋아요:1,919 댓글:30 저장:0 공유:0 날짜: | [문별] 문별 (Moon Byul) CONCERT TOUR [MUSEUM
2026-03-09 08:39:40,556 [INFO]   연속 중복 2회 — 피드 끝
2026-03-09 08:39:43,788 [INFO]   → 저장: 8개 게시물 (기존 1개)
2026-03-09 08:39:43,789 [INFO] 
============================================================
2026-03-09 08:39:43,789 [INFO] 재크롤링 완료: 성공 1개, 스킵 0개
